Component: ARM Compiler 5.06 update 6 (build 750) Tool: armlink [4d35ed]

==============================================================================

Section Cross References

    main.o(i.Application) refers to timer_init.o(i.Timer_init) for Timer_init
    main.o(i.Application) refers to task_init.o(i.Task_init) for Task_init
    main.o(i.Application) refers to semaphore_init.o(i.Semaphore_init) for Semaphore_init
    main.o(i.Application) refers to thread.o(i.rt_thread_delete) for rt_thread_delete
    main.o(i.Application) refers to main.o(.data) for .data
    main.o(i.main) refers to thread.o(i.rt_thread_create) for rt_thread_create
    main.o(i.main) refers to thread.o(i.rt_thread_startup) for rt_thread_startup
    main.o(i.main) refers to main.o(i.Application) for Application
    main.o(i.main) refers to main.o(.data) for .data
    stm32f10x_it.o(i.ADC1_2_IRQHandler) refers to irq.o(i.rt_interrupt_enter) for rt_interrupt_enter
    stm32f10x_it.o(i.ADC1_2_IRQHandler) refers to stm32f10x_adc.o(i.ADC_GetITStatus) for ADC_GetITStatus
    stm32f10x_it.o(i.ADC1_2_IRQHandler) refers to stm32f10x_adc.o(i.ADC_GetConversionValue) for ADC_GetConversionValue
    stm32f10x_it.o(i.ADC1_2_IRQHandler) refers to stm32f10x_adc.o(i.ADC_ClearITPendingBit) for ADC_ClearITPendingBit
    stm32f10x_it.o(i.ADC1_2_IRQHandler) refers to irq.o(i.rt_interrupt_leave) for rt_interrupt_leave
    stm32f10x_it.o(i.ADC1_2_IRQHandler) refers to all_duty_dispose.o(.data) for ADC_ConvertedValue
    stm32f10x_it.o(i.USB_LP_CAN1_RX0_IRQHandler) refers to irq.o(i.rt_interrupt_enter) for rt_interrupt_enter
    stm32f10x_it.o(i.USB_LP_CAN1_RX0_IRQHandler) refers to stm32f10x_can.o(i.CAN_GetITStatus) for CAN_GetITStatus
    stm32f10x_it.o(i.USB_LP_CAN1_RX0_IRQHandler) refers to stm32f10x_can.o(i.CAN_Receive) for CAN_Receive
    stm32f10x_it.o(i.USB_LP_CAN1_RX0_IRQHandler) refers to kservice.o(i.rt_kprintf) for rt_kprintf
    stm32f10x_it.o(i.USB_LP_CAN1_RX0_IRQHandler) refers to stm32f10x_can.o(i.CAN_ClearITPendingBit) for CAN_ClearITPendingBit
    stm32f10x_it.o(i.USB_LP_CAN1_RX0_IRQHandler) refers to irq.o(i.rt_interrupt_leave) for rt_interrupt_leave
    stm32f10x_it.o(i.USB_LP_CAN1_RX0_IRQHandler) refers to task_init.o(.bss) for RxMessage
    task_init.o(i.ADC_Task) refers to all_duty_dispose.o(i.ADC_Task_Dispose) for ADC_Task_Dispose
    task_init.o(i.ADC_Task) refers to thread.o(i.rt_thread_delay) for rt_thread_delay
    task_init.o(i.ADC_Task) refers to ipc.o(i.rt_sem_take) for rt_sem_take
    task_init.o(i.ADC_Task) refers to semaphore_init.o(.data) for Blood_Pressure_Calibration_Sem
    task_init.o(i.CAN_Task) refers to bsp_can.o(i.Init_RxMes) for Init_RxMes
    task_init.o(i.CAN_Task) refers to all_duty_dispose.o(i.CAN_Task_Dispose) for CAN_Task_Dispose
    task_init.o(i.CAN_Task) refers to thread.o(i.rt_thread_delay) for rt_thread_delay
    task_init.o(i.CAN_Task) refers to task_init.o(.bss) for .bss
    task_init.o(i.Dispose_Task) refers to all_duty_dispose.o(i.General_Dispose) for General_Dispose
    task_init.o(i.Dispose_Task) refers to thread.o(i.rt_thread_delay) for rt_thread_delay
    task_init.o(i.I2C_Task) refers to ipc.o(i.rt_sem_take) for rt_sem_take
    task_init.o(i.I2C_Task) refers to thread.o(i.rt_thread_delay) for rt_thread_delay
    task_init.o(i.I2C_Task) refers to semaphore_init.o(.data) for Sem1_Hanle
    task_init.o(i.Task_init) refers to thread.o(i.rt_thread_create) for rt_thread_create
    task_init.o(i.Task_init) refers to thread.o(i.rt_thread_startup) for rt_thread_startup
    task_init.o(i.Task_init) refers to task_init.o(i.CAN_Task) for CAN_Task
    task_init.o(i.Task_init) refers to task_init.o(.data) for .data
    task_init.o(i.Task_init) refers to task_init.o(i.I2C_Task) for I2C_Task
    task_init.o(i.Task_init) refers to task_init.o(i.ADC_Task) for ADC_Task
    task_init.o(i.Task_init) refers to task_init.o(i.Dispose_Task) for Dispose_Task
    timer_init.o(i.Timer_init) refers to timer.o(i.rt_timer_create) for rt_timer_create
    timer_init.o(i.Timer_init) refers to timer.o(i.rt_timer_start) for rt_timer_start
    timer_init.o(i.Timer_init) refers to timer_init.o(i.swtmr1_callback) for swtmr1_callback
    timer_init.o(i.Timer_init) refers to timer_init.o(.data) for .data
    timer_init.o(i.Timer_init) refers to timer_init.o(i.swtmr2_callback) for swtmr2_callback
    timer_init.o(i.swtmr1_callback) refers to ipc.o(i.rt_sem_release) for rt_sem_release
    timer_init.o(i.swtmr1_callback) refers to semaphore_init.o(.data) for Blood_Pressure_Calibration_Sem
    timer_init.o(i.swtmr2_callback) refers to ipc.o(i.rt_sem_release) for rt_sem_release
    timer_init.o(i.swtmr2_callback) refers to semaphore_init.o(.data) for Sem1_Hanle
    semaphore_init.o(i.Semaphore_init) refers to ipc.o(i.rt_sem_create) for rt_sem_create
    semaphore_init.o(i.Semaphore_init) refers to semaphore_init.o(.data) for .data
    all_duty_dispose.o(i.ADC_DataToSend) refers to bsp_i2c_ee.o(i.ee_ReadBytes) for ee_ReadBytes
[...]
    i.GPIO_ReadInputDataBit                  0x08001720   Section        0  stm32f10x_gpio.o(i.GPIO_ReadInputDataBit)
    i.GPIO_ResetBits                         0x0800172e   Section        0  stm32f10x_gpio.o(i.GPIO_ResetBits)
    i.GPIO_SetBits                           0x08001732   Section        0  stm32f10x_gpio.o(i.GPIO_SetBits)
    i.General_Dispose                        0x08001738   Section        0  all_duty_dispose.o(i.General_Dispose)
    i.I2C_Task                               0x08001754   Section        0  task_init.o(i.I2C_Task)
    i.Init_RxMes                             0x08001770   Section        0  bsp_can.o(i.Init_RxMes)
    i.Inquire_Pressure                       0x0800178c   Section        0  all_duty_dispose.o(i.Inquire_Pressure)
    i.Is_LeftOrRight                         0x08001790   Section        0  general_gpio.o(i.Is_LeftOrRight)
    i.NVIC_Init                              0x080017ac   Section        0  misc.o(i.NVIC_Init)
    i.NVIC_PriorityGroupConfig               0x08001810   Section        0  misc.o(i.NVIC_PriorityGroupConfig)
    i.Pulse_BounceIndex                      0x08001824   Section        0  all_duty_dispose.o(i.Pulse_BounceIndex)
    i.Pulse_Bounce_Dispose                   0x08001884   Section        0  all_duty_dispose.o(i.Pulse_Bounce_Dispose)
    i.Pulse_Bounce_IO                        0x08001924   Section        0  general_gpio.o(i.Pulse_Bounce_IO)
    i.Pulse_Bounce_OneShot                   0x08001988   Section        0  all_duty_dispose.o(i.Pulse_Bounce_OneShot)
    i.RCC_ADCCLKConfig                       0x080019c4   Section        0  stm32f10x_rcc.o(i.RCC_ADCCLKConfig)
    i.RCC_APB1PeriphClockCmd                 0x080019d8   Section        0  stm32f10x_rcc.o(i.RCC_APB1PeriphClockCmd)
    i.RCC_APB1PeriphResetCmd                 0x080019f4   Section        0  stm32f10x_rcc.o(i.RCC_APB1PeriphResetCmd)
    i.RCC_APB2PeriphClockCmd                 0x08001a10   Section        0  stm32f10x_rcc.o(i.RCC_APB2PeriphClockCmd)
    i.RCC_GetClocksFreq                      0x08001a2c   Section        0  stm32f10x_rcc.o(i.RCC_GetClocksFreq)
    i.Semaphore_init                         0x08001ad8   Section        0  semaphore_init.o(i.Semaphore_init)
    i.SetSysClock                            0x08001b24   Section        0  system_stm32f10x.o(i.SetSysClock)
    SetSysClock                              0x08001b25   Thumb Code     4  system_stm32f10x.o(i.SetSysClock)
    i.SetSysClockTo72                        0x08001b28   Section        0  system_stm32f10x.o(i.SetSysClockTo72)
    SetSysClockTo72                          0x08001b29   Thumb Code   166  system_stm32f10x.o(i.SetSysClockTo72)
    i.SysTick_Handler                        0x08001bd8   Section        0  board.o(i.SysTick_Handler)
    i.SystemCoreClockUpdate                  0x08001bec   Section        0  system_stm32f10x.o(i.SystemCoreClockUpdate)
    i.SystemInit                             0x08001c68   Section        0  system_stm32f10x.o(i.SystemInit)
    i.Task_init                              0x08001cb8   Section        0  task_init.o(i.Task_init)
    i.Timer_init                             0x08001d78   Section        0  timer_init.o(i.Timer_init)
    i.USART_Cmd                              0x08001dd8   Section        0  stm32f10x_usart.o(i.USART_Cmd)
    i.USART_Config                           0x08001df0   Section        0  bsp_usart.o(i.USART_Config)
    i.USART_GetFlagStatus                    0x08001e74   Section        0  stm32f10x_usart.o(i.USART_GetFlagStatus)
    i.USART_Init                             0x08001e84   Section        0  stm32f10x_usart.o(i.USART_Init)
    i.USART_SendData                         0x08001f40   Section        0  stm32f10x_usart.o(i.USART_SendData)
    i.USB_LP_CAN1_RX0_IRQHandler             0x08001f48   Section        0  stm32f10x_it.o(i.USB_LP_CAN1_RX0_IRQHandler)
    i._SysTick_Config                        0x08001f98   Section        0  board.o(i._SysTick_Config)
    _SysTick_Config                          0x08001f99   Thumb Code    36  board.o(i._SysTick_Config)
    i.__0printf                              0x08001fc0   Section        0  printfa.o(i.__0printf)
    i.__rt_ffs                               0x08001fe0   Section        0  kservice.o(i.__rt_ffs)
    i.__scatterload_copy                     0x08002028   Section       14  handlers.o(i.__scatterload_copy)
    i.__scatterload_null                     0x08002036   Section        2  handlers.o(i.__scatterload_null)
    i.__scatterload_zeroinit                 0x08002038   Section       14  handlers.o(i.__scatterload_zeroinit)
    i._fp_digits                             0x08002048   Section        0  printfa.o(i._fp_digits)
    _fp_digits                               0x08002049   Thumb Code   366  printfa.o(i._fp_digits)
    i._has_defunct_thread                    0x080021cc   Section        0  idle.o(i._has_defunct_thread)
    _has_defunct_thread                      0x080021cd   Thumb Code    16  idle.o(i._has_defunct_thread)
    i._printf_core                           0x080021e0   Section        0  printfa.o(i._printf_core)
    _printf_core                             0x080021e1   Thumb Code  1744  printfa.o(i._printf_core)
    i._printf_post_padding                   0x080028bc   Section        0  printfa.o(i._printf_post_padding)
    _printf_post_padding                     0x080028bd   Thumb Code    36  printfa.o(i._printf_post_padding)
    i._printf_pre_padding                    0x080028e0   Section        0  printfa.o(i._printf_pre_padding)
    _printf_pre_padding                      0x080028e1   Thumb Code    46  printfa.o(i._printf_pre_padding)
    i._rt_thread_init                        0x08002910   Section        0  thread.o(i._rt_thread_init)
    _rt_thread_init                          0x08002911   Thumb Code   110  thread.o(i._rt_thread_init)
    i._rt_timer_init                         0x08002988   Section        0  timer.o(i._rt_timer_init)
    _rt_timer_init                           0x08002989   Thumb Code    38  timer.o(i._rt_timer_init)
    i._rt_timer_remove                       0x080029ae   Section        0  timer.o(i._rt_timer_remove)
    _rt_timer_remove                         0x080029af   Thumb Code    34  timer.o(i._rt_timer_remove)
    i.ee_ReadBytes                           0x080029d0   Section        0  bsp_i2c_ee.o(i.ee_ReadBytes)
    i.ee_WriteBytes                          0x08002a3a   Section        0  bsp_i2c_ee.o(i.ee_WriteBytes)
    i.fputc                                  0x08002aac   Section        0  bsp_usart.o(i.fputc)
    i.i2c_Ack                                0x08002ad0   Section        0  bsp_i2c_gpio.o(i.i2c_Ack)
    i.i2c_CfgGpio                            0x08002b08   Section        0  bsp_i2c_gpio.o(i.i2c_CfgGpio)
    i2c_CfgGpio                              0x08002b09   Thumb Code    42  bsp_i2c_gpio.o(i.i2c_CfgGpio)
    i.i2c_CheckDevice                        0x08002b38   Section        0  bsp_i2c_gpio.o(i.i2c_CheckDevice)
    i.i2c_Delay                              0x08002b58   Section        0  bsp_i2c_gpio.o(i.i2c_Delay)
    i2c_Delay                                0x08002b59   Thumb Code    12  bsp_i2c_gpio.o(i.i2c_Delay)
    i.i2c_NAck                               0x08002b64   Section        0  bsp_i2c_gpio.o(i.i2c_NAck)
    i.i2c_ReadByte                           0x08002b94   Section        0  bsp_i2c_gpio.o(i.i2c_ReadByte)
    i.i2c_SendByte                           0x08002bd8   Section        0  bsp_i2c_gpio.o(i.i2c_SendByte)
    i.i2c_Start                              0x08002c30   Section        0  bsp_i2c_gpio.o(i.i2c_Start)
    i.i2c_Stop                               0x08002c68   Section        0  bsp_i2c_gpio.o(i.i2c_Stop)
    i.i2c_WaitAck                            0x08002c90   Section        0  bsp_i2c_gpio.o(i.i2c_WaitAck)
    i.main                                   0x08002cd0   Section        0  main.o(i.main)
    i.main_thread_entry                      0x08002d08   Section        0  components.o(i.main_thread_entry)
    i.plug_holes                             0x08002d18   Section        0  mem.o(i.plug_holes)
    plug_holes                               0x08002d19   Thumb Code    80  mem.o(i.plug_holes)
    i.print_number                           0x08002d6c   Section        0  kservice.o(i.print_number)
    print_number                             0x08002d6d   Thumb Code   304  kservice.o(i.print_number)
    i.rt_application_init                    0x08002ea0   Section        0  components.o(i.rt_application_init)
    i.rt_components_board_init               0x08002ecc   Section        0  components.o(i.rt_components_board_init)
    i.rt_components_init                     0x08002ee8   Section        0  components.o(i.rt_components_init)
    i.rt_enter_critical                      0x08002f04   Section        0  scheduler.o(i.rt_enter_critical)
    i.rt_exit_critical                       0x08002f20   Section        0  scheduler.o(i.rt_exit_critical)
    i.rt_free                                0x08002f58   Section        0  mem.o(i.rt_free)
    i.rt_heap_begin_get                      0x0800301c   Section        0  board.o(i.rt_heap_begin_get)
    i.rt_heap_end_get                        0x08003024   Section        0  board.o(i.rt_heap_end_get)
    i.rt_hw_board_init                       0x0800302c   Section        0  board.o(i.rt_hw_board_init)
    i.rt_hw_console_output                   0x08003074   Section        0  board.o(i.rt_hw_console_output)
    i.rt_hw_hard_fault_exception             0x080030c0   Section        0  cpuport.o(i.rt_hw_hard_fault_exception)
    i.rt_hw_stack_init                       0x080032b4   Section        0  cpuport.o(i.rt_hw_stack_init)
    i.rt_interrupt_enter                     0x080032f0   Section        0  irq.o(i.rt_interrupt_enter)
    i.rt_interrupt_leave                     0x0800330c   Section        0  irq.o(i.rt_interrupt_leave)
    i.rt_ipc_list_suspend                    0x08003328   Section        0  ipc.o(i.rt_ipc_list_suspend)
    rt_ipc_list_suspend                      0x08003329   Thumb Code    92  ipc.o(i.rt_ipc_list_suspend)
    i.rt_kprintf                             0x08003384   Section        0  kservice.o(i.rt_kprintf)
    i.rt_list_insert_after                   0x080033a8   Section        0  object.o(i.rt_list_insert_after)
    rt_list_insert_after                     0x080033a9   Thumb Code    14  object.o(i.rt_list_insert_after)
    i.rt_list_insert_after                   0x080033b6   Section        0  thread.o(i.rt_list_insert_after)
    rt_list_insert_after                     0x080033b7   Thumb Code    14  thread.o(i.rt_list_insert_after)
    i.rt_list_insert_after                   0x080033c4   Section        0  timer.o(i.rt_list_insert_after)
    rt_list_insert_after                     0x080033c5   Thumb Code    14  timer.o(i.rt_list_insert_after)
    i.rt_list_insert_before                  0x080033d2   Section        0  ipc.o(i.rt_list_insert_before)
    rt_list_insert_before                    0x080033d3   Thumb Code    14  ipc.o(i.rt_list_insert_before)
    i.rt_list_isempty                        0x080033e0   Section        0  ipc.o(i.rt_list_isempty)
    rt_list_isempty                          0x080033e1   Thumb Code    14  ipc.o(i.rt_list_isempty)
    i.rt_list_isempty                        0x080033ee   Section        0  timer.o(i.rt_list_isempty)
    rt_list_isempty                          0x080033ef   Thumb Code    14  timer.o(i.rt_list_isempty)
    i.rt_list_remove                         0x080033fc   Section        0  object.o(i.rt_list_remove)
    rt_list_remove                           0x080033fd   Thumb Code    18  object.o(i.rt_list_remove)
    i.rt_list_remove                         0x0800340e   Section        0  thread.o(i.rt_list_remove)
    rt_list_remove                           0x0800340f   Thumb Code    18  thread.o(i.rt_list_remove)
    i.rt_malloc                              0x08003420   Section        0  mem.o(i.rt_malloc)
    i.rt_memset                              0x08003524   Section        0  kservice.o(i.rt_memset)
    i.rt_object_allocate                     0x0800356a   Section        0  object.o(i.rt_object_allocate)
    i.rt_object_delete                       0x080035be   Section        0  object.o(i.rt_object_delete)
    i.rt_object_detach                       0x080035e4   Section        0  object.o(i.rt_object_detach)
    i.rt_object_get_information              0x08003604   Section        0  object.o(i.rt_object_get_information)
    i.rt_object_init                         0x08003628   Section        0  object.o(i.rt_object_init)
    i.rt_object_is_systemobject              0x08003678   Section        0  object.o(i.rt_object_is_systemobject)
    i.rt_schedule                            0x08003688   Section        0  scheduler.o(i.rt_schedule)
    i.rt_schedule_insert_thread              0x080036e8   Section        0  scheduler.o(i.rt_schedule_insert_thread)
    i.rt_schedule_remove_thread              0x08003734   Section        0  scheduler.o(i.rt_schedule_remove_thread)
    i.rt_sem_create                          0x08003788   Section        0  ipc.o(i.rt_sem_create)
    i.rt_sem_init                            0x080037a8   Section        0  ipc.o(i.rt_sem_init)
    i.rt_sem_release                         0x080037ce   Section        0  ipc.o(i.rt_sem_release)
    i.rt_sem_take                            0x0800380a   Section        0  ipc.o(i.rt_sem_take)
    i.rt_show_version                        0x08003878   Section        0  kservice.o(i.rt_show_version)
    i.rt_strlen                              0x08003928   Section        0  kservice.o(i.rt_strlen)
    i.rt_strncpy                             0x08003938   Section        0  kservice.o(i.rt_strncpy)
    i.rt_system_heap_init                    0x08003960   Section        0  mem.o(i.rt_system_heap_init)
    i.rt_system_scheduler_init               0x08003a10   Section        0  scheduler.o(i.rt_system_scheduler_init)
    i.rt_system_scheduler_start              0x08003a44   Section        0  scheduler.o(i.rt_system_scheduler_start)
    i.rt_system_timer_init                   0x08003a6c   Section        0  timer.o(i.rt_system_timer_init)
    i.rt_system_timer_thread_init            0x08003a84   Section        0  timer.o(i.rt_system_timer_thread_init)
    i.rt_thread_create                       0x08003a86   Section        0  thread.o(i.rt_thread_create)
    i.rt_thread_delay                        0x08003ad2   Section        0  thread.o(i.rt_thread_delay)
    i.rt_thread_delete                       0x08003ad8   Section        0  thread.o(i.rt_thread_delete)
    i.rt_thread_exit                         0x08003b18   Section        0  thread.o(i.rt_thread_exit)
    i.rt_thread_idle_entry                   0x08003b70   Section        0  idle.o(i.rt_thread_idle_entry)
    rt_thread_idle_entry                     0x08003b71   Thumb Code     6  idle.o(i.rt_thread_idle_entry)
    i.rt_thread_idle_excute                  0x08003b78   Section        0  idle.o(i.rt_thread_idle_excute)
    i.rt_thread_idle_init                    0x08003bf8   Section        0  idle.o(i.rt_thread_idle_init)
    i.rt_thread_init                         0x08003c38   Section        0  thread.o(i.rt_thread_init)
    i.rt_thread_resume                       0x08003c70   Section        0  thread.o(i.rt_thread_resume)
    i.rt_thread_self                         0x08003cac   Section        0  thread.o(i.rt_thread_self)
    i.rt_thread_sleep                        0x08003cb8   Section        0  thread.o(i.rt_thread_sleep)
    i.rt_thread_startup                      0x08003cf8   Section        0  thread.o(i.rt_thread_startup)
    i.rt_thread_suspend                      0x08003d1e   Section        0  thread.o(i.rt_thread_suspend)
    i.rt_thread_timeout                      0x08003d60   Section        0  thread.o(i.rt_thread_timeout)
    i.rt_thread_yield                        0x08003d80   Section        0  thread.o(i.rt_thread_yield)
    i.rt_tick_get                            0x08003de0   Section        0  clock.o(i.rt_tick_get)
    i.rt_tick_increase                       0x08003dec   Section        0  clock.o(i.rt_tick_increase)
    i.rt_timer_check                         0x08003e18   Section        0  timer.o(i.rt_timer_check)
    i.rt_timer_control                       0x08003e84   Section        0  timer.o(i.rt_timer_control)
    i.rt_timer_create                        0x08003eb8   Section        0  timer.o(i.rt_timer_create)
    i.rt_timer_detach                        0x08003ee8   Section        0  timer.o(i.rt_timer_detach)
    i.rt_timer_init                          0x08003f08   Section        0  timer.o(i.rt_timer_init)
    i.rt_timer_start                         0x08003f34   Section        0  timer.o(i.rt_timer_start)
    i.rt_timer_stop                          0x08004008   Section        0  timer.o(i.rt_timer_stop)
    i.rt_vsnprintf                           0x08004038   Section        0  kservice.o(i.rt_vsnprintf)
    i.rti_board_end                          0x080042d0   Section        0  components.o(i.rti_board_end)
    rti_board_end                            0x080042d1   Thumb Code     4  components.o(i.rti_board_end)
    i.rti_board_start                        0x080042d4   Section        0  components.o(i.rti_board_start)
    rti_board_start                          0x080042d5   Thumb Code     4  components.o(i.rti_board_start)
    i.rti_end                                0x080042d8   Section        0  components.o(i.rti_end)
    rti_end                                  0x080042d9   Thumb Code     4  components.o(i.rti_end)
    i.rti_start                              0x080042dc   Section        0  components.o(i.rti_start)
    rti_start                                0x080042dd   Thumb Code     4  components.o(i.rti_start)
    i.rtthread_startup                       0x080042e0   Section        0  components.o(i.rtthread_startup)
    i.skip_atoi                              0x0800430a   Section        0  kservice.o(i.skip_atoi)
    skip_atoi                                0x0800430b   Thumb Code    40  kservice.o(i.skip_atoi)
    i.swtmr1_callback                        0x08004334   Section        0  timer_init.o(i.swtmr1_callback)
    swtmr1_callback                          0x08004335   Thumb Code     8  timer_init.o(i.swtmr1_callback)
    i.swtmr2_callback                        0x08004340   Section        0  timer_init.o(i.swtmr2_callback)
    swtmr2_callback                          0x08004341   Thumb Code     8  timer_init.o(i.swtmr2_callback)
    .constdata                               0x0800434c   Section       28  all_duty_dispose.o(.constdata)
    .constdata                               0x08004368   Section      290  kservice.o(.constdata)
    small_digits                             0x08004468   Data          17  kservice.o(.constdata)
    large_digits                             0x08004479   Data          17  kservice.o(.constdata)
    .rti_fn.0                                0x0800448c   Section        4  components.o(.rti_fn.0)
    __tagsym$$used                           0x0800448c   Number         0  components.o(.rti_fn.0)
    .rti_fn.0.end                            0x08004490   Section        4  components.o(.rti_fn.0.end)
    __tagsym$$used                           0x08004490   Number         0  components.o(.rti_fn.0.end)
    .rti_fn.1.end                            0x08004494   Section        4  components.o(.rti_fn.1.end)
    __tagsym$$used                           0x08004494   Number         0  components.o(.rti_fn.1.end)
    .rti_fn.6.end                            0x08004498   Section        4  components.o(.rti_fn.6.end)
    __tagsym$$used                           0x08004498   Number         0  components.o(.rti_fn.6.end)
    .data                                    0x20000000   Section        4  main.o(.data)
    App_Handle                               0x20000000   Data           4  main.o(.data)
    .data                                    0x20000004   Section       16  task_init.o(.data)
    CAN_Handle                               0x20000004   Data           4  task_init.o(.data)
    I2C_Handle                               0x20000008   Data           4  task_init.o(.data)
    ADC_Handle                               0x2000000c   Data           4  task_init.o(.data)
    DISPOSE_Handle                           0x20000010   Data           4  task_init.o(.data)
    .data                                    0x20000014   Section        8  timer_init.o(.data)
    swtmr1                                   0x20000014   Data           4  timer_init.o(.data)
    swtmr2                                   0x20000018   Data           4  timer_init.o(.data)
    .data                                    0x2000001c   Section        8  semaphore_init.o(.data)
    .data                                    0x20000024   Section       12  all_duty_dispose.o(.data)
    data                                     0x2000002c   Data           4  all_duty_dispose.o(.data)
    .data                                    0x20000030   Section       20  stm32f10x_rcc.o(.data)
    ADCPrescTable                            0x20000030   Data           4  stm32f10x_rcc.o(.data)
    APBAHBPrescTable                         0x20000034   Data          16  stm32f10x_rcc.o(.data)
    .data                                    0x20000044   Section       20  system_stm32f10x.o(.data)
    .data                                    0x20000058   Section        4  cpuport.o(.data)
    rt_exception_hook                        0x20000058   Data           4  cpuport.o(.data)
    .data                                    0x2000005c   Section        4  cpuport.o(.data)
    .data                                    0x20000060   Section        4  cpuport.o(.data)
    .data                                    0x20000064   Section        4  cpuport.o(.data)
    .data                                    0x20000068   Section        4  clock.o(.data)
    rt_tick                                  0x20000068   Data           4  clock.o(.data)
    .data                                    0x2000006c   Section        1  irq.o(.data)
    .data                                    0x20000070   Section       24  mem.o(.data)
    heap_ptr                                 0x20000070   Data           4  mem.o(.data)
    heap_end                                 0x20000074   Data           4  mem.o(.data)
    lfree                                    0x20000078   Data           4  mem.o(.data)
    mem_size_aligned                         0x2000007c   Data           4  mem.o(.data)
    used_mem                                 0x20000080   Data           4  mem.o(.data)
    max_mem                                  0x20000084   Data           4  mem.o(.data)
    .data                                    0x20000088   Section       80  object.o(.data)
    rt_object_container                      0x20000088   Data          80  object.o(.data)
    .data                                    0x200000d8   Section       20  scheduler.o(.data)
    rt_scheduler_lock_nest                   0x200000da   Data           2  scheduler.o(.data)
    .data                                    0x200000ec   Section       12  timer.o(.data)
    random_nr                                0x200000ec   Data           4  timer.o(.data)
    rt_timer_list                            0x200000f0   Data           8  timer.o(.data)
    .data                                    0x200000f8   Section        4  stdout.o(.data)
    .bss                                     0x200000fc   Section       20  task_init.o(.bss)
    .bss                                     0x20000110   Section       20  task_init.o(.bss)
    .bss                                     0x20000124   Section      112  all_duty_dispose.o(.bss)
    .bss                                     0x20000194   Section      384  idle.o(.bss)
    idle                                     0x20000194   Data         128  idle.o(.bss)
    rt_thread_stack                          0x20000214   Data         256  idle.o(.bss)
    .bss                                     0x20000314   Section      128  kservice.o(.bss)
    rt_log_buf                               0x20000314   Data         128  kservice.o(.bss)
    .bss                                     0x20000394   Section       32  mem.o(.bss)
    heap_sem                                 0x20000394   Data          32  mem.o(.bss)
    .bss                                     0x200003b4   Section       64  scheduler.o(.bss)
    .bss                                     0x200003f4   Section     8192  board.o(.bss)
    rt_heap                                  0x200003f4   Data        8192  board.o(.bss)
    STACK                                    0x200023f8   Section     4096  startup_stm32f10x_md.o(STACK)

    Global Symbols

    Symbol Name                              Value     Ov Type        Size  Object(Section)

    BuildAttributes$$THM_ISAv4$P$D$K$B$S$PE$A:L22UL41UL21$X:L11$S22US41US21$IEEE1$IW$USESV6$~STKCKD$USESV7$~SHL$OTIME$ROPI$EBA8$MICROLIB$REQ8$PRES8$EABIv2 0x00000000   Number         0  anon$$obj.o ABSOLUTE
    __ARM_use_no_argv                        0x00000000   Number         0  main.o ABSOLUTE
    _printf_a                                0x00000000   Number         0  stubs.o ABSOLUTE
    _printf_c                                0x00000000   Number         0  stubs.o ABSOLUTE
    _printf_charcount                        0x00000000   Number         0  stubs.o ABSOLUTE
    _printf_d                                0x00000000   Number         0  stubs.o ABSOLUTE
    _printf_e                                0x00000000   Number         0  stubs.o ABSOLUTE
    _printf_f                                0x00000000   Number         0  stubs.o ABSOLUTE
    _printf_flags                            0x00000000   Number         0  stubs.o ABSOLUTE
    _printf_fp_dec                           0x00000000   Number         0  stubs.o ABSOLUTE
    _printf_fp_hex                           0x00000000   Number         0  stubs.o ABSOLUTE
    _printf_g                                0x00000000   Number         0  stubs.o ABSOLUTE
    _printf_i                                0x00000000   Number         0  stubs.o ABSOLUTE
    _printf_int_dec                          0x00000000   Number         0  stubs.o ABSOLUTE
    _printf_l                                0x00000000   Number         0  stubs.o ABSOLUTE
    _printf_lc                               0x00000000   Number         0  stubs.o ABSOLUTE
    _printf_ll                               0x00000000   Number         0  stubs.o ABSOLUTE
    _printf_lld                              0x00000000   Number         0  stubs.o ABSOLUTE
    _printf_lli                              0x00000000   Number         0  stubs.o ABSOLUTE
    _printf_llo                              0x00000000   Number         0  stubs.o ABSOLUTE
    _printf_llu                              0x00000000   Number         0  stubs.o ABSOLUTE
    _printf_llx                              0x00000000   Number         0  stubs.o ABSOLUTE
    _printf_longlong_dec                     0x00000000   Number         0  stubs.o ABSOLUTE
    _printf_longlong_hex                     0x00000000   Number         0  stubs.o ABSOLUTE
    _printf_longlong_oct                     0x00000000   Number         0  stubs.o ABSOLUTE
    _printf_ls                               0x00000000   Number         0  stubs.o ABSOLUTE
    _printf_mbtowc                           0x00000000   Number         0  stubs.o ABSOLUTE
    _printf_n                                0x00000000   Number         0  stubs.o ABSOLUTE
    _printf_o                                0x00000000   Number         0  stubs.o ABSOLUTE
    _printf_p                                0x00000000   Number         0  stubs.o ABSOLUTE
    _printf_percent                          0x00000000   Number         0  stubs.o ABSOLUTE
    _printf_pre_padding                      0x00000000   Number         0  stubs.o ABSOLUTE
    _printf_return_value                     0x00000000   Number         0  stubs.o ABSOLUTE
    _printf_s                                0x00000000   Number         0  stubs.o ABSOLUTE
    _printf_sizespec                         0x00000000   Number         0  stubs.o ABSOLUTE
    _printf_str                              0x00000000   Number         0  stubs.o ABSOLUTE
    _printf_truncate_signed                  0x00000000   Number         0  stubs.o ABSOLUTE
    _printf_truncate_unsigned                0x00000000   Number         0  stubs.o ABSOLUTE
    _printf_u                                0x00000000   Number         0  stubs.o ABSOLUTE
    _printf_wc                               0x00000000   Number         0  stubs.o ABSOLUTE
    _printf_wctomb                           0x00000000   Number         0  stubs.o ABSOLUTE
    _printf_widthprec                        0x00000000   Number         0  stubs.o ABSOLUTE
    _printf_x                                0x00000000   Number         0  stubs.o ABSOLUTE
    __cpp_initialize__aeabi_                  - Undefined Weak Reference
    __cxa_finalize                            - Undefined Weak Reference
    __decompress                              - Undefined Weak Reference
    _clock_init                               - Undefined Weak Reference
    _microlib_exit                            - Undefined Weak Reference
    __Vectors_Size                           0x000000ec   Number         0  startup_stm32f10x_md.o ABSOLUTE
    __Vectors                                0x08000000   Data           4  startup_stm32f10x_md.o(RESET)
    __Vectors_End                            0x080000ec   Data           0  startup_stm32f10x_md.o(RESET)
    __main                                   0x080000ed   Thumb Code     0  entry.o(.ARM.Collect$$$$00000000)
    _main_stk                                0x080000ed   Thumb Code     0  entry2.o(.ARM.Collect$$$$00000001)
    _main_scatterload                        0x080000f1   Thumb Code     0  entry5.o(.ARM.Collect$$$$00000004)
    __main_after_scatterload                 0x080000f5   Thumb Code     0  entry5.o(.ARM.Collect$$$$00000004)
    _main_clock                              0x080000f5   Thumb Code     0  entry7b.o(.ARM.Collect$$$$00000008)
    _main_cpp_init                           0x080000f5   Thumb Code     0  entry8b.o(.ARM.Collect$$$$0000000A)
    _main_init                               0x080000f5   Thumb Code     0  entry9a.o(.ARM.Collect$$$$0000000B)
    __rt_final_cpp                           0x080000fd   Thumb Code     0  entry10a.o(.ARM.Collect$$$$0000000D)
    __rt_final_exit                          0x080000fd   Thumb Code     0  entry11a.o(.ARM.Collect$$$$0000000F)
    Reset_Handler                            0x08000101   Thumb Code     8  startup_stm32f10x_md.o(.text)
    NMI_Handler                              0x08000109   Thumb Code     2  startup_stm32f10x_md.o(.text)
    MemManage_Handler                        0x0800010d   Thumb Code     2  startup_stm32f10x_md.o(.text)
    BusFault_Handler                         0x0800010f   Thumb Code     2  startup_stm32f10x_md.o(.text)
    UsageFault_Handler                       0x08000111   Thumb Code     2  startup_stm32f10x_md.o(.text)
    SVC_Handler                              0x08000113   Thumb Code     2  startup_stm32f10x_md.o(.text)
    DebugMon_Handler                         0x08000115   Thumb Code     2  startup_stm32f10x_md.o(.text)
    CAN1_RX1_IRQHandler                      0x0800011b   Thumb Code     0  startup_stm32f10x_md.o(.text)
    CAN1_SCE_IRQHandler                      0x0800011b   Thumb Code     0  startup_stm32f10x_md.o(.text)
    DMA1_Channel1_IRQHandler                 0x0800011b   Thumb Code     0  startup_stm32f10x_md.o(.text)
    DMA1_Channel2_IRQHandler                 0x0800011b   Thumb Code     0  startup_stm32f10x_md.o(.text)
    DMA1_Channel3_IRQHandler                 0x0800011b   Thumb Code     0  startup_stm32f10x_md.o(.text)
    DMA1_Channel4_IRQHandler                 0x0800011b   Thumb Code     0  startup_stm32f10x_md.o(.text)
    DMA1_Channel5_IRQHandler                 0x0800011b   Thumb Code     0  startup_stm32f10x_md.o(.text)
    DMA1_Channel6_IRQHandler                 0x0800011b   Thumb Code     0  startup_stm32f10x_md.o(.text)
    DMA1_Channel7_IRQHandler                 0x0800011b   Thumb Code     0  startup_stm32f10x_md.o(.text)
    EXTI0_IRQHandler                         0x0800011b   Thumb Code     0  startup_stm32f10x_md.o(.text)
    EXTI15_10_IRQHandler                     0x0800011b   Thumb Code     0  startup_stm32f10x_md.o(.text)
    EXTI1_IRQHandler                         0x0800011b   Thumb Code     0  startup_stm32f10x_md.o(.text)
    EXTI2_IRQHandler                         0x0800011b   Thumb Code     0  startup_stm32f10x_md.o(.text)
    EXTI3_IRQHandler                         0x0800011b   Thumb Code     0  startup_stm32f10x_md.o(.text)
    EXTI4_IRQHandler                         0x0800011b   Thumb Code     0  startup_stm32f10x_md.o(.text)
    EXTI9_5_IRQHandler                       0x0800011b   Thumb Code     0  startup_stm32f10x_md.o(.text)
    FLASH_IRQHandler                         0x0800011b   Thumb Code     0  startup_stm32f10x_md.o(.text)
    I2C1_ER_IRQHandler                       0x0800011b   Thumb Code     0  startup_stm32f10x_md.o(.text)
    I2C1_EV_IRQHandler                       0x0800011b   Thumb Code     0  startup_stm32f10x_md.o(.text)
    I2C2_ER_IRQHandler                       0x0800011b   Thumb Code     0  startup_stm32f10x_md.o(.text)
    I2C2_EV_IRQHandler                       0x0800011b   Thumb Code     0  startup_stm32f10x_md.o(.text)
    PVD_IRQHandler                           0x0800011b   Thumb Code     0  startup_stm32f10x_md.o(.text)
    RCC_IRQHandler                           0x0800011b   Thumb Code     0  startup_stm32f10x_md.o(.text)
    RTCAlarm_IRQHandler                      0x0800011b   Thumb Code     0  startup_stm32f10x_md.o(.text)
    RTC_IRQHandler                           0x0800011b   Thumb Code     0  startup_stm32f10x_md.o(.text)
    SPI1_IRQHandler                          0x0800011b   Thumb Code     0  startup_stm32f10x_md.o(.text)
    SPI2_IRQHandler                          0x0800011b   Thumb Code     0  startup_stm32f10x_md.o(.text)
    TAMPER_IRQHandler                        0x0800011b   Thumb Code     0  startup_stm32f10x_md.o(.text)
    TIM1_BRK_IRQHandler                      0x0800011b   Thumb Code     0  startup_stm32f10x_md.o(.text)
    TIM1_CC_IRQHandler                       0x0800011b   Thumb Code     0  startup_stm32f10x_md.o(.text)
    TIM1_TRG_COM_IRQHandler                  0x0800011b   Thumb Code     0  startup_stm32f10x_md.o(.text)
    TIM1_UP_IRQHandler                       0x0800011b   Thumb Code     0  startup_stm32f10x_md.o(.text)
    TIM2_IRQHandler                          0x0800011b   Thumb Code     0  startup_stm32f10x_md.o(.text)
    TIM3_IRQHandler                          0x0800011b   Thumb Code     0  startup_stm32f10x_md.o(.text)
    TIM4_IRQHandler                          0x0800011b   Thumb Code     0  startup_stm32f10x_md.o(.text)
    USART1_IRQHandler                        0x0800011b   Thumb Code     0  startup_stm32f10x_md.o(.text)
    USART2_IRQHandler                        0x0800011b   Thumb Code     0  startup_stm32f10x_md.o(.text)
    USART3_IRQHandler                        0x0800011b   Thumb Code     0  startup_stm32f10x_md.o(.text)
    USBWakeUp_IRQHandler                     0x0800011b   Thumb Code     0  startup_stm32f10x_md.o(.text)
    USB_HP_CAN1_TX_IRQHandler                0x0800011b   Thumb Code     0  startup_stm32f10x_md.o(.text)
    WWDG_IRQHandler                          0x0800011b   Thumb Code     0  startup_stm32f10x_md.o(.text)
    rt_hw_interrupt_disable                  0x08000125   Thumb Code     8  context_rvds.o(.text)
    rt_hw_interrupt_enable                   0x0800012d   Thumb Code     6  context_rvds.o(.text)
    rt_hw_context_switch                     0x08000133   Thumb Code    32  context_rvds.o(.text)
    rt_hw_context_switch_interrupt           0x08000133   Thumb Code     0  context_rvds.o(.text)
    PendSV_Handler                           0x08000153   Thumb Code    60  context_rvds.o(.text)
    rt_hw_context_switch_to                  0x0800018f   Thumb Code    58  context_rvds.o(.text)
    rt_hw_interrupt_thread_switch            0x080001c9   Thumb Code     2  context_rvds.o(.text)
    HardFault_Handler                        0x080001cb   Thumb Code    52  context_rvds.o(.text)
    __aeabi_fmul                             0x08000219   Thumb Code   100  fmul.o(.text)
    __aeabi_fdiv                             0x0800027d   Thumb Code   124  fdiv.o(.text)
    __aeabi_i2f                              0x080002f9   Thumb Code    18  fflti.o(.text)
    __aeabi_f2iz                             0x0800030b   Thumb Code    50  ffixi.o(.text)
    __aeabi_f2d                              0x0800033d   Thumb Code    38  f2d.o(.text)
    __aeabi_uidiv                            0x08000363   Thumb Code     0  uidiv.o(.text)
    __aeabi_uidivmod                         0x08000363   Thumb Code    44  uidiv.o(.text)
    __aeabi_uldivmod                         0x0800038f   Thumb Code    98  uldiv.o(.text)
    __I$use$fp                               0x080003f1   Thumb Code     0  iusefp.o(.text)
    _float_round                             0x080003f1   Thumb Code    18  fepilogue.o(.text)
    _float_epilogue                          0x08000403   Thumb Code    92  fepilogue.o(.text)
    __aeabi_dadd                             0x0800045f   Thumb Code   322  dadd.o(.text)
    __aeabi_dsub                             0x080005a1   Thumb Code     6  dadd.o(.text)
    __aeabi_drsub                            0x080005a7   Thumb Code     6  dadd.o(.text)
    __aeabi_dmul                             0x080005ad   Thumb Code   228  dmul.o(.text)
    __aeabi_ddiv                             0x08000691   Thumb Code   222  ddiv.o(.text)
    __aeabi_d2ulz                            0x0800076f   Thumb Code    48  dfixul.o(.text)
    __aeabi_cdrcmple                         0x080007a1   Thumb Code    48  cdrcmple.o(.text)
    __scatterload                            0x080007d1   Thumb Code    28  init.o(.text)
    __scatterload_rt2                        0x080007d1   Thumb Code     0  init.o(.text)
    __aeabi_llsl                             0x080007f5   Thumb Code    30  llshl.o(.text)
    _ll_shift_l                              0x080007f5   Thumb Code     0  llshl.o(.text)
    __aeabi_llsr                             0x08000813   Thumb Code    32  llushr.o(.text)
    _ll_ushift_r                             0x08000813   Thumb Code     0  llushr.o(.text)
    __aeabi_lasr                             0x08000833   Thumb Code    36  llsshr.o(.text)
    _ll_sshift_r                             0x08000833   Thumb Code     0  llsshr.o(.text)
    _double_round                            0x08000857   Thumb Code    30  depilogue.o(.text)
    _double_epilogue                         0x08000875   Thumb Code   156  depilogue.o(.text)
    main                                     0x08000911   Thumb Code    10  components.o(i.$Sub$$main)
    ADC1_2_IRQHandler                        0x0800091d   Thumb Code    48  stm32f10x_it.o(i.ADC1_2_IRQHandler)
    ADC_ClearITPendingBit                    0x08000955   Thumb Code     8  stm32f10x_adc.o(i.ADC_ClearITPendingBit)
    ADC_Cmd                                  0x0800095d   Thumb Code    24  stm32f10x_adc.o(i.ADC_Cmd)
    ADC_DataToSend                           0x08000975   Thumb Code   290  all_duty_dispose.o(i.ADC_DataToSend)
    ADC_GetCalibrationStatus                 0x08000add   Thumb Code    14  stm32f10x_adc.o(i.ADC_GetCalibrationStatus)
    ADC_GetConversionValue                   0x08000aeb   Thumb Code     6  stm32f10x_adc.o(i.ADC_GetConversionValue)
    ADC_GetITStatus                          0x08000af1   Thumb Code    28  stm32f10x_adc.o(i.ADC_GetITStatus)
    ADC_GetResetCalibrationStatus            0x08000b0d   Thumb Code    14  stm32f10x_adc.o(i.ADC_GetResetCalibrationStatus)
    ADC_ITConfig                             0x08000b1b   Thumb Code    22  stm32f10x_adc.o(i.ADC_ITConfig)
    ADC_Init                                 0x08000b31   Thumb Code    62  stm32f10x_adc.o(i.ADC_Init)
    ADC_RegularChannelConfig                 0x08000b97   Thumb Code   116  stm32f10x_adc.o(i.ADC_RegularChannelConfig)
    ADC_ResetCalibration                     0x08000c0b   Thumb Code    10  stm32f10x_adc.o(i.ADC_ResetCalibration)
    ADC_SoftwareStartConvCmd                 0x08000c15   Thumb Code    24  stm32f10x_adc.o(i.ADC_SoftwareStartConvCmd)
    ADC_StartCalibration                     0x08000c2d   Thumb Code    10  stm32f10x_adc.o(i.ADC_StartCalibration)
    ADC_Task                                 0x08000c39   Thumb Code    32  task_init.o(i.ADC_Task)
    ADC_Task_Dispose                         0x08000c5d   Thumb Code     4  all_duty_dispose.o(i.ADC_Task_Dispose)
    ADCx_Init                                0x08000c85   Thumb Code    18  bsp_adc.o(i.ADCx_Init)
    All_GPIO_init                            0x08000d89   Thumb Code     4  general_gpio.o(i.All_GPIO_init)
    Application                              0x08000d8d   Thumb Code    26  main.o(i.Application)
    Average_ADC                              0x08000dad   Thumb Code    72  all_duty_dispose.o(i.Average_ADC)
    Blood_Pressure_Calibration               0x08000df5   Thumb Code   382  all_duty_dispose.o(i.Blood_Pressure_Calibration)
    CAN_ClearITPendingBit                    0x08000fd5   Thumb Code   132  stm32f10x_can.o(i.CAN_ClearITPendingBit)
    CAN_Config                               0x0800105d   Thumb Code    22  bsp_can.o(i.CAN_Config)
    CAN_DeInit                               0x08001075   Thumb Code    52  stm32f10x_can.o(i.CAN_DeInit)
    CAN_FilterInit                           0x080010ad   Thumb Code   202  stm32f10x_can.o(i.CAN_FilterInit)
    CAN_GetITStatus                          0x08001241   Thumb Code   200  stm32f10x_can.o(i.CAN_GetITStatus)
    CAN_ITConfig                             0x0800130d   Thumb Code    20  stm32f10x_can.o(i.CAN_ITConfig)
    CAN_Init                                 0x08001321   Thumb Code   260  stm32f10x_can.o(i.CAN_Init)
    CAN_Receive                              0x080014a9   Thumb Code   130  stm32f10x_can.o(i.CAN_Receive)
    CAN_SetMsg                               0x0800152b   Thumb Code    14  bsp_can.o(i.CAN_SetMsg)
    CAN_StructInit                           0x08001539   Thumb Code    32  stm32f10x_can.o(i.CAN_StructInit)
    CAN_Task                                 0x08001559   Thumb Code    18  task_init.o(i.CAN_Task)
    CAN_Task_Dispose                         0x08001571   Thumb Code    54  all_duty_dispose.o(i.CAN_Task_Dispose)
    CAN_Transmit                             0x080015ad   Thumb Code   182  stm32f10x_can.o(i.CAN_Transmit)
    Dispose_Task                             0x0800166f   Thumb Code    12  task_init.o(i.Dispose_Task)
    GPIO_Init                                0x0800167b   Thumb Code   166  stm32f10x_gpio.o(i.GPIO_Init)
    GPIO_ReadInputDataBit                    0x08001721   Thumb Code    14  stm32f10x_gpio.o(i.GPIO_ReadInputDataBit)
    GPIO_ResetBits                           0x0800172f   Thumb Code     4  stm32f10x_gpio.o(i.GPIO_ResetBits)
    GPIO_SetBits                             0x08001733   Thumb Code     4  stm32f10x_gpio.o(i.GPIO_SetBits)
    General_Dispose                          0x08001739   Thumb Code    22  all_duty_dispose.o(i.General_Dispose)
    I2C_Task                                 0x08001755   Thumb Code    22  task_init.o(i.I2C_Task)
    Init_RxMes                               0x08001771   Thumb Code    28  bsp_can.o(i.Init_RxMes)
    Inquire_Pressure                         0x0800178d   Thumb Code     2  all_duty_dispose.o(i.Inquire_Pressure)
    Is_LeftOrRight                           0x08001791   Thumb Code    22  general_gpio.o(i.Is_LeftOrRight)
    NVIC_Init                                0x080017ad   Thumb Code    96  misc.o(i.NVIC_Init)
    NVIC_PriorityGroupConfig                 0x08001811   Thumb Code    10  misc.o(i.NVIC_PriorityGroupConfig)
    Pulse_BounceIndex                        0x08001825   Thumb Code    88  all_duty_dispose.o(i.Pulse_BounceIndex)
    Pulse_Bounce_Dispose                     0x08001885   Thumb Code   154  all_duty_dispose.o(i.Pulse_Bounce_Dispose)
    Pulse_Bounce_IO                          0x08001925   Thumb Code    98  general_gpio.o(i.Pulse_Bounce_IO)
    Pulse_Bounce_OneShot                     0x08001989   Thumb Code    28  all_duty_dispose.o(i.Pulse_Bounce_OneShot)
    RCC_ADCCLKConfig                         0x080019c5   Thumb Code    14  stm32f10x_rcc.o(i.RCC_ADCCLKConfig)
    RCC_APB1PeriphClockCmd                   0x080019d9   Thumb Code    22  stm32f10x_rcc.o(i.RCC_APB1PeriphClockCmd)
    RCC_APB1PeriphResetCmd                   0x080019f5   Thumb Code    22  stm32f10x_rcc.o(i.RCC_APB1PeriphResetCmd)
    RCC_APB2PeriphClockCmd                   0x08001a11   Thumb Code    22  stm32f10x_rcc.o(i.RCC_APB2PeriphClockCmd)
    RCC_GetClocksFreq                        0x08001a2d   Thumb Code   154  stm32f10x_rcc.o(i.RCC_GetClocksFreq)
    Semaphore_init                           0x08001ad9   Thumb Code    30  semaphore_init.o(i.Semaphore_init)
    SysTick_Handler                          0x08001bd9   Thumb Code    18  board.o(i.SysTick_Handler)
    SystemCoreClockUpdate                    0x08001bed   Thumb Code   106  system_stm32f10x.o(i.SystemCoreClockUpdate)
    SystemInit                               0x08001c69   Thumb Code    64  system_stm32f10x.o(i.SystemInit)
    Task_init                                0x08001cb9   Thumb Code   118  task_init.o(i.Task_init)
    Timer_init                               0x08001d79   Thumb Code    50  timer_init.o(i.Timer_init)
    USART_Cmd                                0x08001dd9   Thumb Code    24  stm32f10x_usart.o(i.USART_Cmd)
    USART_Config                             0x08001df1   Thumb Code   122  bsp_usart.o(i.USART_Config)
    USART_GetFlagStatus                      0x08001e75   Thumb Code    14  stm32f10x_usart.o(i.USART_GetFlagStatus)
    USART_Init                               0x08001e85   Thumb Code   182  stm32f10x_usart.o(i.USART_Init)
    USART_SendData                           0x08001f41   Thumb Code     8  stm32f10x_usart.o(i.USART_SendData)
    USB_LP_CAN1_RX0_IRQHandler               0x08001f49   Thumb Code    54  stm32f10x_it.o(i.USB_LP_CAN1_RX0_IRQHandler)
    __0printf                                0x08001fc1   Thumb Code    22  printfa.o(i.__0printf)
    __1printf                                0x08001fc1   Thumb Code     0  printfa.o(i.__0printf)
    __2printf                                0x08001fc1   Thumb Code     0  printfa.o(i.__0printf)
    __c89printf                              0x08001fc1   Thumb Code     0  printfa.o(i.__0printf)
    printf                                   0x08001fc1   Thumb Code     0  printfa.o(i.__0printf)
    __rt_ffs                                 0x08001fe1   Thumb Code    66  kservice.o(i.__rt_ffs)
    __scatterload_copy                       0x08002029   Thumb Code    14  handlers.o(i.__scatterload_copy)
    __scatterload_null                       0x08002037   Thumb Code     2  handlers.o(i.__scatterload_null)
    __scatterload_zeroinit                   0x08002039   Thumb Code    14  handlers.o(i.__scatterload_zeroinit)
    ee_ReadBytes                             0x080029d1   Thumb Code   106  bsp_i2c_ee.o(i.ee_ReadBytes)
    ee_WriteBytes                            0x08002a3b   Thumb Code   114  bsp_i2c_ee.o(i.ee_WriteBytes)
    fputc                                    0x08002aad   Thumb Code    30  bsp_usart.o(i.fputc)
    i2c_Ack                                  0x08002ad1   Thumb Code    52  bsp_i2c_gpio.o(i.i2c_Ack)
    i2c_CheckDevice                          0x08002b39   Thumb Code    32  bsp_i2c_gpio.o(i.i2c_CheckDevice)
    i2c_NAck                                 0x08002b65   Thumb Code    44  bsp_i2c_gpio.o(i.i2c_NAck)
    i2c_ReadByte                             0x08002b95   Thumb Code    62  bsp_i2c_gpio.o(i.i2c_ReadByte)
    i2c_SendByte                             0x08002bd9   Thumb Code    84  bsp_i2c_gpio.o(i.i2c_SendByte)
    i2c_Start                                0x08002c31   Thumb Code    52  bsp_i2c_gpio.o(i.i2c_Start)
    i2c_Stop                                 0x08002c69   Thumb Code    36  bsp_i2c_gpio.o(i.i2c_Stop)
    i2c_WaitAck                              0x08002c91   Thumb Code    60  bsp_i2c_gpio.o(i.i2c_WaitAck)
    $Super$$main                             0x08002cd1   Thumb Code    36  main.o(i.main)
    main_thread_entry                        0x08002d09   Thumb Code    14  components.o(i.main_thread_entry)
    rt_application_init                      0x08002ea1   Thumb Code    30  components.o(i.rt_application_init)
    rt_components_board_init                 0x08002ecd   Thumb Code    20  components.o(i.rt_components_board_init)
    rt_components_init                       0x08002ee9   Thumb Code    20  components.o(i.rt_components_init)
    rt_enter_critical                        0x08002f05   Thumb Code    22  scheduler.o(i.rt_enter_critical)
    rt_exit_critical                         0x08002f21   Thumb Code    52  scheduler.o(i.rt_exit_critical)
    rt_free                                  0x08002f59   Thumb Code   112  mem.o(i.rt_free)
    rt_heap_begin_get                        0x0800301d   Thumb Code     4  board.o(i.rt_heap_begin_get)
    rt_heap_end_get                          0x08003025   Thumb Code     4  board.o(i.rt_heap_end_get)
    rt_hw_board_init                         0x0800302d   Thumb Code    68  board.o(i.rt_hw_board_init)
    rt_hw_console_output                     0x08003075   Thumb Code    72  board.o(i.rt_hw_console_output)
    rt_hw_hard_fault_exception               0x080030c1   Thumb Code   180  cpuport.o(i.rt_hw_hard_fault_exception)
    rt_hw_stack_init                         0x080032b5   Thumb Code    56  cpuport.o(i.rt_hw_stack_init)
    rt_interrupt_enter                       0x080032f1   Thumb Code    22  irq.o(i.rt_interrupt_enter)
    rt_interrupt_leave                       0x0800330d   Thumb Code    22  irq.o(i.rt_interrupt_leave)
    rt_kprintf                               0x08003385   Thumb Code    30  kservice.o(i.rt_kprintf)
    rt_malloc                                0x08003421   Thumb Code   252  mem.o(i.rt_malloc)
    rt_memset                                0x08003525   Thumb Code    70  kservice.o(i.rt_memset)
    rt_object_allocate                       0x0800356b   Thumb Code    84  object.o(i.rt_object_allocate)
    rt_object_delete                         0x080035bf   Thumb Code    38  object.o(i.rt_object_delete)
    rt_object_detach                         0x080035e5   Thumb Code    32  object.o(i.rt_object_detach)
    rt_object_get_information                0x08003605   Thumb Code    30  object.o(i.rt_object_get_information)
    rt_object_init                           0x08003629   Thumb Code    80  object.o(i.rt_object_init)
    rt_object_is_systemobject                0x08003679   Thumb Code    14  object.o(i.rt_object_is_systemobject)
    rt_schedule                              0x08003689   Thumb Code    82  scheduler.o(i.rt_schedule)
    rt_schedule_insert_thread                0x080036e9   Thumb Code    68  scheduler.o(i.rt_schedule_insert_thread)
    rt_schedule_remove_thread                0x08003735   Thumb Code    74  scheduler.o(i.rt_schedule_remove_thread)
    rt_sem_create                            0x08003789   Thumb Code    32  ipc.o(i.rt_sem_create)
    rt_sem_init                              0x080037a9   Thumb Code    38  ipc.o(i.rt_sem_init)
    rt_sem_release                           0x080037cf   Thumb Code    60  ipc.o(i.rt_sem_release)
    rt_sem_take                              0x0800380b   Thumb Code   110  ipc.o(i.rt_sem_take)
    rt_show_version                          0x08003879   Thumb Code    40  kservice.o(i.rt_show_version)
    rt_strlen                                0x08003929   Thumb Code    16  kservice.o(i.rt_strlen)
    rt_strncpy                               0x08003939   Thumb Code    38  kservice.o(i.rt_strncpy)
    rt_system_heap_init                      0x08003961   Thumb Code   100  mem.o(i.rt_system_heap_init)
    rt_system_scheduler_init                 0x08003a11   Thumb Code    44  scheduler.o(i.rt_system_scheduler_init)
    rt_system_scheduler_start                0x08003a45   Thumb Code    32  scheduler.o(i.rt_system_scheduler_start)
    rt_system_timer_init                     0x08003a6d   Thumb Code    20  timer.o(i.rt_system_timer_init)
    rt_system_timer_thread_init              0x08003a85   Thumb Code     2  timer.o(i.rt_system_timer_thread_init)
    rt_thread_create                         0x08003a87   Thumb Code    76  thread.o(i.rt_thread_create)
    rt_thread_delay                          0x08003ad3   Thumb Code     4  thread.o(i.rt_thread_delay)
    rt_thread_delete                         0x08003ad9   Thumb Code    58  thread.o(i.rt_thread_delete)
    rt_thread_exit                           0x08003b19   Thumb Code    78  thread.o(i.rt_thread_exit)
    rt_thread_idle_excute                    0x08003b79   Thumb Code   124  idle.o(i.rt_thread_idle_excute)
    rt_thread_idle_init                      0x08003bf9   Thumb Code    46  idle.o(i.rt_thread_idle_init)
    rt_thread_init                           0x08003c39   Thumb Code    56  thread.o(i.rt_thread_init)
    rt_thread_resume                         0x08003c71   Thumb Code    60  thread.o(i.rt_thread_resume)
    rt_thread_self                           0x08003cad   Thumb Code     6  thread.o(i.rt_thread_self)
    rt_thread_sleep                          0x08003cb9   Thumb Code    60  thread.o(i.rt_thread_sleep)
    rt_thread_startup                        0x08003cf9   Thumb Code    38  thread.o(i.rt_thread_startup)
    rt_thread_suspend                        0x08003d1f   Thumb Code    66  thread.o(i.rt_thread_suspend)
    rt_thread_timeout                        0x08003d61   Thumb Code    32  thread.o(i.rt_thread_timeout)
    rt_thread_yield                          0x08003d81   Thumb Code    88  thread.o(i.rt_thread_yield)
    rt_tick_get                              0x08003de1   Thumb Code     6  clock.o(i.rt_tick_get)
    rt_tick_increase                         0x08003ded   Thumb Code    38  clock.o(i.rt_tick_increase)
    rt_timer_check                           0x08003e19   Thumb Code   102  timer.o(i.rt_timer_check)
    rt_timer_control                         0x08003e85   Thumb Code    52  timer.o(i.rt_timer_control)
    rt_timer_create                          0x08003eb9   Thumb Code    48  timer.o(i.rt_timer_create)
    rt_timer_detach                          0x08003ee9   Thumb Code    32  timer.o(i.rt_timer_detach)
    rt_timer_init                            0x08003f09   Thumb Code    42  timer.o(i.rt_timer_init)
    rt_timer_start                           0x08003f35   Thumb Code   208  timer.o(i.rt_timer_start)
    rt_timer_stop                            0x08004009   Thumb Code    46  timer.o(i.rt_timer_stop)
    rt_vsnprintf                             0x08004039   Thumb Code   654  kservice.o(i.rt_vsnprintf)
    rtthread_startup                         0x080042e1   Thumb Code    42  components.o(i.rtthread_startup)
    _0_mmHg                                  0x0800434c   Data           4  all_duty_dispose.o(.constdata)
    _50_mmHg                                 0x08004350   Data           4  all_duty_dispose.o(.constdata)
    _100_mmHg                                0x08004354   Data           4  all_duty_dispose.o(.constdata)
    _150_mmHg                                0x08004358   Data           4  all_duty_dispose.o(.constdata)
    _200_mmHg                                0x0800435c   Data           4  all_duty_dispose.o(.constdata)
    _250_mmHg                                0x08004360   Data           4  all_duty_dispose.o(.constdata)
    _300_mmHg                                0x08004364   Data           4  all_duty_dispose.o(.constdata)
    __lowest_bit_bitmap                      0x08004368   Data         256  kservice.o(.constdata)
    __rt_init_rti_start                      0x0800448c   Data           4  components.o(.rti_fn.0)
    __rt_init_rti_board_start                0x08004490   Data           4  components.o(.rti_fn.0.end)
    __rt_init_rti_board_end                  0x08004494   Data           4  components.o(.rti_fn.1.end)
    __rt_init_rti_end                        0x08004498   Data           4  components.o(.rti_fn.6.end)
    Region$$Table$$Base                      0x0800449c   Number         0  anon$$obj.o(Region$$Table)
    Region$$Table$$Limit                     0x080044bc   Number         0  anon$$obj.o(Region$$Table)
    Sem1_Hanle                               0x2000001c   Data           4  semaphore_init.o(.data)
    Blood_Pressure_Calibration_Sem           0x20000020   Data           4  semaphore_init.o(.data)
    Hong_Pulse_Status                        0x20000024   Data           1  all_duty_dispose.o(.data)
    Nao_Pulse_Status                         0x20000025   Data           1  all_duty_dispose.o(.data)
    Read_From_E2_Flag                        0x20000026   Data           1  all_duty_dispose.o(.data)
    ADC_ConvertedValue                       0x20000028   Data           2  all_duty_dispose.o(.data)
    SystemCoreClock                          0x20000044   Data           4  system_stm32f10x.o(.data)
    AHBPrescTable                            0x20000048   Data          16  system_stm32f10x.o(.data)
    rt_interrupt_from_thread                 0x2000005c   Data           4  cpuport.o(.data)
    rt_interrupt_to_thread                   0x20000060   Data           4  cpuport.o(.data)
    rt_thread_switch_interrupt_flag          0x20000064   Data           4  cpuport.o(.data)
    rt_interrupt_nest                        0x2000006c   Data           1  irq.o(.data)
    rt_current_priority                      0x200000d8   Data           1  scheduler.o(.data)
    rt_current_thread                        0x200000dc   Data           4  scheduler.o(.data)
    rt_thread_ready_priority_group           0x200000e0   Data           4  scheduler.o(.data)
    rt_thread_defunct                        0x200000e4   Data           8  scheduler.o(.data)
    __stdout                                 0x200000f8   Data           4  stdout.o(.data)
    TxMessage                                0x200000fc   Data          20  task_init.o(.bss)
    RxMessage                                0x20000110   Data          20  task_init.o(.bss)
    Read_ADC_From_E2                         0x20000124   Data          28  all_duty_dispose.o(.bss)
    Value_mmHg                               0x20000140   Data          28  all_duty_dispose.o(.bss)
    Save_ADC_To_E2                           0x2000015c   Data          28  all_duty_dispose.o(.bss)
    Calibration                              0x20000178   Data          28  all_duty_dispose.o(.bss)
    rt_thread_priority_table                 0x200003b4   Data          64  scheduler.o(.bss)
    __initial_sp                             0x200033f8   Data           0  startup_stm32f10x_md.o(STACK)



==============================================================================

Memory Map of the image

  Image Entry point : 0x080000ed

  Load Region LR_IROM1 (Base: 0x08000000, Size: 0x000045b8, Max: 0x00010000, ABSOLUTE)

    Execution Region ER_IROM1 (Exec base: 0x08000000, Load base: 0x08000000, Size: 0x000044bc, Max: 0x00010000, ABSOLUTE)

    Exec Addr    Load Addr    Size         Type   Attr      Idx    E Section Name        Object

    0x08000000   0x08000000   0x000000ec   Data   RO         1771    RESET               startup_stm32f10x_md.o
    0x080000ec   0x080000ec   0x00000000   Code   RO         2850  * .ARM.Collect$$$$00000000  mc_w.l(entry.o)
    0x080000ec   0x080000ec   0x00000004   Code   RO         3124    .ARM.Collect$$$$00000001  mc_w.l(entry2.o)
    0x080000f0   0x080000f0   0x00000004   Code   RO         3127    .ARM.Collect$$$$00000004  mc_w.l(entry5.o)
    0x080000f4   0x080000f4   0x00000000   Code   RO         3129    .ARM.Collect$$$$00000008  mc_w.l(entry7b.o)
    0x080000f4   0x080000f4   0x00000000   Code   RO         3131    .ARM.Collect$$$$0000000A  mc_w.l(entry8b.o)
    0x080000f4   0x080000f4   0x00000008   Code   RO         3132    .ARM.Collect$$$$0000000B  mc_w.l(entry9a.o)
    0x080000fc   0x080000fc   0x00000000   Code   RO         3134    .ARM.Collect$$$$0000000D  mc_w.l(entry10a.o)
    0x080000fc   0x080000fc   0x00000000   Code   RO         3136    .ARM.Collect$$$$0000000F  mc_w.l(entry11a.o)
    0x080000fc   0x080000fc   0x00000004   Code   RO         3125    .ARM.Collect$$$$00002712  mc_w.l(entry2.o)
    0x08000100   0x08000100   0x00000024   Code   RO         1772    .text               startup_stm32f10x_md.o
    0x08000124   0x08000124   0x000000f4   Code   RO         1822    .text               context_rvds.o
    0x08000218   0x08000218   0x00000064   Code   RO         3114    .text               mf_w.l(fmul.o)
    0x0800027c   0x0800027c   0x0000007c   Code   RO         3116    .text               mf_w.l(fdiv.o)
    0x080002f8   0x080002f8   0x00000012   Code   RO         3118    .text               mf_w.l(fflti.o)
    0x0800030a   0x0800030a   0x00000032   Code   RO         3120    .text               mf_w.l(ffixi.o)
    0x0800033c   0x0800033c   0x00000026   Code   RO         3122    .text               mf_w.l(f2d.o)
    0x08000362   0x08000362   0x0000002c   Code   RO         3139    .text               mc_w.l(uidiv.o)
    0x0800038e   0x0800038e   0x00000062   Code   RO         3141    .text               mc_w.l(uldiv.o)
    0x080003f0   0x080003f0   0x00000000   Code   RO         3143    .text               mc_w.l(iusefp.o)
    0x080003f0   0x080003f0   0x0000006e   Code   RO         3144    .text               mf_w.l(fepilogue.o)
    0x0800045e   0x0800045e   0x0000014e   Code   RO         3146    .text               mf_w.l(dadd.o)
    0x080005ac   0x080005ac   0x000000e4   Code   RO         3148    .text               mf_w.l(dmul.o)
    0x08000690   0x08000690   0x000000de   Code   RO         3150    .text               mf_w.l(ddiv.o)
    0x0800076e   0x0800076e   0x00000030   Code   RO         3152    .text               mf_w.l(dfixul.o)
    0x0800079e   0x0800079e   0x00000002   PAD
    0x080007a0   0x080007a0   0x00000030   Code   RO         3154    .text               mf_w.l(cdrcmple.o)
    0x080007d0   0x080007d0   0x00000024   Code   RO         3156    .text               mc_w.l(init.o)
    0x080007f4   0x080007f4   0x0000001e   Code   RO         3158    .text               mc_w.l(llshl.o)
    0x08000812   0x08000812   0x00000020   Code   RO         3160    .text               mc_w.l(llushr.o)
    0x08000832   0x08000832   0x00000024   Code   RO         3162    .text               mc_w.l(llsshr.o)
    0x08000856   0x08000856   0x000000ba   Code   RO         3164    .text               mf_w.l(depilogue.o)
    0x08000910   0x08000910   0x0000000a   Code   RO         1909    i.$Sub$$main        components.o
    0x0800091a   0x0800091a   0x00000002   PAD
    0x0800091c   0x0800091c   0x00000038   Code   RO          144    i.ADC1_2_IRQHandler  stm32f10x_it.o
    0x08000954   0x08000954   0x00000008   Code   RO          798    i.ADC_ClearITPendingBit  stm32f10x_adc.o
    0x0800095c   0x0800095c   0x00000018   Code   RO          799    i.ADC_Cmd           stm32f10x_adc.o
    0x08000974   0x08000974   0x00000168   Code   RO          306    i.ADC_DataToSend    all_duty_dispose.o
    0x08000adc   0x08000adc   0x0000000e   Code   RO          807    i.ADC_GetCalibrationStatus  stm32f10x_adc.o
    0x08000aea   0x08000aea   0x00000006   Code   RO          808    i.ADC_GetConversionValue  stm32f10x_adc.o
    0x08000af0   0x08000af0   0x0000001c   Code   RO          811    i.ADC_GetITStatus   stm32f10x_adc.o
    0x08000b0c   0x08000b0c   0x0000000e   Code   RO          813    i.ADC_GetResetCalibrationStatus  stm32f10x_adc.o
    0x08000b1a   0x08000b1a   0x00000016   Code   RO          816    i.ADC_ITConfig      stm32f10x_adc.o
    0x08000b30   0x08000b30   0x00000048   Code   RO          817    i.ADC_Init          stm32f10x_adc.o
    0x08000b78   0x08000b78   0x0000001e   Code   RO          527    i.ADC_NVIC_Config   bsp_adc.o
    0x08000b96   0x08000b96   0x00000074   Code   RO          821    i.ADC_RegularChannelConfig  stm32f10x_adc.o
    0x08000c0a   0x08000c0a   0x0000000a   Code   RO          822    i.ADC_ResetCalibration  stm32f10x_adc.o
    0x08000c14   0x08000c14   0x00000018   Code   RO          824    i.ADC_SoftwareStartConvCmd  stm32f10x_adc.o
    0x08000c2c   0x08000c2c   0x0000000a   Code   RO          826    i.ADC_StartCalibration  stm32f10x_adc.o
    0x08000c36   0x08000c36   0x00000002   PAD
    0x08000c38   0x08000c38   0x00000024   Code   RO          182    i.ADC_Task          task_init.o
    0x08000c5c   0x08000c5c   0x00000004   Code   RO          307    i.ADC_Task_Dispose  all_duty_dispose.o
    0x08000c60   0x08000c60   0x00000024   Code   RO          528    i.ADCx_GPIO_Config  bsp_adc.o
    0x08000c84   0x08000c84   0x00000012   Code   RO          529    i.ADCx_Init         bsp_adc.o
    0x08000c96   0x08000c96   0x00000002   PAD
    0x08000c98   0x08000c98   0x00000090   Code   RO          530    i.ADCx_Mode_Config  bsp_adc.o
    0x08000d28   0x08000d28   0x00000060   Code   RO          569    i.All_GPIO_CONFIG   general_gpio.o
    0x08000d88   0x08000d88   0x00000004   Code   RO          570    i.All_GPIO_init     general_gpio.o
    0x08000d8c   0x08000d8c   0x00000020   Code   RO            4    i.Application       main.o
    0x08000dac   0x08000dac   0x00000048   Code   RO          308    i.Average_ADC       all_duty_dispose.o
    0x08000df4   0x08000df4   0x000001e0   Code   RO          309    i.Blood_Pressure_Calibration  all_duty_dispose.o
    0x08000fd4   0x08000fd4   0x00000088   Code   RO         1029    i.CAN_ClearITPendingBit  stm32f10x_can.o
    0x0800105c   0x0800105c   0x00000016   Code   RO          392    i.CAN_Config        bsp_can.o
    0x08001072   0x08001072   0x00000002   PAD
    0x08001074   0x08001074   0x00000038   Code   RO         1031    i.CAN_DeInit        stm32f10x_can.o
    0x080010ac   0x080010ac   0x000000d4   Code   RO         1033    i.CAN_FilterInit    stm32f10x_can.o
    0x08001180   0x08001180   0x00000084   Code   RO          393    i.CAN_Filter_Config  bsp_can.o
    0x08001204   0x08001204   0x0000003c   Code   RO          394    i.CAN_GPIO_Config   bsp_can.o
    0x08001240   0x08001240   0x000000cc   Code   RO         1035    i.CAN_GetITStatus   stm32f10x_can.o
    0x0800130c   0x0800130c   0x00000014   Code   RO         1039    i.CAN_ITConfig      stm32f10x_can.o
    0x08001320   0x08001320   0x00000104   Code   RO         1040    i.CAN_Init          stm32f10x_can.o
    0x08001424   0x08001424   0x0000005c   Code   RO          395    i.CAN_Mode_Config   bsp_can.o
    0x08001480   0x08001480   0x00000028   Code   RO          396    i.CAN_NVIC_Config   bsp_can.o
    0x080014a8   0x080014a8   0x00000082   Code   RO         1043    i.CAN_Receive       stm32f10x_can.o
    0x0800152a   0x0800152a   0x0000000e   Code   RO          397    i.CAN_SetMsg        bsp_can.o
    0x08001538   0x08001538   0x00000020   Code   RO         1046    i.CAN_StructInit    stm32f10x_can.o
    0x08001558   0x08001558   0x00000018   Code   RO          183    i.CAN_Task          task_init.o
    0x08001570   0x08001570   0x0000003c   Code   RO          310    i.CAN_Task_Dispose  all_duty_dispose.o
    0x080015ac   0x080015ac   0x000000b6   Code   RO         1048    i.CAN_Transmit      stm32f10x_can.o
    0x08001662   0x08001662   0x0000000c   Code   RO         1051    i.CheckITStatus     stm32f10x_can.o
    0x0800166e   0x0800166e   0x0000000c   Code   RO          184    i.Dispose_Task      task_init.o
    0x0800167a   0x0800167a   0x000000a6   Code   RO         1200    i.GPIO_Init         stm32f10x_gpio.o
    0x08001720   0x08001720   0x0000000e   Code   RO         1204    i.GPIO_ReadInputDataBit  stm32f10x_gpio.o
    0x0800172e   0x0800172e   0x00000004   Code   RO         1207    i.GPIO_ResetBits    stm32f10x_gpio.o
    0x08001732   0x08001732   0x00000004   Code   RO         1208    i.GPIO_SetBits      stm32f10x_gpio.o
    0x08001736   0x08001736   0x00000002   PAD
    0x08001738   0x08001738   0x0000001c   Code   RO          311    i.General_Dispose   all_duty_dispose.o
    0x08001754   0x08001754   0x0000001c   Code   RO          185    i.I2C_Task          task_init.o
    0x08001770   0x08001770   0x0000001c   Code   RO          398    i.Init_RxMes        bsp_can.o
    0x0800178c   0x0800178c   0x00000002   Code   RO          312    i.Inquire_Pressure  all_duty_dispose.o
    0x0800178e   0x0800178e   0x00000002   PAD
    0x08001790   0x08001790   0x0000001c   Code   RO          571    i.Is_LeftOrRight    general_gpio.o
    0x080017ac   0x080017ac   0x00000064   Code   RO          745    i.NVIC_Init         misc.o
    0x08001810   0x08001810   0x00000014   Code   RO          746    i.NVIC_PriorityGroupConfig  misc.o
    0x08001824   0x08001824   0x00000060   Code   RO          313    i.Pulse_BounceIndex  all_duty_dispose.o
    0x08001884   0x08001884   0x000000a0   Code   RO          314    i.Pulse_Bounce_Dispose  all_duty_dispose.o
    0x08001924   0x08001924   0x00000062   Code   RO          572    i.Pulse_Bounce_IO   general_gpio.o
    0x08001986   0x08001986   0x00000002   PAD
    0x08001988   0x08001988   0x0000003c   Code   RO          315    i.Pulse_Bounce_OneShot  all_duty_dispose.o
    0x080019c4   0x080019c4   0x00000014   Code   RO         1320    i.RCC_ADCCLKConfig  stm32f10x_rcc.o
    0x080019d8   0x080019d8   0x0000001c   Code   RO         1322    i.RCC_APB1PeriphClockCmd  stm32f10x_rcc.o
    0x080019f4   0x080019f4   0x0000001c   Code   RO         1323    i.RCC_APB1PeriphResetCmd  stm32f10x_rcc.o
    0x08001a10   0x08001a10   0x0000001c   Code   RO         1324    i.RCC_APB2PeriphClockCmd  stm32f10x_rcc.o
    0x08001a2c   0x08001a2c   0x000000ac   Code   RO         1332    i.RCC_GetClocksFreq  stm32f10x_rcc.o
    0x08001ad8   0x08001ad8   0x0000004c   Code   RO          274    i.Semaphore_init    semaphore_init.o
    0x08001b24   0x08001b24   0x00000004   Code   RO         1779    i.SetSysClock       system_stm32f10x.o
    0x08001b28   0x08001b28   0x000000b0   Code   RO         1780    i.SetSysClockTo72   system_stm32f10x.o
    0x08001bd8   0x08001bd8   0x00000012   Code   RO         2795    i.SysTick_Handler   board.o
    0x08001bea   0x08001bea   0x00000002   PAD
    0x08001bec   0x08001bec   0x0000007c   Code   RO         1781    i.SystemCoreClockUpdate  system_stm32f10x.o
    0x08001c68   0x08001c68   0x00000050   Code   RO         1782    i.SystemInit        system_stm32f10x.o
    0x08001cb8   0x08001cb8   0x000000c0   Code   RO          186    i.Task_init         task_init.o
    0x08001d78   0x08001d78   0x00000060   Code   RO          236    i.Timer_init        timer_init.o
    0x08001dd8   0x08001dd8   0x00000018   Code   RO         1536    i.USART_Cmd         stm32f10x_usart.o
    0x08001df0   0x08001df0   0x00000084   Code   RO          487    i.USART_Config      bsp_usart.o
    0x08001e74   0x08001e74   0x0000000e   Code   RO         1539    i.USART_GetFlagStatus  stm32f10x_usart.o
    0x08001e82   0x08001e82   0x00000002   PAD
    0x08001e84   0x08001e84   0x000000bc   Code   RO         1543    i.USART_Init        stm32f10x_usart.o
    0x08001f40   0x08001f40   0x00000008   Code   RO         1553    i.USART_SendData    stm32f10x_usart.o
    0x08001f48   0x08001f48   0x00000050   Code   RO          145    i.USB_LP_CAN1_RX0_IRQHandler  stm32f10x_it.o
    0x08001f98   0x08001f98   0x00000028   Code   RO         2796    i._SysTick_Config   board.o
    0x08001fc0   0x08001fc0   0x00000020   Code   RO         3086    i.__0printf         mc_w.l(printfa.o)
    0x08001fe0   0x08001fe0   0x00000048   Code   RO         2211    i.__rt_ffs          kservice.o
    0x08002028   0x08002028   0x0000000e   Code   RO         3168    i.__scatterload_copy  mc_w.l(handlers.o)
    0x08002036   0x08002036   0x00000002   Code   RO         3169    i.__scatterload_null  mc_w.l(handlers.o)
    0x08002038   0x08002038   0x0000000e   Code   RO         3170    i.__scatterload_zeroinit  mc_w.l(handlers.o)
    0x08002046   0x08002046   0x00000002   PAD
    0x08002048   0x08002048   0x00000184   Code   RO         3093    i._fp_digits        mc_w.l(printfa.o)
    0x080021cc   0x080021cc   0x00000014   Code   RO         1977    i._has_defunct_thread  idle.o
    0x080021e0   0x080021e0   0x000006dc   Code   RO         3094    i._printf_core      mc_w.l(printfa.o)
    0x080028bc   0x080028bc   0x00000024   Code   RO         3095    i._printf_post_padding  mc_w.l(printfa.o)
    0x080028e0   0x080028e0   0x0000002e   Code   RO         3096    i._printf_pre_padding  mc_w.l(printfa.o)
    0x0800290e   0x0800290e   0x00000002   PAD
    0x08002910   0x08002910   0x00000078   Code   RO         2569    i._rt_thread_init   thread.o
    0x08002988   0x08002988   0x00000026   Code   RO         2690    i._rt_timer_init    timer.o
    0x080029ae   0x080029ae   0x00000022   Code   RO         2691    i._rt_timer_remove  timer.o
    0x080029d0   0x080029d0   0x0000006a   Code   RO          613    i.ee_ReadBytes      bsp_i2c_ee.o
    0x08002a3a   0x08002a3a   0x00000072   Code   RO          615    i.ee_WriteBytes     bsp_i2c_ee.o
    0x08002aac   0x08002aac   0x00000024   Code   RO          489    i.fputc             bsp_usart.o
    0x08002ad0   0x08002ad0   0x00000038   Code   RO          669    i.i2c_Ack           bsp_i2c_gpio.o
    0x08002b08   0x08002b08   0x00000030   Code   RO          670    i.i2c_CfgGpio       bsp_i2c_gpio.o
    0x08002b38   0x08002b38   0x00000020   Code   RO          671    i.i2c_CheckDevice   bsp_i2c_gpio.o
    0x08002b58   0x08002b58   0x0000000c   Code   RO          672    i.i2c_Delay         bsp_i2c_gpio.o
    0x08002b64   0x08002b64   0x00000030   Code   RO          673    i.i2c_NAck          bsp_i2c_gpio.o
    0x08002b94   0x08002b94   0x00000044   Code   RO          674    i.i2c_ReadByte      bsp_i2c_gpio.o
    0x08002bd8   0x08002bd8   0x00000058   Code   RO          675    i.i2c_SendByte      bsp_i2c_gpio.o
    0x08002c30   0x08002c30   0x00000038   Code   RO          676    i.i2c_Start         bsp_i2c_gpio.o
    0x08002c68   0x08002c68   0x00000028   Code   RO          677    i.i2c_Stop          bsp_i2c_gpio.o
    0x08002c90   0x08002c90   0x00000040   Code   RO          678    i.i2c_WaitAck       bsp_i2c_gpio.o
    0x08002cd0   0x08002cd0   0x00000038   Code   RO            5    i.main              main.o
    0x08002d08   0x08002d08   0x0000000e   Code   RO         1910    i.main_thread_entry  components.o
    0x08002d16   0x08002d16   0x00000002   PAD
    0x08002d18   0x08002d18   0x00000054   Code   RO         2382    i.plug_holes        mem.o
    0x08002d6c   0x08002d6c   0x00000134   Code   RO         2213    i.print_number      kservice.o
    0x08002ea0   0x08002ea0   0x0000002c   Code   RO         1911    i.rt_application_init  components.o
    0x08002ecc   0x08002ecc   0x0000001c   Code   RO         1912    i.rt_components_board_init  components.o
    0x08002ee8   0x08002ee8   0x0000001c   Code   RO         1913    i.rt_components_init  components.o
    0x08002f04   0x08002f04   0x0000001c   Code   RO         2508    i.rt_enter_critical  scheduler.o
    0x08002f20   0x08002f20   0x00000038   Code   RO         2509    i.rt_exit_critical  scheduler.o
    0x08002f58   0x08002f58   0x000000c4   Code   RO         2384    i.rt_free           mem.o
    0x0800301c   0x0800301c   0x00000008   Code   RO         2797    i.rt_heap_begin_get  board.o
    0x08003024   0x08003024   0x00000008   Code   RO         2798    i.rt_heap_end_get   board.o
    0x0800302c   0x0800302c   0x00000048   Code   RO         2799    i.rt_hw_board_init  board.o
    0x08003074   0x08003074   0x0000004c   Code   RO         2800    i.rt_hw_console_output  board.o
    0x080030c0   0x080030c0   0x000001f4   Code   RO         1829    i.rt_hw_hard_fault_exception  cpuport.o
    0x080032b4   0x080032b4   0x0000003c   Code   RO         1830    i.rt_hw_stack_init  cpuport.o
    0x080032f0   0x080032f0   0x0000001c   Code   RO         2184    i.rt_interrupt_enter  irq.o
    0x0800330c   0x0800330c   0x0000001c   Code   RO         2186    i.rt_interrupt_leave  irq.o
    0x08003328   0x08003328   0x0000005c   Code   RO         2025    i.rt_ipc_list_suspend  ipc.o
    0x08003384   0x08003384   0x00000024   Code   RO         2216    i.rt_kprintf        kservice.o
    0x080033a8   0x080033a8   0x0000000e   Code   RO         2432    i.rt_list_insert_after  object.o
    0x080033b6   0x080033b6   0x0000000e   Code   RO         2570    i.rt_list_insert_after  thread.o
    0x080033c4   0x080033c4   0x0000000e   Code   RO         2692    i.rt_list_insert_after  timer.o
    0x080033d2   0x080033d2   0x0000000e   Code   RO         2026    i.rt_list_insert_before  ipc.o
    0x080033e0   0x080033e0   0x0000000e   Code   RO         2027    i.rt_list_isempty   ipc.o
    0x080033ee   0x080033ee   0x0000000e   Code   RO         2693    i.rt_list_isempty   timer.o
    0x080033fc   0x080033fc   0x00000012   Code   RO         2433    i.rt_list_remove    object.o
    0x0800340e   0x0800340e   0x00000012   Code   RO         2571    i.rt_list_remove    thread.o
    0x08003420   0x08003420   0x00000104   Code   RO         2385    i.rt_malloc         mem.o
    0x08003524   0x08003524   0x00000046   Code   RO         2222    i.rt_memset         kservice.o
    0x0800356a   0x0800356a   0x00000054   Code   RO         2434    i.rt_object_allocate  object.o
    0x080035be   0x080035be   0x00000026   Code   RO         2435    i.rt_object_delete  object.o
    0x080035e4   0x080035e4   0x00000020   Code   RO         2436    i.rt_object_detach  object.o
    0x08003604   0x08003604   0x00000024   Code   RO         2438    i.rt_object_get_information  object.o
    0x08003628   0x08003628   0x00000050   Code   RO         2440    i.rt_object_init    object.o
    0x08003678   0x08003678   0x0000000e   Code   RO         2441    i.rt_object_is_systemobject  object.o
    0x08003686   0x08003686   0x00000002   PAD
    0x08003688   0x08003688   0x00000060   Code   RO         2510    i.rt_schedule       scheduler.o
    0x080036e8   0x080036e8   0x0000004c   Code   RO         2511    i.rt_schedule_insert_thread  scheduler.o
    0x08003734   0x08003734   0x00000054   Code   RO         2512    i.rt_schedule_remove_thread  scheduler.o
    0x08003788   0x08003788   0x00000020   Code   RO         2037    i.rt_sem_create     ipc.o
    0x080037a8   0x080037a8   0x00000026   Code   RO         2040    i.rt_sem_init       ipc.o
    0x080037ce   0x080037ce   0x0000003c   Code   RO         2041    i.rt_sem_release    ipc.o
    0x0800380a   0x0800380a   0x0000006e   Code   RO         2042    i.rt_sem_take       ipc.o
    0x08003878   0x08003878   0x000000b0   Code   RO         2224    i.rt_show_version   kservice.o
    0x08003928   0x08003928   0x00000010   Code   RO         2230    i.rt_strlen         kservice.o
    0x08003938   0x08003938   0x00000026   Code   RO         2232    i.rt_strncpy        kservice.o
    0x0800395e   0x0800395e   0x00000002   PAD
    0x08003960   0x08003960   0x000000b0   Code   RO         2388    i.rt_system_heap_init  mem.o
    0x08003a10   0x08003a10   0x00000034   Code   RO         2513    i.rt_system_scheduler_init  scheduler.o
    0x08003a44   0x08003a44   0x00000028   Code   RO         2514    i.rt_system_scheduler_start  scheduler.o
    0x08003a6c   0x08003a6c   0x00000018   Code   RO         2694    i.rt_system_timer_init  timer.o
    0x08003a84   0x08003a84   0x00000002   Code   RO         2695    i.rt_system_timer_thread_init  timer.o
    0x08003a86   0x08003a86   0x0000004c   Code   RO         2573    i.rt_thread_create  thread.o
    0x08003ad2   0x08003ad2   0x00000004   Code   RO         2574    i.rt_thread_delay   thread.o
    0x08003ad6   0x08003ad6   0x00000002   PAD
    0x08003ad8   0x08003ad8   0x00000040   Code   RO         2575    i.rt_thread_delete  thread.o
    0x08003b18   0x08003b18   0x00000058   Code   RO         2577    i.rt_thread_exit    thread.o
    0x08003b70   0x08003b70   0x00000006   Code   RO         1978    i.rt_thread_idle_entry  idle.o
    0x08003b76   0x08003b76   0x00000002   PAD
    0x08003b78   0x08003b78   0x00000080   Code   RO         1979    i.rt_thread_idle_excute  idle.o
    0x08003bf8   0x08003bf8   0x00000040   Code   RO         1981    i.rt_thread_idle_init  idle.o
    0x08003c38   0x08003c38   0x00000038   Code   RO         2579    i.rt_thread_init    thread.o
    0x08003c70   0x08003c70   0x0000003c   Code   RO         2581    i.rt_thread_resume  thread.o
    0x08003cac   0x08003cac   0x0000000c   Code   RO         2582    i.rt_thread_self    thread.o
    0x08003cb8   0x08003cb8   0x00000040   Code   RO         2583    i.rt_thread_sleep   thread.o
    0x08003cf8   0x08003cf8   0x00000026   Code   RO         2584    i.rt_thread_startup  thread.o
    0x08003d1e   0x08003d1e   0x00000042   Code   RO         2585    i.rt_thread_suspend  thread.o
    0x08003d60   0x08003d60   0x00000020   Code   RO         2586    i.rt_thread_timeout  thread.o
    0x08003d80   0x08003d80   0x00000060   Code   RO         2587    i.rt_thread_yield   thread.o
    0x08003de0   0x08003de0   0x0000000c   Code   RO         1870    i.rt_tick_get       clock.o
    0x08003dec   0x08003dec   0x0000002c   Code   RO         1871    i.rt_tick_increase  clock.o
    0x08003e18   0x08003e18   0x0000006c   Code   RO         2696    i.rt_timer_check    timer.o
    0x08003e84   0x08003e84   0x00000034   Code   RO         2697    i.rt_timer_control  timer.o
    0x08003eb8   0x08003eb8   0x00000030   Code   RO         2698    i.rt_timer_create   timer.o
    0x08003ee8   0x08003ee8   0x00000020   Code   RO         2700    i.rt_timer_detach   timer.o
    0x08003f08   0x08003f08   0x0000002a   Code   RO         2701    i.rt_timer_init     timer.o
    0x08003f32   0x08003f32   0x00000002   PAD
    0x08003f34   0x08003f34   0x000000d4   Code   RO         2704    i.rt_timer_start    timer.o
    0x08004008   0x08004008   0x0000002e   Code   RO         2705    i.rt_timer_stop     timer.o
    0x08004036   0x08004036   0x00000002   PAD
    0x08004038   0x08004038   0x00000298   Code   RO         2235    i.rt_vsnprintf      kservice.o
    0x080042d0   0x080042d0   0x00000004   Code   RO         1914    i.rti_board_end     components.o
    0x080042d4   0x080042d4   0x00000004   Code   RO         1915    i.rti_board_start   components.o
    0x080042d8   0x080042d8   0x00000004   Code   RO         1916    i.rti_end           components.o
    0x080042dc   0x080042dc   0x00000004   Code   RO         1917    i.rti_start         components.o
    0x080042e0   0x080042e0   0x0000002a   Code   RO         1918    i.rtthread_startup  components.o
    0x0800430a   0x0800430a   0x00000028   Code   RO         2237    i.skip_atoi         kservice.o
    0x08004332   0x08004332   0x00000002   PAD
    0x08004334   0x08004334   0x0000000c   Code   RO          237    i.swtmr1_callback   timer_init.o
    0x08004340   0x08004340   0x0000000c   Code   RO          238    i.swtmr2_callback   timer_init.o
    0x0800434c   0x0800434c   0x0000001c   Data   RO          317    .constdata          all_duty_dispose.o
    0x08004368   0x08004368   0x00000122   Data   RO         2239    .constdata          kservice.o
    0x0800448a   0x0800448a   0x00000002   PAD
    0x0800448c   0x0800448c   0x00000004   Data   RO         1919    .rti_fn.0           components.o
    0x08004490   0x08004490   0x00000004   Data   RO         1920    .rti_fn.0.end       components.o
    0x08004494   0x08004494   0x00000004   Data   RO         1921    .rti_fn.1.end       components.o
    0x08004498   0x08004498   0x00000004   Data   RO         1922    .rti_fn.6.end       components.o
    0x0800449c   0x0800449c   0x00000020   Data   RO         3166    Region$$Table       anon$$obj.o


    Execution Region RW_IRAM1 (Exec base: 0x20000000, Load base: 0x080044bc, Size: 0x000033f8, Max: 0x00005000, ABSOLUTE)

    Exec Addr    Load Addr    Size         Type   Attr      Idx    E Section Name        Object

    0x20000000   0x080044bc   0x00000004   Data   RW            6    .data               main.o
    0x20000004   0x080044c0   0x00000010   Data   RW          189    .data               task_init.o
    0x20000014   0x080044d0   0x00000008   Data   RW          239    .data               timer_init.o
    0x2000001c   0x080044d8   0x00000008   Data   RW          275    .data               semaphore_init.o
    0x20000024   0x080044e0   0x0000000c   Data   RW          318    .data               all_duty_dispose.o
    0x20000030   0x080044ec   0x00000014   Data   RW         1352    .data               stm32f10x_rcc.o
    0x20000044   0x08004500   0x00000014   Data   RW         1783    .data               system_stm32f10x.o
    0x20000058   0x08004514   0x00000004   Data   RW         1831    .data               cpuport.o
    0x2000005c   0x08004518   0x00000004   Data   RW         1832    .data               cpuport.o
    0x20000060   0x0800451c   0x00000004   Data   RW         1833    .data               cpuport.o
    0x20000064   0x08004520   0x00000004   Data   RW         1834    .data               cpuport.o
    0x20000068   0x08004524   0x00000004   Data   RW         1873    .data               clock.o
    0x2000006c   0x08004528   0x00000001   Data   RW         2187    .data               irq.o
    0x2000006d   0x08004529   0x00000003   PAD
    0x20000070   0x0800452c   0x00000018   Data   RW         2390    .data               mem.o
    0x20000088   0x08004544   0x00000050   Data   RW         2443    .data               object.o
    0x200000d8   0x08004594   0x00000014   Data   RW         2516    .data               scheduler.o
    0x200000ec   0x080045a8   0x0000000c   Data   RW         2706    .data               timer.o
    0x200000f8   0x080045b4   0x00000004   Data   RW         3138    .data               mc_w.l(stdout.o)
    0x200000fc        -       0x00000014   Zero   RW          187    .bss                task_init.o
    0x20000110        -       0x00000014   Zero   RW          188    .bss                task_init.o
    0x20000124        -       0x00000070   Zero   RW          316    .bss                all_duty_dispose.o
    0x20000194        -       0x00000180   Zero   RW         1982    .bss                idle.o
    0x20000314        -       0x00000080   Zero   RW         2238    .bss                kservice.o
    0x20000394        -       0x00000020   Zero   RW         2389    .bss                mem.o
    0x200003b4        -       0x00000040   Zero   RW         2515    .bss                scheduler.o
    0x200003f4        -       0x00002000   Zero   RW         2801    .bss                board.o
    0x200023f4   0x080045b8   0x00000004   PAD
    0x200023f8        -       0x00001000   Zero   RW         1769    STACK               startup_stm32f10x_md.o


==============================================================================

Image component sizes


      Code (inc. data)   RO Data    RW Data    ZI Data      Debug   Object Name

      1322        226         28         12        112       7378   all_duty_dispose.o
       222         20          0          0       8192       3706   board.o
       228          8          0          0          0       1844   bsp_adc.o
       388         30          0          0          0       3603   bsp_can.o
       220          0          0          0          0       2083   bsp_i2c_ee.o
       512         36          0          0          0       4894   bsp_i2c_gpio.o
       168         16          0          0          0       2343   bsp_usart.o
        56         12          0          4          0       1129   clock.o
       182         30         16          0          0       5568   components.o
       244         26          0          0          0        816   context_rvds.o
       560        324          0         16          0       3246   cpuport.o
       226         12          0          0          0       2439   general_gpio.o
       218         26          0          0        384       5482   idle.o
       360          0          0          0          0       7833   ipc.o
        56         12          0          1          0       1514   irq.o
      1420        162        290          0        128       9336   kservice.o
        88         26          0          4          0     255773   main.o
       716        172          0         24         32       3956   mem.o
       120         14          0          0          0       1699   misc.o
       316          6          0         80          0       8120   object.o
       432         58          0         20         64       8202   scheduler.o
        76         46          0          8          0        733   semaphore_init.o
        36          8        236          0       4096        804   startup_stm32f10x_md.o
       348         10          0          0          0      10002   stm32f10x_adc.o
      1244         22          0          0          0       8364   stm32f10x_can.o
       188          0          0          0          0       3912   stm32f10x_gpio.o
       136         34          0          0          0        937   stm32f10x_it.o
       276         42          0         20          0       5910   stm32f10x_rcc.o
       234          6          0          0          0       4376   stm32f10x_usart.o
       384         44          0         20          0       2893   system_stm32f10x.o
       292         90          0         16         40       2662   task_init.o
       808         44          0          0          0      12194   thread.o
       666         14          0         12          0      11486   timer.o
       120         54          0          8          0       1457   timer_init.o

    ----------------------------------------------------------------------
     12896       1630        604        248      13052     406694   Object Totals
         0          0         32          0          0          0   (incl. Generated)
        34          0          2          3          4          0   (incl. Padding)

    ----------------------------------------------------------------------

      Code (inc. data)   RO Data    RW Data    ZI Data      Debug   Library Member Name

         0          0          0          0          0          0   entry.o
         0          0          0          0          0          0   entry10a.o
         0          0          0          0          0          0   entry11a.o
         8          4          0          0          0          0   entry2.o
         4          0          0          0          0          0   entry5.o
         0          0          0          0          0          0   entry7b.o
         0          0          0          0          0          0   entry8b.o
         8          4          0          0          0          0   entry9a.o
        30          0          0          0          0          0   handlers.o
        36          8          0          0          0         68   init.o
         0          0          0          0          0          0   iusefp.o
        30          0          0          0          0         68   llshl.o
        36          0          0          0          0         68   llsshr.o
        32          0          0          0          0         68   llushr.o
      2258         90          0          0          0        452   printfa.o
         0          0          0          4          0          0   stdout.o
        44          0          0          0          0         80   uidiv.o
        98          0          0          0          0         92   uldiv.o
        48          0          0          0          0         68   cdrcmple.o
       334          0          0          0          0        148   dadd.o
       222          0          0          0          0        100   ddiv.o
       186          0          0          0          0        176   depilogue.o
        48          0          0          0          0         68   dfixul.o
       228          0          0          0          0         96   dmul.o
        38          0          0          0          0         68   f2d.o
       124          0          0          0          0         88   fdiv.o
       110          0          0          0          0        168   fepilogue.o
        50          0          0          0          0         68   ffixi.o
        18          0          0          0          0         68   fflti.o
       100          0          0          0          0         76   fmul.o

    ----------------------------------------------------------------------
      4096        106          0          4          0       2088   Library Totals
         6          0          0          0          0          0   (incl. Padding)

    ----------------------------------------------------------------------

      Code (inc. data)   RO Data    RW Data    ZI Data      Debug   Library Name

      2584        106          0          4          0        896   mc_w.l
      1506          0          0          0          0       1192   mf_w.l

    ----------------------------------------------------------------------
      4096        106          0          4          0       2088   Library Totals

    ----------------------------------------------------------------------

==============================================================================


      Code (inc. data)   RO Data    RW Data    ZI Data      Debug   

     16992       1736        604        252      13052     398586   Grand Totals
     16992       1736        604        252      13052     398586   ELF Image Totals
     16992       1736        604        252          0          0   ROM Totals

==============================================================================

    Total RO  Size (Code + RO Data)                17596 (  17.18kB)
    Total RW  Size (RW Data + ZI Data)             13304 (  12.99kB)
    Total ROM Size (Code + RO Data + RW Data)      17848 (  17.43kB)

==============================================================================

