Component: ARM Compiler 5.06 update 6 (build 750) Tool: armlink [4d35ed]

==============================================================================

Section Cross References

    main.o(i.Application) refers to timer_init.o(i.Timer_init) for Timer_init
    main.o(i.Application) refers to task_init.o(i.Task_init) for Task_init
    main.o(i.Application) refers to semaphore_init.o(i.Semaphore_init) for Semaphore_init
    main.o(i.Application) refers to thread.o(i.rt_thread_delete) for rt_thread_delete
    main.o(i.Application) refers to main.o(.data) for .data
    main.o(i.main) refers to thread.o(i.rt_thread_create) for rt_thread_create
    main.o(i.main) refers to thread.o(i.rt_thread_startup) for rt_thread_startup
    main.o(i.main) refers to main.o(i.Application) for Application
    main.o(i.main) refers to main.o(.data) for .data
    stm32f10x_it.o(i.USB_LP_CAN1_RX0_IRQHandler) refers to irq.o(i.rt_interrupt_enter) for rt_interrupt_enter
    stm32f10x_it.o(i.USB_LP_CAN1_RX0_IRQHandler) refers to stm32f10x_can.o(i.CAN_GetITStatus) for CAN_GetITStatus
    stm32f10x_it.o(i.USB_LP_CAN1_RX0_IRQHandler) refers to stm32f10x_can.o(i.CAN_Receive) for CAN_Receive
    stm32f10x_it.o(i.USB_LP_CAN1_RX0_IRQHandler) refers to stm32f10x_can.o(i.CAN_ClearITPendingBit) for CAN_ClearITPendingBit
    stm32f10x_it.o(i.USB_LP_CAN1_RX0_IRQHandler) refers to irq.o(i.rt_interrupt_leave) for rt_interrupt_leave
    stm32f10x_it.o(i.USB_LP_CAN1_RX0_IRQHandler) refers to task_init.o(.bss) for RxMessage
    task_init.o(i.ADC_Task) refers to all_duty_dispose.o(i.ADC_Task_Dispose) for ADC_Task_Dispose
    task_init.o(i.ADC_Task) refers to thread.o(i.rt_thread_delay) for rt_thread_delay
    task_init.o(i.ADC_Task) refers to ipc.o(i.rt_sem_take) for rt_sem_take
    task_init.o(i.ADC_Task) refers to semaphore_init.o(.data) for Blood_Pressure_Calibration_Sem
    task_init.o(i.CAN_Task) refers to bsp_can.o(i.Init_RxMes) for Init_RxMes
    task_init.o(i.CAN_Task) refers to all_duty_dispose.o(i.CAN_Task_Dispose) for CAN_Task_Dispose
    task_init.o(i.CAN_Task) refers to thread.o(i.rt_thread_delay) for rt_thread_delay
    task_init.o(i.CAN_Task) refers to task_init.o(.bss) for .bss
    task_init.o(i.Dispose_Task) refers to all_duty_dispose.o(i.General_Dispose) for General_Dispose
    task_init.o(i.Dispose_Task) refers to thread.o(i.rt_thread_delay) for rt_thread_delay
    task_init.o(i.I2C_Task) refers to ipc.o(i.rt_sem_take) for rt_sem_take
    task_init.o(i.I2C_Task) refers to thread.o(i.rt_thread_delay) for rt_thread_delay
    task_init.o(i.I2C_Task) refers to semaphore_init.o(.data) for Sem1_Hanle
    task_init.o(i.Task_init) refers to thread.o(i.rt_thread_create) for rt_thread_create
    task_init.o(i.Task_init) refers to thread.o(i.rt_thread_startup) for rt_thread_startup
    task_init.o(i.Task_init) refers to task_init.o(i.CAN_Task) for CAN_Task
    task_init.o(i.Task_init) refers to task_init.o(.data) for .data
    task_init.o(i.Task_init) refers to task_init.o(i.I2C_Task) for I2C_Task
    task_init.o(i.Task_init) refers to task_init.o(i.ADC_Task) for ADC_Task
    task_init.o(i.Task_init) refers to task_init.o(i.Dispose_Task) for Dispose_Task
    timer_init.o(i.Timer_init) refers to timer.o(i.rt_timer_create) for rt_timer_create
    timer_init.o(i.Timer_init) refers to timer.o(i.rt_timer_start) for rt_timer_start
    timer_init.o(i.Timer_init) refers to timer_init.o(i.swtmr1_callback) for swtmr1_callback
    timer_init.o(i.Timer_init) refers to timer_init.o(.data) for .data
    timer_init.o(i.Timer_init) refers to timer_init.o(i.swtmr2_callback) for swtmr2_callback
    timer_init.o(i.swtmr1_callback) refers to ipc.o(i.rt_sem_release) for rt_sem_release
    timer_init.o(i.swtmr1_callback) refers to semaphore_init.o(.data) for Blood_Pressure_Calibration_Sem
    timer_init.o(i.swtmr2_callback) refers to ipc.o(i.rt_sem_release) for rt_sem_release
    timer_init.o(i.swtmr2_callback) refers to semaphore_init.o(.data) for Sem1_Hanle
    semaphore_init.o(i.Semaphore_init) refers to ipc.o(i.rt_sem_create) for rt_sem_create
    semaphore_init.o(i.Semaphore_init) refers to semaphore_init.o(.data) for .data
    all_duty_dispose.o(i.ADC_DataToSend) refers to bsp_i2c_ee.o(i.ee_ReadBytes) for ee_ReadBytes
    all_duty_dispose.o(i.ADC_DataToSend) refers to thread.o(i.rt_thread_delay) for rt_thread_delay
    all_duty_dispose.o(i.ADC_DataToSend) refers to fflti.o(.text) for __aeabi_i2f
    all_duty_dispose.o(i.ADC_DataToSend) refers to fdiv.o(.text) for __aeabi_fdiv
    all_duty_dispose.o(i.ADC_DataToSend) refers to all_duty_dispose.o(i.Average_ADC) for Average_ADC
    all_duty_dispose.o(i.ADC_DataToSend) refers to general_gpio.o(i.Is_LeftOrRight) for Is_LeftOrRight
    all_duty_dispose.o(i.ADC_DataToSend) refers to general_gpio.o(i.Position_Check) for Position_Check
    all_duty_dispose.o(i.ADC_DataToSend) refers to bsp_can.o(i.CAN_SetMsg) for CAN_SetMsg
[...]
    i.GPIO_ReadInputDataBit                  0x08001830   Section        0  stm32f10x_gpio.o(i.GPIO_ReadInputDataBit)
    i.GPIO_ResetBits                         0x0800183e   Section        0  stm32f10x_gpio.o(i.GPIO_ResetBits)
    i.GPIO_SetBits                           0x08001842   Section        0  stm32f10x_gpio.o(i.GPIO_SetBits)
    i.General_Dispose                        0x08001846   Section        0  all_duty_dispose.o(i.General_Dispose)
    i.I2C_Task                               0x08001848   Section        0  task_init.o(i.I2C_Task)
    i.Init_RxMes                             0x08001864   Section        0  bsp_can.o(i.Init_RxMes)
    i.Inquire_Pressure                       0x08001880   Section        0  all_duty_dispose.o(i.Inquire_Pressure)
    i.Is_LeftOrRight                         0x08001884   Section        0  general_gpio.o(i.Is_LeftOrRight)
    i.NVIC_Init                              0x080018a0   Section        0  misc.o(i.NVIC_Init)
    i.NVIC_PriorityGroupConfig               0x08001904   Section        0  misc.o(i.NVIC_PriorityGroupConfig)
    i.Position_Check                         0x08001918   Section        0  general_gpio.o(i.Position_Check)
    i.Pulse_BounceIndex                      0x08001990   Section        0  all_duty_dispose.o(i.Pulse_BounceIndex)
    i.Pulse_Bounce_IO                        0x080019f0   Section        0  general_gpio.o(i.Pulse_Bounce_IO)
    i.Pulse_Bounce_OneShot                   0x08001a38   Section        0  all_duty_dispose.o(i.Pulse_Bounce_OneShot)
    i.RCC_ADCCLKConfig                       0x08001adc   Section        0  stm32f10x_rcc.o(i.RCC_ADCCLKConfig)
    i.RCC_AHBPeriphClockCmd                  0x08001af0   Section        0  stm32f10x_rcc.o(i.RCC_AHBPeriphClockCmd)
    i.RCC_APB1PeriphClockCmd                 0x08001b0c   Section        0  stm32f10x_rcc.o(i.RCC_APB1PeriphClockCmd)
    i.RCC_APB1PeriphResetCmd                 0x08001b28   Section        0  stm32f10x_rcc.o(i.RCC_APB1PeriphResetCmd)
    i.RCC_APB2PeriphClockCmd                 0x08001b44   Section        0  stm32f10x_rcc.o(i.RCC_APB2PeriphClockCmd)
    i.RCC_GetClocksFreq                      0x08001b60   Section        0  stm32f10x_rcc.o(i.RCC_GetClocksFreq)
    i.Semaphore_init                         0x08001c0c   Section        0  semaphore_init.o(i.Semaphore_init)
    i.SetSysClock                            0x08001c58   Section        0  system_stm32f10x.o(i.SetSysClock)
    SetSysClock                              0x08001c59   Thumb Code     4  system_stm32f10x.o(i.SetSysClock)
    i.SetSysClockTo72                        0x08001c5c   Section        0  system_stm32f10x.o(i.SetSysClockTo72)
    SetSysClockTo72                          0x08001c5d   Thumb Code   166  system_stm32f10x.o(i.SetSysClockTo72)
    i.SysTick_Handler                        0x08001d0c   Section        0  board.o(i.SysTick_Handler)
    i.SystemCoreClockUpdate                  0x08001d20   Section        0  system_stm32f10x.o(i.SystemCoreClockUpdate)
    i.SystemInit                             0x08001d9c   Section        0  system_stm32f10x.o(i.SystemInit)
    i.Task_init                              0x08001dec   Section        0  task_init.o(i.Task_init)
    i.Timer_init                             0x08001eac   Section        0  timer_init.o(i.Timer_init)
    i.USART_Cmd                              0x08001f0c   Section        0  stm32f10x_usart.o(i.USART_Cmd)
    i.USART_Config                           0x08001f24   Section        0  bsp_usart.o(i.USART_Config)
    i.USART_GetFlagStatus                    0x08001fa8   Section        0  stm32f10x_usart.o(i.USART_GetFlagStatus)
    i.USART_Init                             0x08001fb8   Section        0  stm32f10x_usart.o(i.USART_Init)
    i.USART_SendData                         0x08002074   Section        0  stm32f10x_usart.o(i.USART_SendData)
    i.USB_LP_CAN1_RX0_IRQHandler             0x0800207c   Section        0  stm32f10x_it.o(i.USB_LP_CAN1_RX0_IRQHandler)
    i._SysTick_Config                        0x080020b0   Section        0  board.o(i._SysTick_Config)
    _SysTick_Config                          0x080020b1   Thumb Code    36  board.o(i._SysTick_Config)
    i.__0printf                              0x080020d8   Section        0  printfa.o(i.__0printf)
    i.__rt_ffs                               0x080020f8   Section        0  kservice.o(i.__rt_ffs)
    i.__scatterload_copy                     0x08002140   Section       14  handlers.o(i.__scatterload_copy)
    i.__scatterload_null                     0x0800214e   Section        2  handlers.o(i.__scatterload_null)
    i.__scatterload_zeroinit                 0x08002150   Section       14  handlers.o(i.__scatterload_zeroinit)
    i._fp_digits                             0x08002160   Section        0  printfa.o(i._fp_digits)
    _fp_digits                               0x08002161   Thumb Code   366  printfa.o(i._fp_digits)
    i._has_defunct_thread                    0x080022e4   Section        0  idle.o(i._has_defunct_thread)
    _has_defunct_thread                      0x080022e5   Thumb Code    16  idle.o(i._has_defunct_thread)
    i._printf_core                           0x080022f8   Section        0  printfa.o(i._printf_core)
    _printf_core                             0x080022f9   Thumb Code  1744  printfa.o(i._printf_core)
    i._printf_post_padding                   0x080029d4   Section        0  printfa.o(i._printf_post_padding)
    _printf_post_padding                     0x080029d5   Thumb Code    36  printfa.o(i._printf_post_padding)
    i._printf_pre_padding                    0x080029f8   Section        0  printfa.o(i._printf_pre_padding)
    _printf_pre_padding                      0x080029f9   Thumb Code    46  printfa.o(i._printf_pre_padding)
    i._rt_thread_init                        0x08002a28   Section        0  thread.o(i._rt_thread_init)
    _rt_thread_init                          0x08002a29   Thumb Code   110  thread.o(i._rt_thread_init)
    i._rt_timer_init                         0x08002aa0   Section        0  timer.o(i._rt_timer_init)
    _rt_timer_init                           0x08002aa1   Thumb Code    38  timer.o(i._rt_timer_init)
    i._rt_timer_remove                       0x08002ac6   Section        0  timer.o(i._rt_timer_remove)
    _rt_timer_remove                         0x08002ac7   Thumb Code    34  timer.o(i._rt_timer_remove)
    i.ee_ReadBytes                           0x08002ae8   Section        0  bsp_i2c_ee.o(i.ee_ReadBytes)
    i.ee_WriteBytes                          0x08002b52   Section        0  bsp_i2c_ee.o(i.ee_WriteBytes)
    i.fputc                                  0x08002bc4   Section        0  bsp_usart.o(i.fputc)
    i.i2c_Ack                                0x08002be8   Section        0  bsp_i2c_gpio.o(i.i2c_Ack)
    i.i2c_CfgGpio                            0x08002c20   Section        0  bsp_i2c_gpio.o(i.i2c_CfgGpio)
    i2c_CfgGpio                              0x08002c21   Thumb Code    42  bsp_i2c_gpio.o(i.i2c_CfgGpio)
    i.i2c_CheckDevice                        0x08002c50   Section        0  bsp_i2c_gpio.o(i.i2c_CheckDevice)
    i.i2c_Delay                              0x08002c70   Section        0  bsp_i2c_gpio.o(i.i2c_Delay)
    i2c_Delay                                0x08002c71   Thumb Code    12  bsp_i2c_gpio.o(i.i2c_Delay)
    i.i2c_NAck                               0x08002c7c   Section        0  bsp_i2c_gpio.o(i.i2c_NAck)
    i.i2c_ReadByte                           0x08002cac   Section        0  bsp_i2c_gpio.o(i.i2c_ReadByte)
    i.i2c_SendByte                           0x08002cf0   Section        0  bsp_i2c_gpio.o(i.i2c_SendByte)
    i.i2c_Start                              0x08002d48   Section        0  bsp_i2c_gpio.o(i.i2c_Start)
    i.i2c_Stop                               0x08002d80   Section        0  bsp_i2c_gpio.o(i.i2c_Stop)
    i.i2c_WaitAck                            0x08002da8   Section        0  bsp_i2c_gpio.o(i.i2c_WaitAck)
    i.main                                   0x08002de8   Section        0  main.o(i.main)
    i.main_thread_entry                      0x08002e20   Section        0  components.o(i.main_thread_entry)
    i.plug_holes                             0x08002e30   Section        0  mem.o(i.plug_holes)
    plug_holes                               0x08002e31   Thumb Code    80  mem.o(i.plug_holes)
    i.print_number                           0x08002e84   Section        0  kservice.o(i.print_number)
    print_number                             0x08002e85   Thumb Code   304  kservice.o(i.print_number)
    i.rt_application_init                    0x08002fb8   Section        0  components.o(i.rt_application_init)
    i.rt_components_board_init               0x08002fe4   Section        0  components.o(i.rt_components_board_init)
    i.rt_components_init                     0x08003000   Section        0  components.o(i.rt_components_init)
    i.rt_enter_critical                      0x0800301c   Section        0  scheduler.o(i.rt_enter_critical)
    i.rt_exit_critical                       0x08003038   Section        0  scheduler.o(i.rt_exit_critical)
    i.rt_free                                0x08003070   Section        0  mem.o(i.rt_free)
    i.rt_heap_begin_get                      0x08003134   Section        0  board.o(i.rt_heap_begin_get)
    i.rt_heap_end_get                        0x0800313c   Section        0  board.o(i.rt_heap_end_get)
    i.rt_hw_board_init                       0x08003144   Section        0  board.o(i.rt_hw_board_init)
    i.rt_hw_console_output                   0x0800318c   Section        0  board.o(i.rt_hw_console_output)
    i.rt_hw_hard_fault_exception             0x080031d8   Section        0  cpuport.o(i.rt_hw_hard_fault_exception)
    i.rt_hw_stack_init                       0x080033cc   Section        0  cpuport.o(i.rt_hw_stack_init)
    i.rt_interrupt_enter                     0x08003408   Section        0  irq.o(i.rt_interrupt_enter)
    i.rt_interrupt_leave                     0x08003424   Section        0  irq.o(i.rt_interrupt_leave)
    i.rt_ipc_list_suspend                    0x08003440   Section        0  ipc.o(i.rt_ipc_list_suspend)
    rt_ipc_list_suspend                      0x08003441   Thumb Code    92  ipc.o(i.rt_ipc_list_suspend)
    i.rt_kprintf                             0x0800349c   Section        0  kservice.o(i.rt_kprintf)
    i.rt_list_insert_after                   0x080034c0   Section        0  object.o(i.rt_list_insert_after)
    rt_list_insert_after                     0x080034c1   Thumb Code    14  object.o(i.rt_list_insert_after)
    i.rt_list_insert_after                   0x080034ce   Section        0  thread.o(i.rt_list_insert_after)
    rt_list_insert_after                     0x080034cf   Thumb Code    14  thread.o(i.rt_list_insert_after)
    i.rt_list_insert_after                   0x080034dc   Section        0  timer.o(i.rt_list_insert_after)
    rt_list_insert_after                     0x080034dd   Thumb Code    14  timer.o(i.rt_list_insert_after)
    i.rt_list_insert_before                  0x080034ea   Section        0  ipc.o(i.rt_list_insert_before)
    rt_list_insert_before                    0x080034eb   Thumb Code    14  ipc.o(i.rt_list_insert_before)
    i.rt_list_isempty                        0x080034f8   Section        0  ipc.o(i.rt_list_isempty)
    rt_list_isempty                          0x080034f9   Thumb Code    14  ipc.o(i.rt_list_isempty)
    i.rt_list_isempty                        0x08003506   Section        0  timer.o(i.rt_list_isempty)
    rt_list_isempty                          0x08003507   Thumb Code    14  timer.o(i.rt_list_isempty)
    i.rt_list_remove                         0x08003514   Section        0  object.o(i.rt_list_remove)
    rt_list_remove                           0x08003515   Thumb Code    18  object.o(i.rt_list_remove)
    i.rt_list_remove                         0x08003526   Section        0  thread.o(i.rt_list_remove)
    rt_list_remove                           0x08003527   Thumb Code    18  thread.o(i.rt_list_remove)
    i.rt_malloc                              0x08003538   Section        0  mem.o(i.rt_malloc)
    i.rt_memset                              0x0800363c   Section        0  kservice.o(i.rt_memset)
    i.rt_object_allocate                     0x08003682   Section        0  object.o(i.rt_object_allocate)
    i.rt_object_delete                       0x080036d6   Section        0  object.o(i.rt_object_delete)
    i.rt_object_detach                       0x080036fc   Section        0  object.o(i.rt_object_detach)
    i.rt_object_get_information              0x0800371c   Section        0  object.o(i.rt_object_get_information)
    i.rt_object_init                         0x08003740   Section        0  object.o(i.rt_object_init)
    i.rt_object_is_systemobject              0x08003790   Section        0  object.o(i.rt_object_is_systemobject)
    i.rt_schedule                            0x080037a0   Section        0  scheduler.o(i.rt_schedule)
    i.rt_schedule_insert_thread              0x08003800   Section        0  scheduler.o(i.rt_schedule_insert_thread)
    i.rt_schedule_remove_thread              0x0800384c   Section        0  scheduler.o(i.rt_schedule_remove_thread)
    i.rt_sem_create                          0x080038a0   Section        0  ipc.o(i.rt_sem_create)
    i.rt_sem_init                            0x080038c0   Section        0  ipc.o(i.rt_sem_init)
    i.rt_sem_release                         0x080038e6   Section        0  ipc.o(i.rt_sem_release)
    i.rt_sem_take                            0x08003922   Section        0  ipc.o(i.rt_sem_take)
    i.rt_show_version                        0x08003990   Section        0  kservice.o(i.rt_show_version)
    i.rt_strlen                              0x08003a40   Section        0  kservice.o(i.rt_strlen)
    i.rt_strncpy                             0x08003a50   Section        0  kservice.o(i.rt_strncpy)
    i.rt_system_heap_init                    0x08003a78   Section        0  mem.o(i.rt_system_heap_init)
    i.rt_system_scheduler_init               0x08003b28   Section        0  scheduler.o(i.rt_system_scheduler_init)
    i.rt_system_scheduler_start              0x08003b5c   Section        0  scheduler.o(i.rt_system_scheduler_start)
    i.rt_system_timer_init                   0x08003b84   Section        0  timer.o(i.rt_system_timer_init)
    i.rt_system_timer_thread_init            0x08003b9c   Section        0  timer.o(i.rt_system_timer_thread_init)
    i.rt_thread_create                       0x08003b9e   Section        0  thread.o(i.rt_thread_create)
    i.rt_thread_delay                        0x08003bea   Section        0  thread.o(i.rt_thread_delay)
    i.rt_thread_delete                       0x08003bf0   Section        0  thread.o(i.rt_thread_delete)
    i.rt_thread_exit                         0x08003c30   Section        0  thread.o(i.rt_thread_exit)
    i.rt_thread_idle_entry                   0x08003c88   Section        0  idle.o(i.rt_thread_idle_entry)
    rt_thread_idle_entry                     0x08003c89   Thumb Code     6  idle.o(i.rt_thread_idle_entry)
    i.rt_thread_idle_excute                  0x08003c90   Section        0  idle.o(i.rt_thread_idle_excute)
    i.rt_thread_idle_init                    0x08003d10   Section        0  idle.o(i.rt_thread_idle_init)
    i.rt_thread_init                         0x08003d50   Section        0  thread.o(i.rt_thread_init)
    i.rt_thread_resume                       0x08003d88   Section        0  thread.o(i.rt_thread_resume)
    i.rt_thread_self                         0x08003dc4   Section        0  thread.o(i.rt_thread_self)
    i.rt_thread_sleep                        0x08003dd0   Section        0  thread.o(i.rt_thread_sleep)
    i.rt_thread_startup                      0x08003e10   Section        0  thread.o(i.rt_thread_startup)
    i.rt_thread_suspend                      0x08003e36   Section        0  thread.o(i.rt_thread_suspend)
    i.rt_thread_timeout                      0x08003e78   Section        0  thread.o(i.rt_thread_timeout)
    i.rt_thread_yield                        0x08003e98   Section        0  thread.o(i.rt_thread_yield)
    i.rt_tick_get                            0x08003ef8   Section        0  clock.o(i.rt_tick_get)
    i.rt_tick_increase                       0x08003f04   Section        0  clock.o(i.rt_tick_increase)
    i.rt_timer_check                         0x08003f30   Section        0  timer.o(i.rt_timer_check)
    i.rt_timer_control                       0x08003f9c   Section        0  timer.o(i.rt_timer_control)
    i.rt_timer_create                        0x08003fd0   Section        0  timer.o(i.rt_timer_create)
    i.rt_timer_detach                        0x08004000   Section        0  timer.o(i.rt_timer_detach)
    i.rt_timer_init                          0x08004020   Section        0  timer.o(i.rt_timer_init)
    i.rt_timer_start                         0x0800404c   Section        0  timer.o(i.rt_timer_start)
    i.rt_timer_stop                          0x08004120   Section        0  timer.o(i.rt_timer_stop)
    i.rt_vsnprintf                           0x08004150   Section        0  kservice.o(i.rt_vsnprintf)
    i.rti_board_end                          0x080043e8   Section        0  components.o(i.rti_board_end)
    rti_board_end                            0x080043e9   Thumb Code     4  components.o(i.rti_board_end)
    i.rti_board_start                        0x080043ec   Section        0  components.o(i.rti_board_start)
    rti_board_start                          0x080043ed   Thumb Code     4  components.o(i.rti_board_start)
    i.rti_end                                0x080043f0   Section        0  components.o(i.rti_end)
    rti_end                                  0x080043f1   Thumb Code     4  components.o(i.rti_end)
    i.rti_start                              0x080043f4   Section        0  components.o(i.rti_start)
    rti_start                                0x080043f5   Thumb Code     4  components.o(i.rti_start)
    i.rtthread_startup                       0x080043f8   Section        0  components.o(i.rtthread_startup)
    i.skip_atoi                              0x08004422   Section        0  kservice.o(i.skip_atoi)
    skip_atoi                                0x08004423   Thumb Code    40  kservice.o(i.skip_atoi)
    i.swtmr1_callback                        0x0800444c   Section        0  timer_init.o(i.swtmr1_callback)
    swtmr1_callback                          0x0800444d   Thumb Code     8  timer_init.o(i.swtmr1_callback)
    i.swtmr2_callback                        0x08004458   Section        0  timer_init.o(i.swtmr2_callback)
    swtmr2_callback                          0x08004459   Thumb Code     8  timer_init.o(i.swtmr2_callback)
    .constdata                               0x08004464   Section       28  all_duty_dispose.o(.constdata)
    .constdata                               0x08004480   Section      290  kservice.o(.constdata)
    small_digits                             0x08004580   Data          17  kservice.o(.constdata)
    large_digits                             0x08004591   Data          17  kservice.o(.constdata)
    .rti_fn.0                                0x080045a4   Section        4  components.o(.rti_fn.0)
    __tagsym$$used                           0x080045a4   Number         0  components.o(.rti_fn.0)
    .rti_fn.0.end                            0x080045a8   Section        4  components.o(.rti_fn.0.end)
    __tagsym$$used                           0x080045a8   Number         0  components.o(.rti_fn.0.end)
    .rti_fn.1.end                            0x080045ac   Section        4  components.o(.rti_fn.1.end)
    __tagsym$$used                           0x080045ac   Number         0  components.o(.rti_fn.1.end)
    .rti_fn.6.end                            0x080045b0   Section        4  components.o(.rti_fn.6.end)
    __tagsym$$used                           0x080045b0   Number         0  components.o(.rti_fn.6.end)
    .data                                    0x20000000   Section        4  main.o(.data)
    App_Handle                               0x20000000   Data           4  main.o(.data)
    .data                                    0x20000004   Section       16  task_init.o(.data)
    CAN_Handle                               0x20000004   Data           4  task_init.o(.data)
    I2C_Handle                               0x20000008   Data           4  task_init.o(.data)
    ADC_Handle                               0x2000000c   Data           4  task_init.o(.data)
    DISPOSE_Handle                           0x20000010   Data           4  task_init.o(.data)
    .data                                    0x20000014   Section        8  timer_init.o(.data)
    swtmr1                                   0x20000014   Data           4  timer_init.o(.data)
    swtmr2                                   0x20000018   Data           4  timer_init.o(.data)
    .data                                    0x2000001c   Section        8  semaphore_init.o(.data)
    .data                                    0x20000024   Section        8  all_duty_dispose.o(.data)
    data                                     0x20000028   Data           4  all_duty_dispose.o(.data)
    .data                                    0x2000002c   Section        2  bsp_adc.o(.data)
    .data                                    0x2000002e   Section       20  stm32f10x_rcc.o(.data)
    ADCPrescTable                            0x2000002e   Data           4  stm32f10x_rcc.o(.data)
    APBAHBPrescTable                         0x20000032   Data          16  stm32f10x_rcc.o(.data)
    .data                                    0x20000044   Section       20  system_stm32f10x.o(.data)
    .data                                    0x20000058   Section        4  cpuport.o(.data)
    rt_exception_hook                        0x20000058   Data           4  cpuport.o(.data)
    .data                                    0x2000005c   Section        4  cpuport.o(.data)
    .data                                    0x20000060   Section        4  cpuport.o(.data)
    .data                                    0x20000064   Section        4  cpuport.o(.data)
    .data                                    0x20000068   Section        4  clock.o(.data)
    rt_tick                                  0x20000068   Data           4  clock.o(.data)
    .data                                    0x2000006c   Section        1  irq.o(.data)
    .data                                    0x20000070   Section       24  mem.o(.data)
    heap_ptr                                 0x20000070   Data           4  mem.o(.data)
    heap_end                                 0x20000074   Data           4  mem.o(.data)
    lfree                                    0x20000078   Data           4  mem.o(.data)
    mem_size_aligned                         0x2000007c   Data           4  mem.o(.data)
    used_mem                                 0x20000080   Data           4  mem.o(.data)
    max_mem                                  0x20000084   Data           4  mem.o(.data)
    .data                                    0x20000088   Section       80  object.o(.data)
    rt_object_container                      0x20000088   Data          80  object.o(.data)
    .data                                    0x200000d8   Section       20  scheduler.o(.data)
    rt_scheduler_lock_nest                   0x200000da   Data           2  scheduler.o(.data)
    .data                                    0x200000ec   Section       12  timer.o(.data)
    random_nr                                0x200000ec   Data           4  timer.o(.data)
    rt_timer_list                            0x200000f0   Data           8  timer.o(.data)
    .data                                    0x200000f8   Section        4  stdout.o(.data)
    .bss                                     0x200000fc   Section       20  task_init.o(.bss)
    .bss                                     0x20000110   Section       20  task_init.o(.bss)
    .bss                                     0x20000124   Section      116  all_duty_dispose.o(.bss)
    .bss                                     0x20000198   Section      384  idle.o(.bss)
    idle                                     0x20000198   Data         128  idle.o(.bss)
    rt_thread_stack                          0x20000218   Data         256  idle.o(.bss)
    .bss                                     0x20000318   Section      128  kservice.o(.bss)
    rt_log_buf                               0x20000318   Data         128  kservice.o(.bss)
    .bss                                     0x20000398   Section       32  mem.o(.bss)
    heap_sem                                 0x20000398   Data          32  mem.o(.bss)
    .bss                                     0x200003b8   Section       64  scheduler.o(.bss)
    .bss                                     0x200003f8   Section     8192  board.o(.bss)
    rt_heap                                  0x200003f8   Data        8192  board.o(.bss)
    STACK                                    0x200023f8   Section     4096  startup_stm32f10x_md.o(STACK)

    Global Symbols

    Symbol Name                              Value     Ov Type        Size  Object(Section)

    BuildAttributes$$THM_ISAv4$P$D$K$B$S$PE$A:L22UL41UL21$X:L11$S22US41US21$IEEE1$IW$USESV6$~STKCKD$USESV7$~SHL$OTIME$ROPI$EBA8$MICROLIB$REQ8$PRES8$EABIv2 0x00000000   Number         0  anon$$obj.o ABSOLUTE
    __ARM_use_no_argv                        0x00000000   Number         0  main.o ABSOLUTE
    _printf_a                                0x00000000   Number         0  stubs.o ABSOLUTE
    _printf_c                                0x00000000   Number         0  stubs.o ABSOLUTE
    _printf_charcount                        0x00000000   Number         0  stubs.o ABSOLUTE
    _printf_d                                0x00000000   Number         0  stubs.o ABSOLUTE
    _printf_e                                0x00000000   Number         0  stubs.o ABSOLUTE
    _printf_f                                0x00000000   Number         0  stubs.o ABSOLUTE
    _printf_flags                            0x00000000   Number         0  stubs.o ABSOLUTE
    _printf_fp_dec                           0x00000000   Number         0  stubs.o ABSOLUTE
    _printf_fp_hex                           0x00000000   Number         0  stubs.o ABSOLUTE
    _printf_g                                0x00000000   Number         0  stubs.o ABSOLUTE
    _printf_i                                0x00000000   Number         0  stubs.o ABSOLUTE
    _printf_int_dec                          0x00000000   Number         0  stubs.o ABSOLUTE
    _printf_l                                0x00000000   Number         0  stubs.o ABSOLUTE
    _printf_lc                               0x00000000   Number         0  stubs.o ABSOLUTE
    _printf_ll                               0x00000000   Number         0  stubs.o ABSOLUTE
    _printf_lld                              0x00000000   Number         0  stubs.o ABSOLUTE
    _printf_lli                              0x00000000   Number         0  stubs.o ABSOLUTE
    _printf_llo                              0x00000000   Number         0  stubs.o ABSOLUTE
    _printf_llu                              0x00000000   Number         0  stubs.o ABSOLUTE
    _printf_llx                              0x00000000   Number         0  stubs.o ABSOLUTE
    _printf_longlong_dec                     0x00000000   Number         0  stubs.o ABSOLUTE
    _printf_longlong_hex                     0x00000000   Number         0  stubs.o ABSOLUTE
    _printf_longlong_oct                     0x00000000   Number         0  stubs.o ABSOLUTE
    _printf_ls                               0x00000000   Number         0  stubs.o ABSOLUTE
    _printf_mbtowc                           0x00000000   Number         0  stubs.o ABSOLUTE
    _printf_n                                0x00000000   Number         0  stubs.o ABSOLUTE
    _printf_o                                0x00000000   Number         0  stubs.o ABSOLUTE
    _printf_p                                0x00000000   Number         0  stubs.o ABSOLUTE
    _printf_percent                          0x00000000   Number         0  stubs.o ABSOLUTE
    _printf_pre_padding                      0x00000000   Number         0  stubs.o ABSOLUTE
    _printf_return_value                     0x00000000   Number         0  stubs.o ABSOLUTE
    _printf_s                                0x00000000   Number         0  stubs.o ABSOLUTE
    _printf_sizespec                         0x00000000   Number         0  stubs.o ABSOLUTE
    _printf_str                              0x00000000   Number         0  stubs.o ABSOLUTE
    _printf_truncate_signed                  0x00000000   Number         0  stubs.o ABSOLUTE
    _printf_truncate_unsigned                0x00000000   Number         0  stubs.o ABSOLUTE
    _printf_u                                0x00000000   Number         0  stubs.o ABSOLUTE
    _printf_wc                               0x00000000   Number         0  stubs.o ABSOLUTE
    _printf_wctomb                           0x00000000   Number         0  stubs.o ABSOLUTE
    _printf_widthprec                        0x00000000   Number         0  stubs.o ABSOLUTE
    _printf_x                                0x00000000   Number         0  stubs.o ABSOLUTE
    __cpp_initialize__aeabi_                  - Undefined Weak Reference
    __cxa_finalize                            - Undefined Weak Reference
    __decompress                              - Undefined Weak Reference
    _clock_init                               - Undefined Weak Reference
    _microlib_exit                            - Undefined Weak Reference
    __Vectors_Size                           0x000000ec   Number         0  startup_stm32f10x_md.o ABSOLUTE
    __Vectors                                0x08000000   Data           4  startup_stm32f10x_md.o(RESET)
    __Vectors_End                            0x080000ec   Data           0  startup_stm32f10x_md.o(RESET)
    __main                                   0x080000ed   Thumb Code     0  entry.o(.ARM.Collect$$$$00000000)
    _main_stk                                0x080000ed   Thumb Code     0  entry2.o(.ARM.Collect$$$$00000001)
    _main_scatterload                        0x080000f1   Thumb Code     0  entry5.o(.ARM.Collect$$$$00000004)
    __main_after_scatterload                 0x080000f5   Thumb Code     0  entry5.o(.ARM.Collect$$$$00000004)
    _main_clock                              0x080000f5   Thumb Code     0  entry7b.o(.ARM.Collect$$$$00000008)
    _main_cpp_init                           0x080000f5   Thumb Code     0  entry8b.o(.ARM.Collect$$$$0000000A)
    _main_init                               0x080000f5   Thumb Code     0  entry9a.o(.ARM.Collect$$$$0000000B)
    __rt_final_cpp                           0x080000fd   Thumb Code     0  entry10a.o(.ARM.Collect$$$$0000000D)
    __rt_final_exit                          0x080000fd   Thumb Code     0  entry11a.o(.ARM.Collect$$$$0000000F)
    Reset_Handler                            0x08000101   Thumb Code     8  startup_stm32f10x_md.o(.text)
    NMI_Handler                              0x08000109   Thumb Code     2  startup_stm32f10x_md.o(.text)
    MemManage_Handler                        0x0800010d   Thumb Code     2  startup_stm32f10x_md.o(.text)
    BusFault_Handler                         0x0800010f   Thumb Code     2  startup_stm32f10x_md.o(.text)
    UsageFault_Handler                       0x08000111   Thumb Code     2  startup_stm32f10x_md.o(.text)
    SVC_Handler                              0x08000113   Thumb Code     2  startup_stm32f10x_md.o(.text)
    DebugMon_Handler                         0x08000115   Thumb Code     2  startup_stm32f10x_md.o(.text)
    ADC1_2_IRQHandler                        0x0800011b   Thumb Code     0  startup_stm32f10x_md.o(.text)
    CAN1_RX1_IRQHandler                      0x0800011b   Thumb Code     0  startup_stm32f10x_md.o(.text)
    CAN1_SCE_IRQHandler                      0x0800011b   Thumb Code     0  startup_stm32f10x_md.o(.text)
    DMA1_Channel1_IRQHandler                 0x0800011b   Thumb Code     0  startup_stm32f10x_md.o(.text)
    DMA1_Channel2_IRQHandler                 0x0800011b   Thumb Code     0  startup_stm32f10x_md.o(.text)
    DMA1_Channel3_IRQHandler                 0x0800011b   Thumb Code     0  startup_stm32f10x_md.o(.text)
    DMA1_Channel4_IRQHandler                 0x0800011b   Thumb Code     0  startup_stm32f10x_md.o(.text)
    DMA1_Channel5_IRQHandler                 0x0800011b   Thumb Code     0  startup_stm32f10x_md.o(.text)
    DMA1_Channel6_IRQHandler                 0x0800011b   Thumb Code     0  startup_stm32f10x_md.o(.text)
    DMA1_Channel7_IRQHandler                 0x0800011b   Thumb Code     0  startup_stm32f10x_md.o(.text)
    EXTI0_IRQHandler                         0x0800011b   Thumb Code     0  startup_stm32f10x_md.o(.text)
    EXTI15_10_IRQHandler                     0x0800011b   Thumb Code     0  startup_stm32f10x_md.o(.text)
    EXTI1_IRQHandler                         0x0800011b   Thumb Code     0  startup_stm32f10x_md.o(.text)
    EXTI2_IRQHandler                         0x0800011b   Thumb Code     0  startup_stm32f10x_md.o(.text)
    EXTI3_IRQHandler                         0x0800011b   Thumb Code     0  startup_stm32f10x_md.o(.text)
    EXTI4_IRQHandler                         0x0800011b   Thumb Code     0  startup_stm32f10x_md.o(.text)
    EXTI9_5_IRQHandler                       0x0800011b   Thumb Code     0  startup_stm32f10x_md.o(.text)
    FLASH_IRQHandler                         0x0800011b   Thumb Code     0  startup_stm32f10x_md.o(.text)
    I2C1_ER_IRQHandler                       0x0800011b   Thumb Code     0  startup_stm32f10x_md.o(.text)
    I2C1_EV_IRQHandler                       0x0800011b   Thumb Code     0  startup_stm32f10x_md.o(.text)
    I2C2_ER_IRQHandler                       0x0800011b   Thumb Code     0  startup_stm32f10x_md.o(.text)
    I2C2_EV_IRQHandler                       0x0800011b   Thumb Code     0  startup_stm32f10x_md.o(.text)
    PVD_IRQHandler                           0x0800011b   Thumb Code     0  startup_stm32f10x_md.o(.text)
    RCC_IRQHandler                           0x0800011b   Thumb Code     0  startup_stm32f10x_md.o(.text)
    RTCAlarm_IRQHandler                      0x0800011b   Thumb Code     0  startup_stm32f10x_md.o(.text)
    RTC_IRQHandler                           0x0800011b   Thumb Code     0  startup_stm32f10x_md.o(.text)
    SPI1_IRQHandler                          0x0800011b   Thumb Code     0  startup_stm32f10x_md.o(.text)
    SPI2_IRQHandler                          0x0800011b   Thumb Code     0  startup_stm32f10x_md.o(.text)
    TAMPER_IRQHandler                        0x0800011b   Thumb Code     0  startup_stm32f10x_md.o(.text)
    TIM1_BRK_IRQHandler                      0x0800011b   Thumb Code     0  startup_stm32f10x_md.o(.text)
    TIM1_CC_IRQHandler                       0x0800011b   Thumb Code     0  startup_stm32f10x_md.o(.text)
    TIM1_TRG_COM_IRQHandler                  0x0800011b   Thumb Code     0  startup_stm32f10x_md.o(.text)
    TIM1_UP_IRQHandler                       0x0800011b   Thumb Code     0  startup_stm32f10x_md.o(.text)
    TIM2_IRQHandler                          0x0800011b   Thumb Code     0  startup_stm32f10x_md.o(.text)
    TIM3_IRQHandler                          0x0800011b   Thumb Code     0  startup_stm32f10x_md.o(.text)
    TIM4_IRQHandler                          0x0800011b   Thumb Code     0  startup_stm32f10x_md.o(.text)
    USART1_IRQHandler                        0x0800011b   Thumb Code     0  startup_stm32f10x_md.o(.text)
    USART2_IRQHandler                        0x0800011b   Thumb Code     0  startup_stm32f10x_md.o(.text)
    USART3_IRQHandler                        0x0800011b   Thumb Code     0  startup_stm32f10x_md.o(.text)
    USBWakeUp_IRQHandler                     0x0800011b   Thumb Code     0  startup_stm32f10x_md.o(.text)
    USB_HP_CAN1_TX_IRQHandler                0x0800011b   Thumb Code     0  startup_stm32f10x_md.o(.text)
    WWDG_IRQHandler                          0x0800011b   Thumb Code     0  startup_stm32f10x_md.o(.text)
    rt_hw_interrupt_disable                  0x08000125   Thumb Code     8  context_rvds.o(.text)
    rt_hw_interrupt_enable                   0x0800012d   Thumb Code     6  context_rvds.o(.text)
    rt_hw_context_switch                     0x08000133   Thumb Code    32  context_rvds.o(.text)
    rt_hw_context_switch_interrupt           0x08000133   Thumb Code     0  context_rvds.o(.text)
    PendSV_Handler                           0x08000153   Thumb Code    60  context_rvds.o(.text)
    rt_hw_context_switch_to                  0x0800018f   Thumb Code    58  context_rvds.o(.text)
    rt_hw_interrupt_thread_switch            0x080001c9   Thumb Code     2  context_rvds.o(.text)
    HardFault_Handler                        0x080001cb   Thumb Code    52  context_rvds.o(.text)
    __aeabi_fdiv                             0x08000219   Thumb Code   124  fdiv.o(.text)
    __aeabi_i2f                              0x08000295   Thumb Code    18  fflti.o(.text)
    __aeabi_f2iz                             0x080002a7   Thumb Code    50  ffixi.o(.text)
    __aeabi_f2d                              0x080002d9   Thumb Code    38  f2d.o(.text)
    __aeabi_uidiv                            0x080002ff   Thumb Code     0  uidiv.o(.text)
    __aeabi_uidivmod                         0x080002ff   Thumb Code    44  uidiv.o(.text)
    __aeabi_uldivmod                         0x0800032b   Thumb Code    98  uldiv.o(.text)
    __I$use$fp                               0x0800038d   Thumb Code     0  iusefp.o(.text)
    _float_round                             0x0800038d   Thumb Code    18  fepilogue.o(.text)
    _float_epilogue                          0x0800039f   Thumb Code    92  fepilogue.o(.text)
    __aeabi_dadd                             0x080003fb   Thumb Code   322  dadd.o(.text)
    __aeabi_dsub                             0x0800053d   Thumb Code     6  dadd.o(.text)
    __aeabi_drsub                            0x08000543   Thumb Code     6  dadd.o(.text)
    __aeabi_dmul                             0x08000549   Thumb Code   228  dmul.o(.text)
    __aeabi_ddiv                             0x0800062d   Thumb Code   222  ddiv.o(.text)
    __aeabi_d2ulz                            0x0800070b   Thumb Code    48  dfixul.o(.text)
    __aeabi_cdrcmple                         0x0800073d   Thumb Code    48  cdrcmple.o(.text)
    __scatterload                            0x0800076d   Thumb Code    28  init.o(.text)
    __scatterload_rt2                        0x0800076d   Thumb Code     0  init.o(.text)
    __aeabi_llsl                             0x08000791   Thumb Code    30  llshl.o(.text)
    _ll_shift_l                              0x08000791   Thumb Code     0  llshl.o(.text)
    __aeabi_llsr                             0x080007af   Thumb Code    32  llushr.o(.text)
    _ll_ushift_r                             0x080007af   Thumb Code     0  llushr.o(.text)
    __aeabi_lasr                             0x080007cf   Thumb Code    36  llsshr.o(.text)
    _ll_sshift_r                             0x080007cf   Thumb Code     0  llsshr.o(.text)
    _double_round                            0x080007f3   Thumb Code    30  depilogue.o(.text)
    _double_epilogue                         0x08000811   Thumb Code   156  depilogue.o(.text)
    main                                     0x080008ad   Thumb Code    10  components.o(i.$Sub$$main)
    ADC_Cmd                                  0x080008b7   Thumb Code    24  stm32f10x_adc.o(i.ADC_Cmd)
    ADC_DMACmd                               0x080008cf   Thumb Code    24  stm32f10x_adc.o(i.ADC_DMACmd)
    ADC_DataToSend                           0x080008e9   Thumb Code   316  all_duty_dispose.o(i.ADC_DataToSend)
    ADC_GetCalibrationStatus                 0x08000a89   Thumb Code    14  stm32f10x_adc.o(i.ADC_GetCalibrationStatus)
    ADC_GetResetCalibrationStatus            0x08000a97   Thumb Code    14  stm32f10x_adc.o(i.ADC_GetResetCalibrationStatus)
    ADC_Init                                 0x08000aa5   Thumb Code    62  stm32f10x_adc.o(i.ADC_Init)
    ADC_RegularChannelConfig                 0x08000aed   Thumb Code   116  stm32f10x_adc.o(i.ADC_RegularChannelConfig)
    ADC_ResetCalibration                     0x08000b61   Thumb Code    10  stm32f10x_adc.o(i.ADC_ResetCalibration)
    ADC_SoftwareStartConvCmd                 0x08000b6b   Thumb Code    24  stm32f10x_adc.o(i.ADC_SoftwareStartConvCmd)
    ADC_StartCalibration                     0x08000b83   Thumb Code    10  stm32f10x_adc.o(i.ADC_StartCalibration)
    ADC_Task                                 0x08000b8d   Thumb Code    32  task_init.o(i.ADC_Task)
    ADC_Task_Dispose                         0x08000bb1   Thumb Code     4  all_duty_dispose.o(i.ADC_Task_Dispose)
    ADCx_Init                                0x08000bd9   Thumb Code    14  bsp_adc.o(i.ADCx_Init)
    All_GPIO_init                            0x08000d49   Thumb Code     4  general_gpio.o(i.All_GPIO_init)
    Application                              0x08000d4d   Thumb Code    26  main.o(i.Application)
    Average_ADC                              0x08000d6d   Thumb Code    82  all_duty_dispose.o(i.Average_ADC)
    Blood_Pressure_Calibration               0x08000dc5   Thumb Code   370  all_duty_dispose.o(i.Blood_Pressure_Calibration)
    CAN_ClearITPendingBit                    0x08000f99   Thumb Code   132  stm32f10x_can.o(i.CAN_ClearITPendingBit)
    CAN_Config                               0x08001021   Thumb Code    22  bsp_can.o(i.CAN_Config)
    CAN_DeInit                               0x08001039   Thumb Code    52  stm32f10x_can.o(i.CAN_DeInit)
    CAN_FilterInit                           0x08001071   Thumb Code   202  stm32f10x_can.o(i.CAN_FilterInit)
    CAN_GetITStatus                          0x08001205   Thumb Code   200  stm32f10x_can.o(i.CAN_GetITStatus)
    CAN_ITConfig                             0x080012d1   Thumb Code    20  stm32f10x_can.o(i.CAN_ITConfig)
    CAN_Init                                 0x080012e5   Thumb Code   260  stm32f10x_can.o(i.CAN_Init)
    CAN_Receive                              0x0800146d   Thumb Code   130  stm32f10x_can.o(i.CAN_Receive)
    CAN_SetMsg                               0x080014ef   Thumb Code    14  bsp_can.o(i.CAN_SetMsg)
    CAN_StructInit                           0x080014fd   Thumb Code    32  stm32f10x_can.o(i.CAN_StructInit)
    CAN_Task                                 0x0800151d   Thumb Code    18  task_init.o(i.CAN_Task)
    CAN_Task_Dispose                         0x08001535   Thumb Code    54  all_duty_dispose.o(i.CAN_Task_Dispose)
    CAN_Transmit                             0x08001571   Thumb Code   182  stm32f10x_can.o(i.CAN_Transmit)
    DMA_Cmd                                  0x08001633   Thumb Code    26  stm32f10x_dma.o(i.DMA_Cmd)
    DMA_DeInit                               0x0800164d   Thumb Code   238  stm32f10x_dma.o(i.DMA_DeInit)
    DMA_Init                                 0x08001745   Thumb Code    58  stm32f10x_dma.o(i.DMA_Init)
    Dispose_Task                             0x0800177f   Thumb Code    12  task_init.o(i.Dispose_Task)
    GPIO_Init                                0x0800178b   Thumb Code   166  stm32f10x_gpio.o(i.GPIO_Init)
    GPIO_ReadInputDataBit                    0x08001831   Thumb Code    14  stm32f10x_gpio.o(i.GPIO_ReadInputDataBit)
    GPIO_ResetBits                           0x0800183f   Thumb Code     4  stm32f10x_gpio.o(i.GPIO_ResetBits)
    GPIO_SetBits                             0x08001843   Thumb Code     4  stm32f10x_gpio.o(i.GPIO_SetBits)
    General_Dispose                          0x08001847   Thumb Code     2  all_duty_dispose.o(i.General_Dispose)
    I2C_Task                                 0x08001849   Thumb Code    22  task_init.o(i.I2C_Task)
    Init_RxMes                               0x08001865   Thumb Code    28  bsp_can.o(i.Init_RxMes)
    Inquire_Pressure                         0x08001881   Thumb Code     2  all_duty_dispose.o(i.Inquire_Pressure)
    Is_LeftOrRight                           0x08001885   Thumb Code    22  general_gpio.o(i.Is_LeftOrRight)
    NVIC_Init                                0x080018a1   Thumb Code    96  misc.o(i.NVIC_Init)
    NVIC_PriorityGroupConfig                 0x08001905   Thumb Code    10  misc.o(i.NVIC_PriorityGroupConfig)
    Position_Check                           0x08001919   Thumb Code   114  general_gpio.o(i.Position_Check)
    Pulse_BounceIndex                        0x08001991   Thumb Code    88  all_duty_dispose.o(i.Pulse_BounceIndex)
    Pulse_Bounce_IO                          0x080019f1   Thumb Code    70  general_gpio.o(i.Pulse_Bounce_IO)
    Pulse_Bounce_OneShot                     0x08001a39   Thumb Code   156  all_duty_dispose.o(i.Pulse_Bounce_OneShot)
    RCC_ADCCLKConfig                         0x08001add   Thumb Code    14  stm32f10x_rcc.o(i.RCC_ADCCLKConfig)
    RCC_AHBPeriphClockCmd                    0x08001af1   Thumb Code    22  stm32f10x_rcc.o(i.RCC_AHBPeriphClockCmd)
    RCC_APB1PeriphClockCmd                   0x08001b0d   Thumb Code    22  stm32f10x_rcc.o(i.RCC_APB1PeriphClockCmd)
    RCC_APB1PeriphResetCmd                   0x08001b29   Thumb Code    22  stm32f10x_rcc.o(i.RCC_APB1PeriphResetCmd)
    RCC_APB2PeriphClockCmd                   0x08001b45   Thumb Code    22  stm32f10x_rcc.o(i.RCC_APB2PeriphClockCmd)
    RCC_GetClocksFreq                        0x08001b61   Thumb Code   154  stm32f10x_rcc.o(i.RCC_GetClocksFreq)
    Semaphore_init                           0x08001c0d   Thumb Code    30  semaphore_init.o(i.Semaphore_init)
    SysTick_Handler                          0x08001d0d   Thumb Code    18  board.o(i.SysTick_Handler)
    SystemCoreClockUpdate                    0x08001d21   Thumb Code   106  system_stm32f10x.o(i.SystemCoreClockUpdate)
    SystemInit                               0x08001d9d   Thumb Code    64  system_stm32f10x.o(i.SystemInit)
    Task_init                                0x08001ded   Thumb Code   118  task_init.o(i.Task_init)
    Timer_init                               0x08001ead   Thumb Code    50  timer_init.o(i.Timer_init)
    USART_Cmd                                0x08001f0d   Thumb Code    24  stm32f10x_usart.o(i.USART_Cmd)
    USART_Config                             0x08001f25   Thumb Code   122  bsp_usart.o(i.USART_Config)
    USART_GetFlagStatus                      0x08001fa9   Thumb Code    14  stm32f10x_usart.o(i.USART_GetFlagStatus)
    USART_Init                               0x08001fb9   Thumb Code   182  stm32f10x_usart.o(i.USART_Init)
    USART_SendData                           0x08002075   Thumb Code     8  stm32f10x_usart.o(i.USART_SendData)
    USB_LP_CAN1_RX0_IRQHandler               0x0800207d   Thumb Code    44  stm32f10x_it.o(i.USB_LP_CAN1_RX0_IRQHandler)
    __0printf                                0x080020d9   Thumb Code    22  printfa.o(i.__0printf)
    __1printf                                0x080020d9   Thumb Code     0  printfa.o(i.__0printf)
    __2printf                                0x080020d9   Thumb Code     0  printfa.o(i.__0printf)
    __c89printf                              0x080020d9   Thumb Code     0  printfa.o(i.__0printf)
    printf                                   0x080020d9   Thumb Code     0  printfa.o(i.__0printf)
    __rt_ffs                                 0x080020f9   Thumb Code    66  kservice.o(i.__rt_ffs)
    __scatterload_copy                       0x08002141   Thumb Code    14  handlers.o(i.__scatterload_copy)
    __scatterload_null                       0x0800214f   Thumb Code     2  handlers.o(i.__scatterload_null)
    __scatterload_zeroinit                   0x08002151   Thumb Code    14  handlers.o(i.__scatterload_zeroinit)
    ee_ReadBytes                             0x08002ae9   Thumb Code   106  bsp_i2c_ee.o(i.ee_ReadBytes)
    ee_WriteBytes                            0x08002b53   Thumb Code   114  bsp_i2c_ee.o(i.ee_WriteBytes)
    fputc                                    0x08002bc5   Thumb Code    30  bsp_usart.o(i.fputc)
    i2c_Ack                                  0x08002be9   Thumb Code    52  bsp_i2c_gpio.o(i.i2c_Ack)
    i2c_CheckDevice                          0x08002c51   Thumb Code    32  bsp_i2c_gpio.o(i.i2c_CheckDevice)
    i2c_NAck                                 0x08002c7d   Thumb Code    44  bsp_i2c_gpio.o(i.i2c_NAck)
    i2c_ReadByte                             0x08002cad   Thumb Code    62  bsp_i2c_gpio.o(i.i2c_ReadByte)
    i2c_SendByte                             0x08002cf1   Thumb Code    84  bsp_i2c_gpio.o(i.i2c_SendByte)
    i2c_Start                                0x08002d49   Thumb Code    52  bsp_i2c_gpio.o(i.i2c_Start)
    i2c_Stop                                 0x08002d81   Thumb Code    36  bsp_i2c_gpio.o(i.i2c_Stop)
    i2c_WaitAck                              0x08002da9   Thumb Code    60  bsp_i2c_gpio.o(i.i2c_WaitAck)
    $Super$$main                             0x08002de9   Thumb Code    36  main.o(i.main)
    main_thread_entry                        0x08002e21   Thumb Code    14  components.o(i.main_thread_entry)
    rt_application_init                      0x08002fb9   Thumb Code    30  components.o(i.rt_application_init)
    rt_components_board_init                 0x08002fe5   Thumb Code    20  components.o(i.rt_components_board_init)
    rt_components_init                       0x08003001   Thumb Code    20  components.o(i.rt_components_init)
    rt_enter_critical                        0x0800301d   Thumb Code    22  scheduler.o(i.rt_enter_critical)
    rt_exit_critical                         0x08003039   Thumb Code    52  scheduler.o(i.rt_exit_critical)
    rt_free                                  0x08003071   Thumb Code   112  mem.o(i.rt_free)
    rt_heap_begin_get                        0x08003135   Thumb Code     4  board.o(i.rt_heap_begin_get)
    rt_heap_end_get                          0x0800313d   Thumb Code     4  board.o(i.rt_heap_end_get)
    rt_hw_board_init                         0x08003145   Thumb Code    68  board.o(i.rt_hw_board_init)
    rt_hw_console_output                     0x0800318d   Thumb Code    72  board.o(i.rt_hw_console_output)
    rt_hw_hard_fault_exception               0x080031d9   Thumb Code   180  cpuport.o(i.rt_hw_hard_fault_exception)
    rt_hw_stack_init                         0x080033cd   Thumb Code    56  cpuport.o(i.rt_hw_stack_init)
    rt_interrupt_enter                       0x08003409   Thumb Code    22  irq.o(i.rt_interrupt_enter)
    rt_interrupt_leave                       0x08003425   Thumb Code    22  irq.o(i.rt_interrupt_leave)
    rt_kprintf                               0x0800349d   Thumb Code    30  kservice.o(i.rt_kprintf)
    rt_malloc                                0x08003539   Thumb Code   252  mem.o(i.rt_malloc)
    rt_memset                                0x0800363d   Thumb Code    70  kservice.o(i.rt_memset)
    rt_object_allocate                       0x08003683   Thumb Code    84  object.o(i.rt_object_allocate)
    rt_object_delete                         0x080036d7   Thumb Code    38  object.o(i.rt_object_delete)
    rt_object_detach                         0x080036fd   Thumb Code    32  object.o(i.rt_object_detach)
    rt_object_get_information                0x0800371d   Thumb Code    30  object.o(i.rt_object_get_information)
    rt_object_init                           0x08003741   Thumb Code    80  object.o(i.rt_object_init)
    rt_object_is_systemobject                0x08003791   Thumb Code    14  object.o(i.rt_object_is_systemobject)
    rt_schedule                              0x080037a1   Thumb Code    82  scheduler.o(i.rt_schedule)
    rt_schedule_insert_thread                0x08003801   Thumb Code    68  scheduler.o(i.rt_schedule_insert_thread)
    rt_schedule_remove_thread                0x0800384d   Thumb Code    74  scheduler.o(i.rt_schedule_remove_thread)
    rt_sem_create                            0x080038a1   Thumb Code    32  ipc.o(i.rt_sem_create)
    rt_sem_init                              0x080038c1   Thumb Code    38  ipc.o(i.rt_sem_init)
    rt_sem_release                           0x080038e7   Thumb Code    60  ipc.o(i.rt_sem_release)
    rt_sem_take                              0x08003923   Thumb Code   110  ipc.o(i.rt_sem_take)
    rt_show_version                          0x08003991   Thumb Code    40  kservice.o(i.rt_show_version)
    rt_strlen                                0x08003a41   Thumb Code    16  kservice.o(i.rt_strlen)
    rt_strncpy                               0x08003a51   Thumb Code    38  kservice.o(i.rt_strncpy)
    rt_system_heap_init                      0x08003a79   Thumb Code   100  mem.o(i.rt_system_heap_init)
    rt_system_scheduler_init                 0x08003b29   Thumb Code    44  scheduler.o(i.rt_system_scheduler_init)
    rt_system_scheduler_start                0x08003b5d   Thumb Code    32  scheduler.o(i.rt_system_scheduler_start)
    rt_system_timer_init                     0x08003b85   Thumb Code    20  timer.o(i.rt_system_timer_init)
    rt_system_timer_thread_init              0x08003b9d   Thumb Code     2  timer.o(i.rt_system_timer_thread_init)
    rt_thread_create                         0x08003b9f   Thumb Code    76  thread.o(i.rt_thread_create)
    rt_thread_delay                          0x08003beb   Thumb Code     4  thread.o(i.rt_thread_delay)
    rt_thread_delete                         0x08003bf1   Thumb Code    58  thread.o(i.rt_thread_delete)
    rt_thread_exit                           0x08003c31   Thumb Code    78  thread.o(i.rt_thread_exit)
    rt_thread_idle_excute                    0x08003c91   Thumb Code   124  idle.o(i.rt_thread_idle_excute)
    rt_thread_idle_init                      0x08003d11   Thumb Code    46  idle.o(i.rt_thread_idle_init)
    rt_thread_init                           0x08003d51   Thumb Code    56  thread.o(i.rt_thread_init)
    rt_thread_resume                         0x08003d89   Thumb Code    60  thread.o(i.rt_thread_resume)
    rt_thread_self                           0x08003dc5   Thumb Code     6  thread.o(i.rt_thread_self)
    rt_thread_sleep                          0x08003dd1   Thumb Code    60  thread.o(i.rt_thread_sleep)
    rt_thread_startup                        0x08003e11   Thumb Code    38  thread.o(i.rt_thread_startup)
    rt_thread_suspend                        0x08003e37   Thumb Code    66  thread.o(i.rt_thread_suspend)
    rt_thread_timeout                        0x08003e79   Thumb Code    32  thread.o(i.rt_thread_timeout)
    rt_thread_yield                          0x08003e99   Thumb Code    88  thread.o(i.rt_thread_yield)
    rt_tick_get                              0x08003ef9   Thumb Code     6  clock.o(i.rt_tick_get)
    rt_tick_increase                         0x08003f05   Thumb Code    38  clock.o(i.rt_tick_increase)
    rt_timer_check                           0x08003f31   Thumb Code   102  timer.o(i.rt_timer_check)
    rt_timer_control                         0x08003f9d   Thumb Code    52  timer.o(i.rt_timer_control)
    rt_timer_create                          0x08003fd1   Thumb Code    48  timer.o(i.rt_timer_create)
    rt_timer_detach                          0x08004001   Thumb Code    32  timer.o(i.rt_timer_detach)
    rt_timer_init                            0x08004021   Thumb Code    42  timer.o(i.rt_timer_init)
    rt_timer_start                           0x0800404d   Thumb Code   208  timer.o(i.rt_timer_start)
    rt_timer_stop                            0x08004121   Thumb Code    46  timer.o(i.rt_timer_stop)
    rt_vsnprintf                             0x08004151   Thumb Code   654  kservice.o(i.rt_vsnprintf)
    rtthread_startup                         0x080043f9   Thumb Code    42  components.o(i.rtthread_startup)
    _0_mmHg                                  0x08004464   Data           4  all_duty_dispose.o(.constdata)
    _50_mmHg                                 0x08004468   Data           4  all_duty_dispose.o(.constdata)
    _100_mmHg                                0x0800446c   Data           4  all_duty_dispose.o(.constdata)
    _150_mmHg                                0x08004470   Data           4  all_duty_dispose.o(.constdata)
    _200_mmHg                                0x08004474   Data           4  all_duty_dispose.o(.constdata)
    _250_mmHg                                0x08004478   Data           4  all_duty_dispose.o(.constdata)
    _300_mmHg                                0x0800447c   Data           4  all_duty_dispose.o(.constdata)
    __lowest_bit_bitmap                      0x08004480   Data         256  kservice.o(.constdata)
    __rt_init_rti_start                      0x080045a4   Data           4  components.o(.rti_fn.0)
    __rt_init_rti_board_start                0x080045a8   Data           4  components.o(.rti_fn.0.end)
    __rt_init_rti_board_end                  0x080045ac   Data           4  components.o(.rti_fn.1.end)
    __rt_init_rti_end                        0x080045b0   Data           4  components.o(.rti_fn.6.end)
    Region$$Table$$Base                      0x080045b4   Number         0  anon$$obj.o(Region$$Table)
    Region$$Table$$Limit                     0x080045d4   Number         0  anon$$obj.o(Region$$Table)
    Sem1_Hanle                               0x2000001c   Data           4  semaphore_init.o(.data)
    Blood_Pressure_Calibration_Sem           0x20000020   Data           4  semaphore_init.o(.data)
    Gong_Pulse_Status                        0x20000024   Data           1  all_duty_dispose.o(.data)
    Nao_Pulse_Status                         0x20000025   Data           1  all_duty_dispose.o(.data)
    Read_From_E2_Flag                        0x20000026   Data           1  all_duty_dispose.o(.data)
    ADC_ConvertedValue                       0x2000002c   Data           2  bsp_adc.o(.data)
    SystemCoreClock                          0x20000044   Data           4  system_stm32f10x.o(.data)
    AHBPrescTable                            0x20000048   Data          16  system_stm32f10x.o(.data)
    rt_interrupt_from_thread                 0x2000005c   Data           4  cpuport.o(.data)
    rt_interrupt_to_thread                   0x20000060   Data           4  cpuport.o(.data)
    rt_thread_switch_interrupt_flag          0x20000064   Data           4  cpuport.o(.data)
    rt_interrupt_nest                        0x2000006c   Data           1  irq.o(.data)
    rt_current_priority                      0x200000d8   Data           1  scheduler.o(.data)
    rt_current_thread                        0x200000dc   Data           4  scheduler.o(.data)
    rt_thread_ready_priority_group           0x200000e0   Data           4  scheduler.o(.data)
    rt_thread_defunct                        0x200000e4   Data           8  scheduler.o(.data)
    __stdout                                 0x200000f8   Data           4  stdout.o(.data)
    TxMessage                                0x200000fc   Data          20  task_init.o(.bss)
    RxMessage                                0x20000110   Data          20  task_init.o(.bss)
    Read_ADC_From_E2                         0x20000124   Data          32  all_duty_dispose.o(.bss)
    Value_mmHg                               0x20000144   Data          28  all_duty_dispose.o(.bss)
    Save_ADC_To_E2                           0x20000160   Data          28  all_duty_dispose.o(.bss)
    Calibration                              0x2000017c   Data          28  all_duty_dispose.o(.bss)
    rt_thread_priority_table                 0x200003b8   Data          64  scheduler.o(.bss)
    __initial_sp                             0x200033f8   Data           0  startup_stm32f10x_md.o(STACK)



==============================================================================

Memory Map of the image

  Image Entry point : 0x080000ed

  Load Region LR_IROM1 (Base: 0x08000000, Size: 0x000046d0, Max: 0x00010000, ABSOLUTE)

    Execution Region ER_IROM1 (Exec base: 0x08000000, Load base: 0x08000000, Size: 0x000045d4, Max: 0x00010000, ABSOLUTE)

    Exec Addr    Load Addr    Size         Type   Attr      Idx    E Section Name        Object

    0x08000000   0x08000000   0x000000ec   Data   RO         1850    RESET               startup_stm32f10x_md.o
    0x080000ec   0x080000ec   0x00000000   Code   RO         2929  * .ARM.Collect$$$$00000000  mc_w.l(entry.o)
    0x080000ec   0x080000ec   0x00000004   Code   RO         3201    .ARM.Collect$$$$00000001  mc_w.l(entry2.o)
    0x080000f0   0x080000f0   0x00000004   Code   RO         3204    .ARM.Collect$$$$00000004  mc_w.l(entry5.o)
    0x080000f4   0x080000f4   0x00000000   Code   RO         3206    .ARM.Collect$$$$00000008  mc_w.l(entry7b.o)
    0x080000f4   0x080000f4   0x00000000   Code   RO         3208    .ARM.Collect$$$$0000000A  mc_w.l(entry8b.o)
    0x080000f4   0x080000f4   0x00000008   Code   RO         3209    .ARM.Collect$$$$0000000B  mc_w.l(entry9a.o)
    0x080000fc   0x080000fc   0x00000000   Code   RO         3211    .ARM.Collect$$$$0000000D  mc_w.l(entry10a.o)
    0x080000fc   0x080000fc   0x00000000   Code   RO         3213    .ARM.Collect$$$$0000000F  mc_w.l(entry11a.o)
    0x080000fc   0x080000fc   0x00000004   Code   RO         3202    .ARM.Collect$$$$00002712  mc_w.l(entry2.o)
    0x08000100   0x08000100   0x00000024   Code   RO         1851    .text               startup_stm32f10x_md.o
    0x08000124   0x08000124   0x000000f4   Code   RO         1901    .text               context_rvds.o
    0x08000218   0x08000218   0x0000007c   Code   RO         3193    .text               mf_w.l(fdiv.o)
    0x08000294   0x08000294   0x00000012   Code   RO         3195    .text               mf_w.l(fflti.o)
    0x080002a6   0x080002a6   0x00000032   Code   RO         3197    .text               mf_w.l(ffixi.o)
    0x080002d8   0x080002d8   0x00000026   Code   RO         3199    .text               mf_w.l(f2d.o)
    0x080002fe   0x080002fe   0x0000002c   Code   RO         3216    .text               mc_w.l(uidiv.o)
    0x0800032a   0x0800032a   0x00000062   Code   RO         3218    .text               mc_w.l(uldiv.o)
    0x0800038c   0x0800038c   0x00000000   Code   RO         3220    .text               mc_w.l(iusefp.o)
    0x0800038c   0x0800038c   0x0000006e   Code   RO         3221    .text               mf_w.l(fepilogue.o)
    0x080003fa   0x080003fa   0x0000014e   Code   RO         3223    .text               mf_w.l(dadd.o)
    0x08000548   0x08000548   0x000000e4   Code   RO         3225    .text               mf_w.l(dmul.o)
    0x0800062c   0x0800062c   0x000000de   Code   RO         3227    .text               mf_w.l(ddiv.o)
    0x0800070a   0x0800070a   0x00000030   Code   RO         3229    .text               mf_w.l(dfixul.o)
    0x0800073a   0x0800073a   0x00000002   PAD
    0x0800073c   0x0800073c   0x00000030   Code   RO         3231    .text               mf_w.l(cdrcmple.o)
    0x0800076c   0x0800076c   0x00000024   Code   RO         3233    .text               mc_w.l(init.o)
    0x08000790   0x08000790   0x0000001e   Code   RO         3235    .text               mc_w.l(llshl.o)
    0x080007ae   0x080007ae   0x00000020   Code   RO         3237    .text               mc_w.l(llushr.o)
    0x080007ce   0x080007ce   0x00000024   Code   RO         3239    .text               mc_w.l(llsshr.o)
    0x080007f2   0x080007f2   0x000000ba   Code   RO         3241    .text               mf_w.l(depilogue.o)
    0x080008ac   0x080008ac   0x0000000a   Code   RO         1988    i.$Sub$$main        components.o
    0x080008b6   0x080008b6   0x00000018   Code   RO          794    i.ADC_Cmd           stm32f10x_adc.o
    0x080008ce   0x080008ce   0x00000018   Code   RO          795    i.ADC_DMACmd        stm32f10x_adc.o
    0x080008e6   0x080008e6   0x00000002   PAD
    0x080008e8   0x080008e8   0x000001a0   Code   RO          303    i.ADC_DataToSend    all_duty_dispose.o
    0x08000a88   0x08000a88   0x0000000e   Code   RO          802    i.ADC_GetCalibrationStatus  stm32f10x_adc.o
    0x08000a96   0x08000a96   0x0000000e   Code   RO          808    i.ADC_GetResetCalibrationStatus  stm32f10x_adc.o
    0x08000aa4   0x08000aa4   0x00000048   Code   RO          812    i.ADC_Init          stm32f10x_adc.o
    0x08000aec   0x08000aec   0x00000074   Code   RO          816    i.ADC_RegularChannelConfig  stm32f10x_adc.o
    0x08000b60   0x08000b60   0x0000000a   Code   RO          817    i.ADC_ResetCalibration  stm32f10x_adc.o
    0x08000b6a   0x08000b6a   0x00000018   Code   RO          819    i.ADC_SoftwareStartConvCmd  stm32f10x_adc.o
    0x08000b82   0x08000b82   0x0000000a   Code   RO          821    i.ADC_StartCalibration  stm32f10x_adc.o
    0x08000b8c   0x08000b8c   0x00000024   Code   RO          179    i.ADC_Task          task_init.o
    0x08000bb0   0x08000bb0   0x00000004   Code   RO          304    i.ADC_Task_Dispose  all_duty_dispose.o
    0x08000bb4   0x08000bb4   0x00000024   Code   RO          518    i.ADCx_GPIO_Config  bsp_adc.o
    0x08000bd8   0x08000bd8   0x0000000e   Code   RO          519    i.ADCx_Init         bsp_adc.o
    0x08000be6   0x08000be6   0x00000002   PAD
    0x08000be8   0x08000be8   0x000000d0   Code   RO          520    i.ADCx_Mode_Config  bsp_adc.o
    0x08000cb8   0x08000cb8   0x00000090   Code   RO          558    i.All_GPIO_CONFIG   general_gpio.o
    0x08000d48   0x08000d48   0x00000004   Code   RO          559    i.All_GPIO_init     general_gpio.o
    0x08000d4c   0x08000d4c   0x00000020   Code   RO            4    i.Application       main.o
    0x08000d6c   0x08000d6c   0x00000058   Code   RO          305    i.Average_ADC       all_duty_dispose.o
    0x08000dc4   0x08000dc4   0x000001d4   Code   RO          306    i.Blood_Pressure_Calibration  all_duty_dispose.o
    0x08000f98   0x08000f98   0x00000088   Code   RO         1024    i.CAN_ClearITPendingBit  stm32f10x_can.o
    0x08001020   0x08001020   0x00000016   Code   RO          383    i.CAN_Config        bsp_can.o
    0x08001036   0x08001036   0x00000002   PAD
    0x08001038   0x08001038   0x00000038   Code   RO         1026    i.CAN_DeInit        stm32f10x_can.o
    0x08001070   0x08001070   0x000000d4   Code   RO         1028    i.CAN_FilterInit    stm32f10x_can.o
    0x08001144   0x08001144   0x00000084   Code   RO          384    i.CAN_Filter_Config  bsp_can.o
    0x080011c8   0x080011c8   0x0000003c   Code   RO          385    i.CAN_GPIO_Config   bsp_can.o
    0x08001204   0x08001204   0x000000cc   Code   RO         1030    i.CAN_GetITStatus   stm32f10x_can.o
    0x080012d0   0x080012d0   0x00000014   Code   RO         1034    i.CAN_ITConfig      stm32f10x_can.o
    0x080012e4   0x080012e4   0x00000104   Code   RO         1035    i.CAN_Init          stm32f10x_can.o
    0x080013e8   0x080013e8   0x0000005c   Code   RO          386    i.CAN_Mode_Config   bsp_can.o
    0x08001444   0x08001444   0x00000028   Code   RO          387    i.CAN_NVIC_Config   bsp_can.o
    0x0800146c   0x0800146c   0x00000082   Code   RO         1038    i.CAN_Receive       stm32f10x_can.o
    0x080014ee   0x080014ee   0x0000000e   Code   RO          388    i.CAN_SetMsg        bsp_can.o
    0x080014fc   0x080014fc   0x00000020   Code   RO         1041    i.CAN_StructInit    stm32f10x_can.o
    0x0800151c   0x0800151c   0x00000018   Code   RO          180    i.CAN_Task          task_init.o
    0x08001534   0x08001534   0x0000003c   Code   RO          307    i.CAN_Task_Dispose  all_duty_dispose.o
    0x08001570   0x08001570   0x000000b6   Code   RO         1043    i.CAN_Transmit      stm32f10x_can.o
    0x08001626   0x08001626   0x0000000c   Code   RO         1046    i.CheckITStatus     stm32f10x_can.o
    0x08001632   0x08001632   0x0000001a   Code   RO         1191    i.DMA_Cmd           stm32f10x_dma.o
    0x0800164c   0x0800164c   0x000000f8   Code   RO         1192    i.DMA_DeInit        stm32f10x_dma.o
    0x08001744   0x08001744   0x0000003a   Code   RO         1197    i.DMA_Init          stm32f10x_dma.o
    0x0800177e   0x0800177e   0x0000000c   Code   RO          181    i.Dispose_Task      task_init.o
    0x0800178a   0x0800178a   0x000000a6   Code   RO         1279    i.GPIO_Init         stm32f10x_gpio.o
    0x08001830   0x08001830   0x0000000e   Code   RO         1283    i.GPIO_ReadInputDataBit  stm32f10x_gpio.o
    0x0800183e   0x0800183e   0x00000004   Code   RO         1286    i.GPIO_ResetBits    stm32f10x_gpio.o
    0x08001842   0x08001842   0x00000004   Code   RO         1287    i.GPIO_SetBits      stm32f10x_gpio.o
    0x08001846   0x08001846   0x00000002   Code   RO          308    i.General_Dispose   all_duty_dispose.o
    0x08001848   0x08001848   0x0000001c   Code   RO          182    i.I2C_Task          task_init.o
    0x08001864   0x08001864   0x0000001c   Code   RO          389    i.Init_RxMes        bsp_can.o
    0x08001880   0x08001880   0x00000002   Code   RO          309    i.Inquire_Pressure  all_duty_dispose.o
    0x08001882   0x08001882   0x00000002   PAD
    0x08001884   0x08001884   0x0000001c   Code   RO          560    i.Is_LeftOrRight    general_gpio.o
    0x080018a0   0x080018a0   0x00000064   Code   RO          740    i.NVIC_Init         misc.o
    0x08001904   0x08001904   0x00000014   Code   RO          741    i.NVIC_PriorityGroupConfig  misc.o
    0x08001918   0x08001918   0x00000078   Code   RO          561    i.Position_Check    general_gpio.o
    0x08001990   0x08001990   0x00000060   Code   RO          310    i.Pulse_BounceIndex  all_duty_dispose.o
    0x080019f0   0x080019f0   0x00000046   Code   RO          562    i.Pulse_Bounce_IO   general_gpio.o
    0x08001a36   0x08001a36   0x00000002   PAD
    0x08001a38   0x08001a38   0x000000a4   Code   RO          311    i.Pulse_Bounce_OneShot  all_duty_dispose.o
    0x08001adc   0x08001adc   0x00000014   Code   RO         1399    i.RCC_ADCCLKConfig  stm32f10x_rcc.o
    0x08001af0   0x08001af0   0x0000001c   Code   RO         1400    i.RCC_AHBPeriphClockCmd  stm32f10x_rcc.o
    0x08001b0c   0x08001b0c   0x0000001c   Code   RO         1401    i.RCC_APB1PeriphClockCmd  stm32f10x_rcc.o
    0x08001b28   0x08001b28   0x0000001c   Code   RO         1402    i.RCC_APB1PeriphResetCmd  stm32f10x_rcc.o
    0x08001b44   0x08001b44   0x0000001c   Code   RO         1403    i.RCC_APB2PeriphClockCmd  stm32f10x_rcc.o
    0x08001b60   0x08001b60   0x000000ac   Code   RO         1411    i.RCC_GetClocksFreq  stm32f10x_rcc.o
    0x08001c0c   0x08001c0c   0x0000004c   Code   RO          271    i.Semaphore_init    semaphore_init.o
    0x08001c58   0x08001c58   0x00000004   Code   RO         1858    i.SetSysClock       system_stm32f10x.o
    0x08001c5c   0x08001c5c   0x000000b0   Code   RO         1859    i.SetSysClockTo72   system_stm32f10x.o
    0x08001d0c   0x08001d0c   0x00000012   Code   RO         2874    i.SysTick_Handler   board.o
    0x08001d1e   0x08001d1e   0x00000002   PAD
    0x08001d20   0x08001d20   0x0000007c   Code   RO         1860    i.SystemCoreClockUpdate  system_stm32f10x.o
    0x08001d9c   0x08001d9c   0x00000050   Code   RO         1861    i.SystemInit        system_stm32f10x.o
    0x08001dec   0x08001dec   0x000000c0   Code   RO          183    i.Task_init         task_init.o
    0x08001eac   0x08001eac   0x00000060   Code   RO          233    i.Timer_init        timer_init.o
    0x08001f0c   0x08001f0c   0x00000018   Code   RO         1615    i.USART_Cmd         stm32f10x_usart.o
    0x08001f24   0x08001f24   0x00000084   Code   RO          478    i.USART_Config      bsp_usart.o
    0x08001fa8   0x08001fa8   0x0000000e   Code   RO         1618    i.USART_GetFlagStatus  stm32f10x_usart.o
    0x08001fb6   0x08001fb6   0x00000002   PAD
    0x08001fb8   0x08001fb8   0x000000bc   Code   RO         1622    i.USART_Init        stm32f10x_usart.o
    0x08002074   0x08002074   0x00000008   Code   RO         1632    i.USART_SendData    stm32f10x_usart.o
    0x0800207c   0x0800207c   0x00000034   Code   RO          147    i.USB_LP_CAN1_RX0_IRQHandler  stm32f10x_it.o
    0x080020b0   0x080020b0   0x00000028   Code   RO         2875    i._SysTick_Config   board.o
    0x080020d8   0x080020d8   0x00000020   Code   RO         3165    i.__0printf         mc_w.l(printfa.o)
    0x080020f8   0x080020f8   0x00000048   Code   RO         2290    i.__rt_ffs          kservice.o
    0x08002140   0x08002140   0x0000000e   Code   RO         3245    i.__scatterload_copy  mc_w.l(handlers.o)
    0x0800214e   0x0800214e   0x00000002   Code   RO         3246    i.__scatterload_null  mc_w.l(handlers.o)
    0x08002150   0x08002150   0x0000000e   Code   RO         3247    i.__scatterload_zeroinit  mc_w.l(handlers.o)
    0x0800215e   0x0800215e   0x00000002   PAD
    0x08002160   0x08002160   0x00000184   Code   RO         3172    i._fp_digits        mc_w.l(printfa.o)
    0x080022e4   0x080022e4   0x00000014   Code   RO         2056    i._has_defunct_thread  idle.o
    0x080022f8   0x080022f8   0x000006dc   Code   RO         3173    i._printf_core      mc_w.l(printfa.o)
    0x080029d4   0x080029d4   0x00000024   Code   RO         3174    i._printf_post_padding  mc_w.l(printfa.o)
    0x080029f8   0x080029f8   0x0000002e   Code   RO         3175    i._printf_pre_padding  mc_w.l(printfa.o)
    0x08002a26   0x08002a26   0x00000002   PAD
    0x08002a28   0x08002a28   0x00000078   Code   RO         2648    i._rt_thread_init   thread.o
    0x08002aa0   0x08002aa0   0x00000026   Code   RO         2769    i._rt_timer_init    timer.o
    0x08002ac6   0x08002ac6   0x00000022   Code   RO         2770    i._rt_timer_remove  timer.o
    0x08002ae8   0x08002ae8   0x0000006a   Code   RO          608    i.ee_ReadBytes      bsp_i2c_ee.o
    0x08002b52   0x08002b52   0x00000072   Code   RO          610    i.ee_WriteBytes     bsp_i2c_ee.o
    0x08002bc4   0x08002bc4   0x00000024   Code   RO          480    i.fputc             bsp_usart.o
    0x08002be8   0x08002be8   0x00000038   Code   RO          664    i.i2c_Ack           bsp_i2c_gpio.o
    0x08002c20   0x08002c20   0x00000030   Code   RO          665    i.i2c_CfgGpio       bsp_i2c_gpio.o
    0x08002c50   0x08002c50   0x00000020   Code   RO          666    i.i2c_CheckDevice   bsp_i2c_gpio.o
    0x08002c70   0x08002c70   0x0000000c   Code   RO          667    i.i2c_Delay         bsp_i2c_gpio.o
    0x08002c7c   0x08002c7c   0x00000030   Code   RO          668    i.i2c_NAck          bsp_i2c_gpio.o
    0x08002cac   0x08002cac   0x00000044   Code   RO          669    i.i2c_ReadByte      bsp_i2c_gpio.o
    0x08002cf0   0x08002cf0   0x00000058   Code   RO          670    i.i2c_SendByte      bsp_i2c_gpio.o
    0x08002d48   0x08002d48   0x00000038   Code   RO          671    i.i2c_Start         bsp_i2c_gpio.o
    0x08002d80   0x08002d80   0x00000028   Code   RO          672    i.i2c_Stop          bsp_i2c_gpio.o
    0x08002da8   0x08002da8   0x00000040   Code   RO          673    i.i2c_WaitAck       bsp_i2c_gpio.o
    0x08002de8   0x08002de8   0x00000038   Code   RO            5    i.main              main.o
    0x08002e20   0x08002e20   0x0000000e   Code   RO         1989    i.main_thread_entry  components.o
    0x08002e2e   0x08002e2e   0x00000002   PAD
    0x08002e30   0x08002e30   0x00000054   Code   RO         2461    i.plug_holes        mem.o
    0x08002e84   0x08002e84   0x00000134   Code   RO         2292    i.print_number      kservice.o
    0x08002fb8   0x08002fb8   0x0000002c   Code   RO         1990    i.rt_application_init  components.o
    0x08002fe4   0x08002fe4   0x0000001c   Code   RO         1991    i.rt_components_board_init  components.o
    0x08003000   0x08003000   0x0000001c   Code   RO         1992    i.rt_components_init  components.o
    0x0800301c   0x0800301c   0x0000001c   Code   RO         2587    i.rt_enter_critical  scheduler.o
    0x08003038   0x08003038   0x00000038   Code   RO         2588    i.rt_exit_critical  scheduler.o
    0x08003070   0x08003070   0x000000c4   Code   RO         2463    i.rt_free           mem.o
    0x08003134   0x08003134   0x00000008   Code   RO         2876    i.rt_heap_begin_get  board.o
    0x0800313c   0x0800313c   0x00000008   Code   RO         2877    i.rt_heap_end_get   board.o
    0x08003144   0x08003144   0x00000048   Code   RO         2878    i.rt_hw_board_init  board.o
    0x0800318c   0x0800318c   0x0000004c   Code   RO         2879    i.rt_hw_console_output  board.o
    0x080031d8   0x080031d8   0x000001f4   Code   RO         1908    i.rt_hw_hard_fault_exception  cpuport.o
    0x080033cc   0x080033cc   0x0000003c   Code   RO         1909    i.rt_hw_stack_init  cpuport.o
    0x08003408   0x08003408   0x0000001c   Code   RO         2263    i.rt_interrupt_enter  irq.o
    0x08003424   0x08003424   0x0000001c   Code   RO         2265    i.rt_interrupt_leave  irq.o
    0x08003440   0x08003440   0x0000005c   Code   RO         2104    i.rt_ipc_list_suspend  ipc.o
    0x0800349c   0x0800349c   0x00000024   Code   RO         2295    i.rt_kprintf        kservice.o
    0x080034c0   0x080034c0   0x0000000e   Code   RO         2511    i.rt_list_insert_after  object.o
    0x080034ce   0x080034ce   0x0000000e   Code   RO         2649    i.rt_list_insert_after  thread.o
    0x080034dc   0x080034dc   0x0000000e   Code   RO         2771    i.rt_list_insert_after  timer.o
    0x080034ea   0x080034ea   0x0000000e   Code   RO         2105    i.rt_list_insert_before  ipc.o
    0x080034f8   0x080034f8   0x0000000e   Code   RO         2106    i.rt_list_isempty   ipc.o
    0x08003506   0x08003506   0x0000000e   Code   RO         2772    i.rt_list_isempty   timer.o
    0x08003514   0x08003514   0x00000012   Code   RO         2512    i.rt_list_remove    object.o
    0x08003526   0x08003526   0x00000012   Code   RO         2650    i.rt_list_remove    thread.o
    0x08003538   0x08003538   0x00000104   Code   RO         2464    i.rt_malloc         mem.o
    0x0800363c   0x0800363c   0x00000046   Code   RO         2301    i.rt_memset         kservice.o
    0x08003682   0x08003682   0x00000054   Code   RO         2513    i.rt_object_allocate  object.o
    0x080036d6   0x080036d6   0x00000026   Code   RO         2514    i.rt_object_delete  object.o
    0x080036fc   0x080036fc   0x00000020   Code   RO         2515    i.rt_object_detach  object.o
    0x0800371c   0x0800371c   0x00000024   Code   RO         2517    i.rt_object_get_information  object.o
    0x08003740   0x08003740   0x00000050   Code   RO         2519    i.rt_object_init    object.o
    0x08003790   0x08003790   0x0000000e   Code   RO         2520    i.rt_object_is_systemobject  object.o
    0x0800379e   0x0800379e   0x00000002   PAD
    0x080037a0   0x080037a0   0x00000060   Code   RO         2589    i.rt_schedule       scheduler.o
    0x08003800   0x08003800   0x0000004c   Code   RO         2590    i.rt_schedule_insert_thread  scheduler.o
    0x0800384c   0x0800384c   0x00000054   Code   RO         2591    i.rt_schedule_remove_thread  scheduler.o
    0x080038a0   0x080038a0   0x00000020   Code   RO         2116    i.rt_sem_create     ipc.o
    0x080038c0   0x080038c0   0x00000026   Code   RO         2119    i.rt_sem_init       ipc.o
    0x080038e6   0x080038e6   0x0000003c   Code   RO         2120    i.rt_sem_release    ipc.o
    0x08003922   0x08003922   0x0000006e   Code   RO         2121    i.rt_sem_take       ipc.o
    0x08003990   0x08003990   0x000000b0   Code   RO         2303    i.rt_show_version   kservice.o
    0x08003a40   0x08003a40   0x00000010   Code   RO         2309    i.rt_strlen         kservice.o
    0x08003a50   0x08003a50   0x00000026   Code   RO         2311    i.rt_strncpy        kservice.o
    0x08003a76   0x08003a76   0x00000002   PAD
    0x08003a78   0x08003a78   0x000000b0   Code   RO         2467    i.rt_system_heap_init  mem.o
    0x08003b28   0x08003b28   0x00000034   Code   RO         2592    i.rt_system_scheduler_init  scheduler.o
    0x08003b5c   0x08003b5c   0x00000028   Code   RO         2593    i.rt_system_scheduler_start  scheduler.o
    0x08003b84   0x08003b84   0x00000018   Code   RO         2773    i.rt_system_timer_init  timer.o
    0x08003b9c   0x08003b9c   0x00000002   Code   RO         2774    i.rt_system_timer_thread_init  timer.o
    0x08003b9e   0x08003b9e   0x0000004c   Code   RO         2652    i.rt_thread_create  thread.o
    0x08003bea   0x08003bea   0x00000004   Code   RO         2653    i.rt_thread_delay   thread.o
    0x08003bee   0x08003bee   0x00000002   PAD
    0x08003bf0   0x08003bf0   0x00000040   Code   RO         2654    i.rt_thread_delete  thread.o
    0x08003c30   0x08003c30   0x00000058   Code   RO         2656    i.rt_thread_exit    thread.o
    0x08003c88   0x08003c88   0x00000006   Code   RO         2057    i.rt_thread_idle_entry  idle.o
    0x08003c8e   0x08003c8e   0x00000002   PAD
    0x08003c90   0x08003c90   0x00000080   Code   RO         2058    i.rt_thread_idle_excute  idle.o
    0x08003d10   0x08003d10   0x00000040   Code   RO         2060    i.rt_thread_idle_init  idle.o
    0x08003d50   0x08003d50   0x00000038   Code   RO         2658    i.rt_thread_init    thread.o
    0x08003d88   0x08003d88   0x0000003c   Code   RO         2660    i.rt_thread_resume  thread.o
    0x08003dc4   0x08003dc4   0x0000000c   Code   RO         2661    i.rt_thread_self    thread.o
    0x08003dd0   0x08003dd0   0x00000040   Code   RO         2662    i.rt_thread_sleep   thread.o
    0x08003e10   0x08003e10   0x00000026   Code   RO         2663    i.rt_thread_startup  thread.o
    0x08003e36   0x08003e36   0x00000042   Code   RO         2664    i.rt_thread_suspend  thread.o
    0x08003e78   0x08003e78   0x00000020   Code   RO         2665    i.rt_thread_timeout  thread.o
    0x08003e98   0x08003e98   0x00000060   Code   RO         2666    i.rt_thread_yield   thread.o
    0x08003ef8   0x08003ef8   0x0000000c   Code   RO         1949    i.rt_tick_get       clock.o
    0x08003f04   0x08003f04   0x0000002c   Code   RO         1950    i.rt_tick_increase  clock.o
    0x08003f30   0x08003f30   0x0000006c   Code   RO         2775    i.rt_timer_check    timer.o
    0x08003f9c   0x08003f9c   0x00000034   Code   RO         2776    i.rt_timer_control  timer.o
    0x08003fd0   0x08003fd0   0x00000030   Code   RO         2777    i.rt_timer_create   timer.o
    0x08004000   0x08004000   0x00000020   Code   RO         2779    i.rt_timer_detach   timer.o
    0x08004020   0x08004020   0x0000002a   Code   RO         2780    i.rt_timer_init     timer.o
    0x0800404a   0x0800404a   0x00000002   PAD
    0x0800404c   0x0800404c   0x000000d4   Code   RO         2783    i.rt_timer_start    timer.o
    0x08004120   0x08004120   0x0000002e   Code   RO         2784    i.rt_timer_stop     timer.o
    0x0800414e   0x0800414e   0x00000002   PAD
    0x08004150   0x08004150   0x00000298   Code   RO         2314    i.rt_vsnprintf      kservice.o
    0x080043e8   0x080043e8   0x00000004   Code   RO         1993    i.rti_board_end     components.o
    0x080043ec   0x080043ec   0x00000004   Code   RO         1994    i.rti_board_start   components.o
    0x080043f0   0x080043f0   0x00000004   Code   RO         1995    i.rti_end           components.o
    0x080043f4   0x080043f4   0x00000004   Code   RO         1996    i.rti_start         components.o
    0x080043f8   0x080043f8   0x0000002a   Code   RO         1997    i.rtthread_startup  components.o
    0x08004422   0x08004422   0x00000028   Code   RO         2316    i.skip_atoi         kservice.o
    0x0800444a   0x0800444a   0x00000002   PAD
    0x0800444c   0x0800444c   0x0000000c   Code   RO          234    i.swtmr1_callback   timer_init.o
    0x08004458   0x08004458   0x0000000c   Code   RO          235    i.swtmr2_callback   timer_init.o
    0x08004464   0x08004464   0x0000001c   Data   RO          313    .constdata          all_duty_dispose.o
    0x08004480   0x08004480   0x00000122   Data   RO         2318    .constdata          kservice.o
    0x080045a2   0x080045a2   0x00000002   PAD
    0x080045a4   0x080045a4   0x00000004   Data   RO         1998    .rti_fn.0           components.o
    0x080045a8   0x080045a8   0x00000004   Data   RO         1999    .rti_fn.0.end       components.o
    0x080045ac   0x080045ac   0x00000004   Data   RO         2000    .rti_fn.1.end       components.o
    0x080045b0   0x080045b0   0x00000004   Data   RO         2001    .rti_fn.6.end       components.o
    0x080045b4   0x080045b4   0x00000020   Data   RO         3243    Region$$Table       anon$$obj.o


    Execution Region RW_IRAM1 (Exec base: 0x20000000, Load base: 0x080045d4, Size: 0x000033f8, Max: 0x00005000, ABSOLUTE)

    Exec Addr    Load Addr    Size         Type   Attr      Idx    E Section Name        Object

    0x20000000   0x080045d4   0x00000004   Data   RW            6    .data               main.o
    0x20000004   0x080045d8   0x00000010   Data   RW          186    .data               task_init.o
    0x20000014   0x080045e8   0x00000008   Data   RW          236    .data               timer_init.o
    0x2000001c   0x080045f0   0x00000008   Data   RW          272    .data               semaphore_init.o
    0x20000024   0x080045f8   0x00000008   Data   RW          315    .data               all_duty_dispose.o
    0x2000002c   0x08004600   0x00000002   Data   RW          521    .data               bsp_adc.o
    0x2000002e   0x08004602   0x00000014   Data   RW         1431    .data               stm32f10x_rcc.o
    0x20000042   0x08004616   0x00000002   PAD
    0x20000044   0x08004618   0x00000014   Data   RW         1862    .data               system_stm32f10x.o
    0x20000058   0x0800462c   0x00000004   Data   RW         1910    .data               cpuport.o
    0x2000005c   0x08004630   0x00000004   Data   RW         1911    .data               cpuport.o
    0x20000060   0x08004634   0x00000004   Data   RW         1912    .data               cpuport.o
    0x20000064   0x08004638   0x00000004   Data   RW         1913    .data               cpuport.o
    0x20000068   0x0800463c   0x00000004   Data   RW         1952    .data               clock.o
    0x2000006c   0x08004640   0x00000001   Data   RW         2266    .data               irq.o
    0x2000006d   0x08004641   0x00000003   PAD
    0x20000070   0x08004644   0x00000018   Data   RW         2469    .data               mem.o
    0x20000088   0x0800465c   0x00000050   Data   RW         2522    .data               object.o
    0x200000d8   0x080046ac   0x00000014   Data   RW         2595    .data               scheduler.o
    0x200000ec   0x080046c0   0x0000000c   Data   RW         2785    .data               timer.o
    0x200000f8   0x080046cc   0x00000004   Data   RW         3215    .data               mc_w.l(stdout.o)
    0x200000fc        -       0x00000014   Zero   RW          184    .bss                task_init.o
    0x20000110        -       0x00000014   Zero   RW          185    .bss                task_init.o
    0x20000124        -       0x00000074   Zero   RW          312    .bss                all_duty_dispose.o
    0x20000198        -       0x00000180   Zero   RW         2061    .bss                idle.o
    0x20000318        -       0x00000080   Zero   RW         2317    .bss                kservice.o
    0x20000398        -       0x00000020   Zero   RW         2468    .bss                mem.o
    0x200003b8        -       0x00000040   Zero   RW         2594    .bss                scheduler.o
    0x200003f8        -       0x00002000   Zero   RW         2880    .bss                board.o
    0x200023f8        -       0x00001000   Zero   RW         1848    STACK               startup_stm32f10x_md.o


==============================================================================

Image component sizes


      Code (inc. data)   RO Data    RW Data    ZI Data      Debug   Object Name

      1300        226         28          8        116       6687   all_duty_dispose.o
       222         20          0          0       8192       3706   board.o
       258         16          0          2          0       1973   bsp_adc.o
       388         30          0          0          0       3603   bsp_can.o
       220          0          0          0          0       2083   bsp_i2c_ee.o
       512         36          0          0          0       4894   bsp_i2c_gpio.o
       168         16          0          0          0       2343   bsp_usart.o
        56         12          0          4          0       1129   clock.o
       182         30         16          0          0       5568   components.o
       244         26          0          0          0        816   context_rvds.o
       560        324          0         16          0       3246   cpuport.o
       366         22          0          0          0       2968   general_gpio.o
       218         26          0          0        384       5482   idle.o
       360          0          0          0          0       7833   ipc.o
        56         12          0          1          0       1514   irq.o
      1420        162        290          0        128       9336   kservice.o
        88         26          0          4          0     265681   main.o
       716        172          0         24         32       3956   mem.o
       120         14          0          0          0       1699   misc.o
       316          6          0         80          0       8120   object.o
       432         58          0         20         64       8202   scheduler.o
        76         46          0          8          0        733   semaphore_init.o
        36          8        236          0       4096        804   startup_stm32f10x_md.o
       308         10          0          0          0       7989   stm32f10x_adc.o
      1244         22          0          0          0       8364   stm32f10x_can.o
       332         10          0          0          0       3830   stm32f10x_dma.o
       188          0          0          0          0       3912   stm32f10x_gpio.o
        52          8          0          0          0        473   stm32f10x_it.o
       304         48          0         20          0       6522   stm32f10x_rcc.o
       234          6          0          0          0       4376   stm32f10x_usart.o
       384         44          0         20          0       2893   system_stm32f10x.o
       292         90          0         16         40       2662   task_init.o
       808         44          0          0          0      12194   thread.o
       666         14          0         12          0      11486   timer.o
       120         54          0          8          0       1457   timer_init.o

    ----------------------------------------------------------------------
     13276       1638        604        248      13052     418534   Object Totals
         0          0         32          0          0          0   (incl. Generated)
        30          0          2          5          0          0   (incl. Padding)

    ----------------------------------------------------------------------

      Code (inc. data)   RO Data    RW Data    ZI Data      Debug   Library Member Name

         0          0          0          0          0          0   entry.o
         0          0          0          0          0          0   entry10a.o
         0          0          0          0          0          0   entry11a.o
         8          4          0          0          0          0   entry2.o
         4          0          0          0          0          0   entry5.o
         0          0          0          0          0          0   entry7b.o
         0          0          0          0          0          0   entry8b.o
         8          4          0          0          0          0   entry9a.o
        30          0          0          0          0          0   handlers.o
        36          8          0          0          0         68   init.o
         0          0          0          0          0          0   iusefp.o
        30          0          0          0          0         68   llshl.o
        36          0          0          0          0         68   llsshr.o
        32          0          0          0          0         68   llushr.o
      2258         90          0          0          0        452   printfa.o
         0          0          0          4          0          0   stdout.o
        44          0          0          0          0         80   uidiv.o
        98          0          0          0          0         92   uldiv.o
        48          0          0          0          0         68   cdrcmple.o
       334          0          0          0          0        148   dadd.o
       222          0          0          0          0        100   ddiv.o
       186          0          0          0          0        176   depilogue.o
        48          0          0          0          0         68   dfixul.o
       228          0          0          0          0         96   dmul.o
        38          0          0          0          0         68   f2d.o
       124          0          0          0          0         88   fdiv.o
       110          0          0          0          0        168   fepilogue.o
        50          0          0          0          0         68   ffixi.o
        18          0          0          0          0         68   fflti.o

    ----------------------------------------------------------------------
      3996        106          0          4          0       2012   Library Totals
         6          0          0          0          0          0   (incl. Padding)

    ----------------------------------------------------------------------

      Code (inc. data)   RO Data    RW Data    ZI Data      Debug   Library Name

      2584        106          0          4          0        896   mc_w.l
      1406          0          0          0          0       1116   mf_w.l

    ----------------------------------------------------------------------
      3996        106          0          4          0       2012   Library Totals

    ----------------------------------------------------------------------

==============================================================================


      Code (inc. data)   RO Data    RW Data    ZI Data      Debug   

     17272       1744        604        252      13052     410454   Grand Totals
     17272       1744        604        252      13052     410454   ELF Image Totals
     17272       1744        604        252          0          0   ROM Totals

==============================================================================

    Total RO  Size (Code + RO Data)                17876 (  17.46kB)
    Total RW  Size (RW Data + ZI Data)             13304 (  12.99kB)
    Total ROM Size (Code + RO Data + RW Data)      18128 (  17.70kB)

==============================================================================

